<html>
<body>
<pre>
<h1>礦ision Build Log</h1>
<h2>Tool Versions:</h2>
IDE-Version: μVision V5.13.0.0
Copyright (C) 2014 ARM Ltd and ARM Germany GmbH. All rights reserved.
License Information: Xiong Feng, Tongji University, LIC=Y2BVE-5SCUI-ULHCE-5T32V-J2CW7-JWLRA
 
Tool Versions:
Toolchain:       MDK-ARM Professional  Version: 5.13.0.0
Toolchain Path:  D:\Keil_v5\ARM\ARMCC\Bin
C Compiler:      Armcc.exe V5.05 update 1 (build 106)
Assembler:       Armasm.exe V5.05 update 1 (build 106)
Linker/Locator:  ArmLink.exe V5.05 update 1 (build 106)
Library Manager: ArmAr.exe V5.05 update 1 (build 106)
Hex Converter:   FromElf.exe V5.05 update 1 (build 106)
CPU DLL:         SARMCM3.DLL V5.13.0.0
Dialog DLL:      DCM.DLL V1.13.1.0
Target DLL:      STLink\ST-LINKIII-KEIL_SWO.dll V2.0.14.0_KEIL
Dialog DLL:      TCM.DLL V1.14.4.0
 
<h2>Project:</h2>
H:\robomaster\robomasterFunc\RMCProject\RMCProject.uvprojx
Project File Date:  06/03/2015

<h2>Output:</h2>
Build target 'RMPRoject'
compiling BatholithTimer.c...
compiling MotorEngine.c...
compiling RemoteController.c...
RM_Remoter\RemoteController.c(5): warning:  #550-D: variable "preMouseY" was set but never used
  static double preMouseY;
RM_Remoter\RemoteController.c(6): warning:  #550-D: variable "preMouseX" was set but never used
  static double preMouseX;
RM_Remoter\RemoteController.c: 2 warnings, 0 errors
compiling Encoder.c...
compiling app.c...
compiling can.c...
RM_Yuntai\can.c(16): warning:  #550-D: variable "prewanted_p" was set but never used
  static double prewanted_p=5500;//ps:5500 ss:4000
RM_Yuntai\can.c(18): warning:  #550-D: variable "prewanted_y" was set but never used
  static double prewanted_y=5000;
RM_Yuntai\can.c(30): warning:  #550-D: variable "pre_position_203" was set but never used
  static int pre_position_203;
RM_Yuntai\can.c: 3 warnings, 0 errors
compiling stepper.c...
compiling brushlessMotor.c...
compiling usart3.c...
RM_Yuntai\usart3.c(59): warning:  #177-D: variable "adjust_flag" was declared but never referenced
  static uint8_t adjust_flag = 1;
RM_Yuntai\usart3.c(66): warning:  #550-D: variable "moto_num" was set but never used
  static uint8_t moto_num;
RM_Yuntai\usart3.c(68): warning:  #177-D: variable "head" was declared but never referenced
  static uint8_t head=0x7e;
RM_Yuntai\usart3.c(70): warning:  #177-D: variable "special2" was declared but never referenced
  static uint8_t special2=0;
RM_Yuntai\usart3.c(71): warning:  #177-D: variable "change" was declared but never referenced
  static uint8_t change=0;
RM_Yuntai\usart3.c: 5 warnings, 0 errors
compiling stm32f4xx_flash.c...
compiling misc.c...
compiling stm32f4xx_adc.c...
compiling stm32f4xx_can.c...
compiling stm32f4xx_dac.c...
compiling stm32f4xx_dma.c...
compiling stm32f4xx_dma2d.c...
compiling stm32f4xx_exti.c...
compiling stm32f4xx_gpio.c...
compiling stm32f4xx_i2c.c...
compiling stm32f4xx_iwdg.c...
compiling stm32f4xx_rcc.c...
compiling stm32f4xx_rtc.c...
compiling stm32f4xx_syscfg.c...
compiling stm32f4xx_tim.c...
compiling stm32f4xx_usart.c...
compiling stm32f4xx_wwdg.c...
compiling stm32f4xx_pwr.c...
compiling system_stm32f4xx.c...
compiling main.c...
main.c(85): warning:  #111-D: statement is unreachable
  return 0;
main.c: 1 warning, 0 errors
compiling stm32f4xx_it.c...
compiling RMVariables.c...
assembling startup_stm32f429_439xx.s...
compiling RMflash.c...
compiling mpu6050_driver.c...
RM_Posture\mpu6050_driver.c(198): warning:  #1035-D: single-precision operand implicitly converted to double-precision
          MPU6050_Real_Data.Accel_X = -(float)(MPU6050_Raw_Data.Accel_X)/8192.0; //见datasheet 30 of 47
RM_Posture\mpu6050_driver.c(199): warning:  #1035-D: single-precision operand implicitly converted to double-precision
          MPU6050_Real_Data.Accel_Y = -(float)(MPU6050_Raw_Data.Accel_Y)/8192.0; //见datasheet 30 of 47
RM_Posture\mpu6050_driver.c(200): warning:  #1035-D: single-precision operand implicitly converted to double-precision
          MPU6050_Real_Data.Accel_Z = (float)(MPU6050_Raw_Data.Accel_Z)/8192.0; //见datasheet 30 of 47
RM_Posture\mpu6050_driver.c(201): warning:  #1035-D: single-precision operand implicitly converted to double-precision
          MPU6050_Real_Data.Temp =   (float)(MPU6050_Raw_Data.Temp)/340.0+36.53;//见datasheet 31 of 47
RM_Posture\mpu6050_driver.c(202): warning:  #1035-D: single-precision operand implicitly converted to double-precision
          MPU6050_Real_Data.Gyro_X = -(float)(MPU6050_Raw_Data.Gyro_X - gyroADC_X_offset)/65.5;     //见datasheet 32 of 47
RM_Posture\mpu6050_driver.c(203): warning:  #1035-D: single-precision operand implicitly converted to double-precision
          MPU6050_Real_Data.Gyro_Y = -(float)(MPU6050_Raw_Data.Gyro_Y - gyroADC_Y_offset)/65.5;     //见datasheet 32 of 47
RM_Posture\mpu6050_driver.c(204): warning:  #1035-D: single-precision operand implicitly converted to double-precision
          MPU6050_Real_Data.Gyro_Z = (float)(MPU6050_Raw_Data.Gyro_Z - gyroADC_Z_offset)/65.5;     //见datasheet 32 of 47
RM_Posture\mpu6050_driver.c(231): warning:  #1035-D: single-precision operand implicitly converted to double-precision
        x_temp=x_temp/1000.00;
RM_Posture\mpu6050_driver.c(232): warning:  #1035-D: single-precision operand implicitly converted to double-precision
        y_temp=y_temp/1000.00;  
RM_Posture\mpu6050_driver.c(233): warning:  #1035-D: single-precision operand implicitly converted to double-precision
        z_temp=z_temp/1000.00;
RM_Posture\mpu6050_driver.c(249): warning:  #1035-D: single-precision operand implicitly converted to double-precision
         yaw += (float)(MPU6050_Real_Data.Gyro_Z ) * TIME_INTV;
RM_Posture\mpu6050_driver.c(262): warning:  #1-D: last line of file ends without a newline
  }
RM_Posture\mpu6050_driver.c: 12 warnings, 0 errors
compiling mpu6050_i2c.c...
compiling mpu6050_interrupt.c...
compiling mpu6050_process.c...
RM_Posture\mpu6050_process.c(51): warning:  #1035-D: single-precision operand implicitly converted to double-precision
      Accel_Raw_Average_Data.X = (float)temp_accel_x / 10.0;
RM_Posture\mpu6050_process.c(52): warning:  #1035-D: single-precision operand implicitly converted to double-precision
      Accel_Raw_Average_Data.Y = (float)temp_accel_y / 10.0;
RM_Posture\mpu6050_process.c(53): warning:  #1035-D: single-precision operand implicitly converted to double-precision
      Accel_Raw_Average_Data.Z = (float)temp_accel_z / 10.0;
RM_Posture\mpu6050_process.c(91): warning:  #1035-D: single-precision operand implicitly converted to double-precision
      accel_x = accel_x *0.02 + pre_ax * 0.98;//cyq:0.02
RM_Posture\mpu6050_process.c(91): warning:  #1035-D: single-precision operand implicitly converted to double-precision
      accel_x = accel_x *0.02 + pre_ax * 0.98;//cyq:0.02
RM_Posture\mpu6050_process.c(94): warning:  #1035-D: single-precision operand implicitly converted to double-precision
      accel_y = accel_y *0.02 + pre_ay * 0.98;
RM_Posture\mpu6050_process.c(94): warning:  #1035-D: single-precision operand implicitly converted to double-precision
      accel_y = accel_y *0.02 + pre_ay * 0.98;
RM_Posture\mpu6050_process.c(97): warning:  #1035-D: single-precision operand implicitly converted to double-precision
      accel_z = accel_z *0.02 + pre_az * 0.98;
RM_Posture\mpu6050_process.c(97): warning:  #1035-D: single-precision operand implicitly converted to double-precision
      accel_z = accel_z *0.02 + pre_az * 0.98;
RM_Posture\mpu6050_process.c(134): warning:  #1035-D: single-precision operand implicitly converted to double-precision
      MPU6050_Angle.Yaw = atan2( 2 * q1 * q2 + 2 * q0 * q3,1.0 - 2.0 * ( q2 * q2 + q3 * q2 ) ) * (180.0/3.14159265);//不准
RM_Posture\mpu6050_process.c: 10 warnings, 0 errors
linking...
Program Size: Code=39204 RO-data=756 RW-data=528 ZI-data=1720  
"..\RMCProjectOutputFile\RMCProject.axf" - 0 Error(s), 33 Warning(s).

<h2>Collection of Component include folders:</h2>
  H:\robomaster\robomasterFunc\RMCProject\RTE
  D:\Keil_v5\ARM\PACK\Keil\STM32F4xx_DFP\2.3.0\Drivers\CMSIS\Device\ST\STM32F4xx\Include

<h2>Collection of Component Files used:</h2>
</pre>
</body>
</html>
