<html>
<body>
<pre>
<h1>µVision Build Log</h1>
<h2>Tool Versions:</h2>
IDE-Version: ¦ÌVision V5.13.0.0
Copyright (C) 2014 ARM Ltd and ARM Germany GmbH. All rights reserved.
License Information: Xiong Feng, Tongji University, LIC=Y2BVE-5SCUI-ULHCE-5T32V-J2CW7-JWLRA
 
Tool Versions:
Toolchain:       MDK-ARM Professional  Version: 5.13.0.0
Toolchain Path:  D:\Keil_v5\ARM\ARMCC\Bin
C Compiler:      Armcc.exe V5.05 update 1 (build 106)
Assembler:       Armasm.exe V5.05 update 1 (build 106)
Linker/Locator:  ArmLink.exe V5.05 update 1 (build 106)
Library Manager: ArmAr.exe V5.05 update 1 (build 106)
Hex Converter:   FromElf.exe V5.05 update 1 (build 106)
CPU DLL:         SARMCM3.DLL V5.13.0.0
Dialog DLL:      DCM.DLL V1.13.1.0
Target DLL:      STLink\ST-LINKIII-KEIL_SWO.dll V2.0.14.0_KEIL
Dialog DLL:      TCM.DLL V1.14.4.0
 
<h2>Project:</h2>
H:\robomaster\robomasterFunc\RMCProject\RMCProject.uvprojx
Project File Date:  05/24/2015

<h2>Output:</h2>
Build target 'RMPRoject'
compiling BatholithTimer.c...
RM_Motor\BatholithTimer.h(10): warning:  #1295-D: Deprecated declaration getDeadTime - give arg types
  uint8_t getDeadTime();
RM_Motor\BatholithTimer.c: 1 warning, 0 errors
compiling main.c...
.\RM_Motor\BatholithTimer.h(10): warning:  #1295-D: Deprecated declaration getDeadTime - give arg types
  uint8_t getDeadTime();
main.c(67): warning:  #111-D: statement is unreachable
  return 0;
main.c(8): warning:  #177-D: variable "i" was declared but never referenced
  int i=0;
main.c: 3 warnings, 0 errors
linking...
Program Size: Code=37460 RO-data=756 RW-data=420 ZI-data=1812  
".\Objects\RMCProject.axf" - 0 Error(s), 4 Warning(s).

<h2>Collection of Component include folders:</h2>
  H:\robomaster\robomasterFunc\RMCProject\RTE
  D:\Keil_v5\ARM\PACK\Keil\STM32F4xx_DFP\2.3.0\Drivers\CMSIS\Device\ST\STM32F4xx\Include

<h2>Collection of Component Files used:</h2>
</pre>
</body>
</html>
