Component: ARM Compiler 5.05 update 1 (build 106) Tool: armlink [4d0efa]

==============================================================================

Section Cross References

    batholithtimer.o(.text) refers to stm32f4xx_rcc.o(.text) for RCC_APB2PeriphClockCmd
    batholithtimer.o(.text) refers to stm32f4xx_gpio.o(.text) for GPIO_Init
    batholithtimer.o(.text) refers to stm32f4xx_tim.o(.text) for TIM_DeInit
    batholithtimer.o(.text) refers to dflti.o(.text) for __aeabi_i2d
    batholithtimer.o(.text) refers to dadd.o(.text) for __aeabi_drsub
    batholithtimer.o(.text) refers to dfixui.o(.text) for __aeabi_d2uiz
    batholithtimer.o(.text) refers to batholithtimer.o(.data) for deadTime
    batholithtimer.o(.text) refers to system_stm32f4xx.o(.data) for SystemCoreClock
    batholithtimer.o(.text) refers to rmvariables.o(.bss) for me
    motorengine.o(.text) refers to tan.o(i.__hardfp_tan) for __hardfp_tan
    motorengine.o(.text) refers to dmul.o(.text) for __aeabi_dmul
    motorengine.o(.text) refers to dadd.o(.text) for __aeabi_dadd
    motorengine.o(.text) refers to ddiv.o(.text) for __aeabi_ddiv
    motorengine.o(.text) refers to remotecontroller.o(.text) for getWvelocity
    motorengine.o(.text) refers to rmvariables.o(.bss) for me
    motorengine.o(.text) refers to motorengine.o(.data) for xRatio
    motorengine.o(.text) refers to motorengine.o(.bss) for preR1
    motorengine.o(.text) refers to cdcmple.o(.text) for __aeabi_cdcmple
    motorengine.o(.text) refers to cdrcmple.o(.text) for __aeabi_cdrcmple
    motorengine.o(.text) refers to batholithtimer.o(.text) for batholithResetPwm
    remotecontroller.o(.text) refers to stm32f4xx_rcc.o(.text) for RCC_AHB1PeriphClockCmd
    remotecontroller.o(.text) refers to stm32f4xx_gpio.o(.text) for GPIO_Init
    remotecontroller.o(.text) refers to stm32f4xx_usart.o(.text) for USART_DeInit
    remotecontroller.o(.text) refers to stm32f4xx_dma.o(.text) for DMA_DeInit
    remotecontroller.o(.text) refers to dflti.o(.text) for __aeabi_i2d
    remotecontroller.o(.text) refers to sqrtf.o(i.__hardfp_sqrtf) for __hardfp_sqrtf
    remotecontroller.o(.text) refers to f2d.o(.text) for __aeabi_f2d
    remotecontroller.o(.text) refers to ddiv.o(.text) for __aeabi_ddiv
    remotecontroller.o(.text) refers to dmul.o(.text) for __aeabi_dmul
    remotecontroller.o(.text) refers to remotecontroller.o(.bss) for sbus_rx_buffer
    remotecontroller.o(.text) refers to rmvariables.o(.bss) for RC_Ctl
    remotecontroller.o(.text) refers to remotecontroller.o(.data) for preKey
    remotecontroller.o(.text) refers to rmvariables.o(.data) for setXSpeed
    remotecontroller.o(.text) refers to dadd.o(.text) for __aeabi_dadd
    remotecontroller.o(.text) refers to dfltui.o(.text) for __aeabi_ui2d
    remotecontroller.o(.text) refers to cdcmple.o(.text) for __aeabi_cdcmple
    remotecontroller.o(.text) refers to can.o(.text) for setIsAutoTargetMode
    remotecontroller.o(.text) refers to printfa.o(i.__0printf) for __2printf
    remotecontroller.o(.text) refers to stm32f4xx_flash_1.o(.text) for FLASH_Unlock
    remotecontroller.o(.text) refers to rmflash.o(.text) for storeUserKeys
    encoder.o(.text) refers to stm32f4xx_rcc.o(.text) for RCC_AHB1PeriphClockCmd
    encoder.o(.text) refers to stm32f4xx_gpio.o(.text) for GPIO_Init
    encoder.o(.text) refers to stm32f4xx_tim.o(.text) for TIM_DeInit
    encoder.o(.text) refers to rmvariables.o(.data) for encoder_cnt
    app.o(.text) refers to stm32f4xx_flash_1.o(.text) for FLASH_Unlock
    app.o(.text) refers to rmflash.o(.text) for storeYunTaiParameters
    app.o(.text) refers to usart3.o(.text) for USART3_SendChar
    app.o(.text) refers to stm32f4xx_can.o(.text) for CAN_Transmit
    app.o(.text) refers to cdrcmple.o(.text) for __aeabi_cdrcmple
    app.o(.text) refers to cdcmple.o(.text) for __aeabi_cdcmple
    app.o(.text) refers to dadd.o(.text) for __aeabi_drsub
    app.o(.text) refers to dmul.o(.text) for __aeabi_dmul
    app.o(.text) refers to app.o(.data) for lp_p
    app.o(.text) refers to app.o(.bss) for error_v
    app.o(.text) refers to ddiv.o(.text) for __aeabi_ddiv
    app.o(.text) refers to dflti.o(.text) for __aeabi_i2d
    can.o(.text) refers to printfa.o(i.__0printf) for __2printf
    can.o(.text) refers to dfltui.o(.text) for __aeabi_ui2d
    can.o(.text) refers to stm32f4xx_rcc.o(.text) for RCC_AHB1PeriphClockCmd
    can.o(.text) refers to stm32f4xx_gpio.o(.text) for GPIO_Init
    can.o(.text) refers to stm32f4xx_can.o(.text) for CAN_DeInit
    can.o(.text) refers to misc.o(.text) for NVIC_Init
    can.o(.text) refers to cdrcmple.o(.text) for __aeabi_cdrcmple
    can.o(.text) refers to cdcmple.o(.text) for __aeabi_cdcmple
    can.o(.text) refers to dflti.o(.text) for __aeabi_i2d
    can.o(.text) refers to app.o(.text) for Position_Control_203
    can.o(.text) refers to dfixi.o(.text) for __aeabi_d2iz
    can.o(.text) refers to can.o(.data) for current_position_203
    can.o(.text) refers to can.o(.bss) for rx_message
[...]
    .text                                    0x08008018   Section        0  dflti.o(.text)
    .text                                    0x0800803a   Section        0  dfltui.o(.text)
    .text                                    0x08008054   Section        0  dfixi.o(.text)
    .text                                    0x08008092   Section        0  dfixui.o(.text)
    .text                                    0x080080c4   Section        0  f2d.o(.text)
    .text                                    0x080080ec   Section       48  cdcmple.o(.text)
    .text                                    0x0800811c   Section       48  cdrcmple.o(.text)
    .text                                    0x0800814c   Section        0  d2f.o(.text)
    .text                                    0x08008184   Section        0  uidiv.o(.text)
    .text                                    0x080081b0   Section        0  uldiv.o(.text)
    .text                                    0x08008212   Section        0  llshl.o(.text)
    .text                                    0x08008230   Section        0  llushr.o(.text)
    .text                                    0x08008250   Section        0  llsshr.o(.text)
    .text                                    0x08008274   Section        0  fepilogue.o(.text)
    .text                                    0x08008274   Section        0  iusefp.o(.text)
    .text                                    0x080082e2   Section        0  depilogue.o(.text)
    .text                                    0x0800839c   Section        0  dfixul.o(.text)
    .text                                    0x080083cc   Section       36  init.o(.text)
    .text                                    0x080083f0   Section        0  __dczerorl2.o(.text)
    i.__0printf                              0x08008448   Section        0  printfa.o(i.__0printf)
    i.__ARM_fpclassify                       0x08008468   Section        0  fpclassify.o(i.__ARM_fpclassify)
    i.__hardfp_sqrtf                         0x08008498   Section        0  sqrtf.o(i.__hardfp_sqrtf)
    i.__hardfp_tan                           0x080084d8   Section        0  tan.o(i.__hardfp_tan)
    i.__ieee754_rem_pio2                     0x08008558   Section        0  rred.o(i.__ieee754_rem_pio2)
    i.__kernel_poly                          0x08008990   Section        0  poly.o(i.__kernel_poly)
    i.__kernel_tan                           0x08008a88   Section        0  tan_i.o(i.__kernel_tan)
    i.__mathlib_dbl_infnan                   0x08008dd8   Section        0  dunder.o(i.__mathlib_dbl_infnan)
    i.__mathlib_dbl_invalid                  0x08008df0   Section        0  dunder.o(i.__mathlib_dbl_invalid)
    i.__mathlib_dbl_underflow                0x08008e10   Section        0  dunder.o(i.__mathlib_dbl_underflow)
    i.__scatterload_copy                     0x08008e30   Section       14  handlers.o(i.__scatterload_copy)
    i.__scatterload_null                     0x08008e3e   Section        2  handlers.o(i.__scatterload_null)
    i.__scatterload_zeroinit                 0x08008e40   Section       14  handlers.o(i.__scatterload_zeroinit)
    i.__set_errno                            0x08008e50   Section        0  errno.o(i.__set_errno)
    i._fp_digits                             0x08008e5c   Section        0  printfa.o(i._fp_digits)
    _fp_digits                               0x08008e5d   Thumb Code   334  printfa.o(i._fp_digits)
    i._printf_core                           0x08008fc0   Section        0  printfa.o(i._printf_core)
    _printf_core                             0x08008fc1   Thumb Code  1744  printfa.o(i._printf_core)
    i._printf_post_padding                   0x0800969c   Section        0  printfa.o(i._printf_post_padding)
    _printf_post_padding                     0x0800969d   Thumb Code    36  printfa.o(i._printf_post_padding)
    i._printf_pre_padding                    0x080096c0   Section        0  printfa.o(i._printf_pre_padding)
    _printf_pre_padding                      0x080096c1   Thumb Code    46  printfa.o(i._printf_pre_padding)
    i.fabs                                   0x080096ee   Section        0  fabs.o(i.fabs)
    .constdata                               0x08009708   Section      200  rred.o(.constdata)
    pio2s                                    0x08009708   Data          48  rred.o(.constdata)
    twooverpi                                0x08009738   Data         152  rred.o(.constdata)
    .constdata                               0x080097d0   Section       96  tan_i.o(.constdata)
    Todd                                     0x080097d0   Data          48  tan_i.o(.constdata)
    Teven                                    0x08009800   Data          48  tan_i.o(.constdata)
    .data                                    0x20000000   Section       20  batholithtimer.o(.data)
    deadTime                                 0x20000000   Data           1  batholithtimer.o(.data)
    piancha1                                 0x20000004   Data           4  batholithtimer.o(.data)
    piancha2                                 0x20000008   Data           4  batholithtimer.o(.data)
    piancha3                                 0x2000000c   Data           4  batholithtimer.o(.data)
    piancha4                                 0x20000010   Data           4  batholithtimer.o(.data)
    .data                                    0x20000018   Section       24  motorengine.o(.data)
    xRatio                                   0x20000018   Data           8  motorengine.o(.data)
    yRatio                                   0x20000020   Data           8  motorengine.o(.data)
    wRatio                                   0x20000028   Data           8  motorengine.o(.data)
    .data                                    0x20000030   Section       24  remotecontroller.o(.data)
    preKey                                   0x20000030   Data           2  remotecontroller.o(.data)
    isfbSpeedUp                              0x20000032   Data           1  remotecontroller.o(.data)
    islrSpeedUp                              0x20000033   Data           1  remotecontroller.o(.data)
    fbSpeedRatio                             0x20000038   Data           8  remotecontroller.o(.data)
    lrSpeedRatio                             0x20000040   Data           8  remotecontroller.o(.data)
    .data                                    0x20000048   Section      136  app.o(.data)
    lp_p                                     0x20000048   Data           8  app.o(.data)
    lp_i                                     0x20000050   Data           8  app.o(.data)
    lp_d                                     0x20000058   Data           8  app.o(.data)
    ly_p                                     0x20000060   Data           8  app.o(.data)
    ly_i                                     0x20000068   Data           8  app.o(.data)
    ly_d                                     0x20000070   Data           8  app.o(.data)
    lf_p                                     0x20000078   Data           8  app.o(.data)
    lf_d                                     0x20000080   Data           8  app.o(.data)
    lf_i                                     0x20000088   Data           8  app.o(.data)
    outputCount                              0x20000090   Data           4  app.o(.data)
    output                                   0x20000098   Data           8  app.o(.data)
    output                                   0x200000a0   Data           8  app.o(.data)
    inte                                     0x200000a8   Data           8  app.o(.data)
    output                                   0x200000b0   Data           8  app.o(.data)
    output                                   0x200000b8   Data           8  app.o(.data)
    output                                   0x200000c0   Data           8  app.o(.data)
    output                                   0x200000c8   Data           8  app.o(.data)
    .data                                    0x200000d0   Section       76  can.o(.data)
    wanted_p                                 0x200000d0   Data           8  can.o(.data)
    prewanted_p                              0x200000d8   Data           8  can.o(.data)
    wanted_y                                 0x200000e0   Data           8  can.o(.data)
    prewanted_y                              0x200000e8   Data           8  can.o(.data)
    canItTimes                               0x200000f0   Data           2  can.o(.data)
    target_p                                 0x200000f8   Data           8  can.o(.data)
    target_y                                 0x20000100   Data           8  can.o(.data)
    isAutoTargetMode                         0x20000108   Data           1  can.o(.data)
    isYawTargeted                            0x20000109   Data           1  can.o(.data)
    isPitchTargeted                          0x2000010a   Data           1  can.o(.data)
    pre_position_203                         0x20000110   Data           4  can.o(.data)
    current_position_203                     0x20000114   Data           4  can.o(.data)
    .data                                    0x2000011c   Section        8  stepper.o(.data)
    .data                                    0x20000124   Section       20  usart3.o(.data)
    Yaw_adjust                               0x20000126   Data           2  usart3.o(.data)
    Pitch_adjust                             0x20000128   Data           2  usart3.o(.data)
    adjust_flag                              0x2000012a   Data           1  usart3.o(.data)
    DebugCnt                                 0x2000012b   Data           1  usart3.o(.data)
    kp                                       0x2000012c   Data           2  usart3.o(.data)
    ki                                       0x2000012e   Data           2  usart3.o(.data)
    kd                                       0x20000130   Data           2  usart3.o(.data)
    moto_num                                 0x20000132   Data           1  usart3.o(.data)
    isReceived                               0x20000133   Data           1  usart3.o(.data)
    head                                     0x20000134   Data           1  usart3.o(.data)
    special1                                 0x20000135   Data           1  usart3.o(.data)
    special2                                 0x20000136   Data           1  usart3.o(.data)
    change                                   0x20000137   Data           1  usart3.o(.data)
    .data                                    0x20000138   Section       16  stm32f4xx_rcc.o(.data)
    APBAHBPrescTable                         0x20000138   Data          16  stm32f4xx_rcc.o(.data)
    .data                                    0x20000148   Section       20  system_stm32f4xx.o(.data)
    .data                                    0x2000015c   Section        3  stm32f4xx_it.o(.data)
    itTimes                                  0x2000015c   Data           1  stm32f4xx_it.o(.data)
    shootCount                               0x2000015d   Data           1  stm32f4xx_it.o(.data)
    brushStart                               0x2000015e   Data           1  stm32f4xx_it.o(.data)
    .data                                    0x20000160   Section       56  rmvariables.o(.data)
    .data                                    0x20000198   Section       12  mpu6050_driver.o(.data)
    .data                                    0x200001a4   Section        4  stdout.o(.data)
    .data                                    0x200001a8   Section        4  errno.o(.data)
    _errno                                   0x200001a8   Data           4  errno.o(.data)
    .bss                                     0x200001b0   Section      160  motorengine.o(.bss)
    preR1                                    0x200001b0   Data          40  motorengine.o(.bss)
    preR2                                    0x200001d8   Data          40  motorengine.o(.bss)
    preR3                                    0x20000200   Data          40  motorengine.o(.bss)
    preR4                                    0x20000228   Data          40  motorengine.o(.bss)
    .bss                                     0x20000250   Section       40  remotecontroller.o(.bss)
    sbus_rx_buffer                           0x20000250   Data          18  remotecontroller.o(.bss)
    preMouseY                                0x20000268   Data          16  remotecontroller.o(.bss)
    .bss                                     0x20000278   Section      120  app.o(.bss)
    error_v                                  0x20000278   Data          16  app.o(.bss)
    error_l                                  0x20000288   Data          16  app.o(.bss)
    error_v                                  0x20000298   Data          16  app.o(.bss)
    error_l                                  0x200002a8   Data          24  app.o(.bss)
    error_c                                  0x200002c0   Data          24  app.o(.bss)
    error_l                                  0x200002d8   Data          24  app.o(.bss)
    .bss                                     0x200002f0   Section       20  can.o(.bss)
    rx_message                               0x200002f0   Data          20  can.o(.bss)
    .bss                                     0x20000304   Section       20  usart3.o(.bss)
    DebugBuf                                 0x2000030e   Data          10  usart3.o(.bss)
    .bss                                     0x20000318   Section      454  rmvariables.o(.bss)
    STACK                                    0x200004e0   Section     1024  startup_stm32f429_439xx.o(STACK)

    Global Symbols

    Symbol Name                              Value     Ov Type        Size  Object(Section)

    BuildAttributes$$THM_ISAv4$E$P$D$K$B$S$7EM$VFPi3$EXTD16$VFPS$VFMA$PE$A:L22UL41UL21$X:L11$S22US41US21$IEEE1$IW$USESV6$~STKCKD$USESV7$~SHL$OTIME$ROPI$IEEEX$EBA8$MICROLIB$REQ8$PRES8$EABIv2 0x00000000   Number         0  anon$$obj.o ABSOLUTE
    __ARM_use_no_argv                        0x00000000   Number         0  main.o ABSOLUTE
    _printf_a                                0x00000000   Number         0  stubs.o ABSOLUTE
    _printf_c                                0x00000000   Number         0  stubs.o ABSOLUTE
    _printf_charcount                        0x00000000   Number         0  stubs.o ABSOLUTE
    _printf_d                                0x00000000   Number         0  stubs.o ABSOLUTE
    _printf_e                                0x00000000   Number         0  stubs.o ABSOLUTE
    _printf_f                                0x00000000   Number         0  stubs.o ABSOLUTE
    _printf_flags                            0x00000000   Number         0  stubs.o ABSOLUTE
    _printf_fp_dec                           0x00000000   Number         0  stubs.o ABSOLUTE
    _printf_fp_hex                           0x00000000   Number         0  stubs.o ABSOLUTE
    _printf_g                                0x00000000   Number         0  stubs.o ABSOLUTE
    _printf_i                                0x00000000   Number         0  stubs.o ABSOLUTE
    _printf_int_dec                          0x00000000   Number         0  stubs.o ABSOLUTE
    _printf_l                                0x00000000   Number         0  stubs.o ABSOLUTE
    _printf_lc                               0x00000000   Number         0  stubs.o ABSOLUTE
    _printf_ll                               0x00000000   Number         0  stubs.o ABSOLUTE
    _printf_lld                              0x00000000   Number         0  stubs.o ABSOLUTE
    _printf_lli                              0x00000000   Number         0  stubs.o ABSOLUTE
    _printf_llo                              0x00000000   Number         0  stubs.o ABSOLUTE
    _printf_llu                              0x00000000   Number         0  stubs.o ABSOLUTE
    _printf_llx                              0x00000000   Number         0  stubs.o ABSOLUTE
    _printf_longlong_dec                     0x00000000   Number         0  stubs.o ABSOLUTE
    _printf_longlong_hex                     0x00000000   Number         0  stubs.o ABSOLUTE
    _printf_longlong_oct                     0x00000000   Number         0  stubs.o ABSOLUTE
    _printf_ls                               0x00000000   Number         0  stubs.o ABSOLUTE
    _printf_mbtowc                           0x00000000   Number         0  stubs.o ABSOLUTE
    _printf_n                                0x00000000   Number         0  stubs.o ABSOLUTE
    _printf_o                                0x00000000   Number         0  stubs.o ABSOLUTE
    _printf_p                                0x00000000   Number         0  stubs.o ABSOLUTE
    _printf_percent                          0x00000000   Number         0  stubs.o ABSOLUTE
    _printf_pre_padding                      0x00000000   Number         0  stubs.o ABSOLUTE
    _printf_return_value                     0x00000000   Number         0  stubs.o ABSOLUTE
    _printf_s                                0x00000000   Number         0  stubs.o ABSOLUTE
    _printf_sizespec                         0x00000000   Number         0  stubs.o ABSOLUTE
    _printf_str                              0x00000000   Number         0  stubs.o ABSOLUTE
    _printf_truncate_signed                  0x00000000   Number         0  stubs.o ABSOLUTE
    _printf_truncate_unsigned                0x00000000   Number         0  stubs.o ABSOLUTE
    _printf_u                                0x00000000   Number         0  stubs.o ABSOLUTE
    _printf_wc                               0x00000000   Number         0  stubs.o ABSOLUTE
    _printf_wctomb                           0x00000000   Number         0  stubs.o ABSOLUTE
    _printf_widthprec                        0x00000000   Number         0  stubs.o ABSOLUTE
    _printf_x                                0x00000000   Number         0  stubs.o ABSOLUTE
    __cpp_initialize__aeabi_                  - Undefined Weak Reference
    __cxa_finalize                            - Undefined Weak Reference
    _clock_init                               - Undefined Weak Reference
    _microlib_exit                            - Undefined Weak Reference
    __Vectors_Size                           0x000001ac   Number         0  startup_stm32f429_439xx.o ABSOLUTE
    __Vectors                                0x08000000   Data           4  startup_stm32f429_439xx.o(RESET)
    __Vectors_End                            0x080001ac   Data           0  startup_stm32f429_439xx.o(RESET)
    __main                                   0x080001ad   Thumb Code     0  entry.o(.ARM.Collect$$$$00000000)
    _main_stk                                0x080001ad   Thumb Code     0  entry2.o(.ARM.Collect$$$$00000001)
    _main_scatterload                        0x080001b1   Thumb Code     0  entry5.o(.ARM.Collect$$$$00000004)
    __main_after_scatterload                 0x080001b5   Thumb Code     0  entry5.o(.ARM.Collect$$$$00000004)
    _main_clock                              0x080001b5   Thumb Code     0  entry7b.o(.ARM.Collect$$$$00000008)
    _main_cpp_init                           0x080001b5   Thumb Code     0  entry8b.o(.ARM.Collect$$$$0000000A)
    _main_init                               0x080001b5   Thumb Code     0  entry9a.o(.ARM.Collect$$$$0000000B)
    __rt_final_cpp                           0x080001bd   Thumb Code     0  entry10a.o(.ARM.Collect$$$$0000000D)
    __rt_final_exit                          0x080001bd   Thumb Code     0  entry11a.o(.ARM.Collect$$$$0000000F)
    getDeadTime                              0x080001c1   Thumb Code     6  batholithtimer.o(.text)
    setDeadTime                              0x080001c7   Thumb Code     6  batholithtimer.o(.text)
    RmBatholicTIM8_Config                    0x080001cd   Thumb Code   336  batholithtimer.o(.text)
    RmBatholicTIM1_Config                    0x0800031d   Thumb Code   292  batholithtimer.o(.text)
    RmBatholicTIM_PWM_Config                 0x08000441   Thumb Code    12  batholithtimer.o(.text)
    batholithSetPwm                          0x0800044d   Thumb Code   236  batholithtimer.o(.text)
    batholithResetPwm                        0x08000539   Thumb Code    60  batholithtimer.o(.text)
    setPiancha1                              0x08000575   Thumb Code     6  batholithtimer.o(.text)
    setPiancha2                              0x0800057b   Thumb Code     6  batholithtimer.o(.text)
    setPiancha3                              0x08000581   Thumb Code     6  batholithtimer.o(.text)
    setPiancha4                              0x08000587   Thumb Code     6  batholithtimer.o(.text)
    MotorEngine_Config                       0x080005c1   Thumb Code   354  motorengine.o(.text)
    CalcRotations                            0x08000723   Thumb Code  1776  motorengine.o(.text)
    PIDAlgorithm4                            0x08000e13   Thumb Code   272  motorengine.o(.text)
    PIDAlgorithm3                            0x08000f23   Thumb Code   218  motorengine.o(.text)
    PIDAlgorithm2                            0x08000ffd   Thumb Code   218  motorengine.o(.text)
    PIDAlgorithm1                            0x080010d7   Thumb Code   218  motorengine.o(.text)
    PIDAlgorithm                             0x080011b1   Thumb Code   842  motorengine.o(.text)
    RC_Init                                  0x08001519   Thumb Code   274  remotecontroller.o(.text)
    RC_Receive                               0x0800162b   Thumb Code   554  remotecontroller.o(.text)
    RC_Convert                               0x08001855   Thumb Code  1014  remotecontroller.o(.text)
    getYvelocity                             0x08001c4b   Thumb Code     8  remotecontroller.o(.text)
    getXvelocity                             0x08001c53   Thumb Code     8  remotecontroller.o(.text)
    getWvelocity                             0x08001c5b   Thumb Code     8  remotecontroller.o(.text)
    getBMPWM                                 0x08001c63   Thumb Code     6  remotecontroller.o(.text)
    isStepperMoving                          0x08001c69   Thumb Code     8  remotecontroller.o(.text)
    getMouse                                 0x08001c71   Thumb Code    20  remotecontroller.o(.text)
    getYunTaiDeltaPositionYaw                0x08001c85   Thumb Code    56  remotecontroller.o(.text)
    getYunTaiDeltaPositionPitch              0x08001cbd   Thumb Code   132  remotecontroller.o(.text)
    isYunTaiYawMoving                        0x08001d41   Thumb Code   184  remotecontroller.o(.text)
    isAutoTarget                             0x08001df9   Thumb Code    14  remotecontroller.o(.text)
    storeCurrentKeySettings                  0x08001e07   Thumb Code   154  remotecontroller.o(.text)
    loadKeySettings                          0x08001ea1   Thumb Code    74  remotecontroller.o(.text)
    Encoder_TIM5_Init                        0x08001ef9   Thumb Code   136  encoder.o(.text)
    Encoder_TIM4_Init                        0x08001f81   Thumb Code   108  encoder.o(.text)
    Encoder_TIM3_Init                        0x08001fed   Thumb Code   106  encoder.o(.text)
    Encoder_TIM2_Init                        0x08002057   Thumb Code   120  encoder.o(.text)
    Encoder_Init                             0x080020cf   Thumb Code    20  encoder.o(.text)
    Encoder_Reset                            0x080020e3   Thumb Code     8  encoder.o(.text)
    Encoder_Count                            0x080020eb   Thumb Code    12  encoder.o(.text)
    Encoder_Get                              0x080020f7   Thumb Code    80  encoder.o(.text)
    Encoder_TIM1_Init                        0x08002147   Thumb Code   108  encoder.o(.text)
    Encoder_Start                            0x080021b3   Thumb Code     4  encoder.o(.text)
    setPitchPositionParameters               0x080021dd   Thumb Code    20  app.o(.text)
    setYawPositionParameters                 0x080021f1   Thumb Code    20  app.o(.text)
    storeCurrentYuntaiParameters             0x08002205   Thumb Code   166  app.o(.text)
    loadYuntaiParameters                     0x080022ab   Thumb Code    62  app.o(.text)
    outputData                               0x080022e9   Thumb Code   146  app.o(.text)
    Cmd_ESC                                  0x0800237b   Thumb Code    84  app.o(.text)
    Velocity_Control_201                     0x080023cf   Thumb Code   332  app.o(.text)
    Position_Control_201                     0x0800251b   Thumb Code   408  app.o(.text)
    Velocity_Control_203                     0x080026b3   Thumb Code   332  app.o(.text)
    Position_Control_203                     0x080027ff   Thumb Code   432  app.o(.text)
    Current_Control_203                      0x080029af   Thumb Code   502  app.o(.text)
    followControl                            0x08002ba5   Thumb Code   404  app.o(.text)
    printCurrentPosition                     0x08002d75   Thumb Code    14  can.o(.text)
    setWanted_pWanted_y                      0x08002d83   Thumb Code    28  can.o(.text)
    CAN1_Mode_Init                           0x08002d9f   Thumb Code   278  can.o(.text)
    CAN1_RX0_IRQHandler                      0x08002eb5   Thumb Code  1228  can.o(.text)
    CAN1_Receive_Msg                         0x08003381   Thumb Code    60  can.o(.text)
    setIsAutoTargetMode                      0x080033bd   Thumb Code     6  can.o(.text)
    setYunTaiPosition                        0x080033c3   Thumb Code    72  can.o(.text)
    setIsYawTargeted                         0x0800340b   Thumb Code     6  can.o(.text)
    setIsPitchTargeted                       0x08003411   Thumb Code     6  can.o(.text)
    Stepper_Init                             0x0800345d   Thumb Code    42  stepper.o(.text)
    Stepper_Write                            0x08003487   Thumb Code    18  stepper.o(.text)
    Stepper_Ctrl                             0x08003499   Thumb Code    16  stepper.o(.text)
    BMotor_Init                              0x080034b1   Thumb Code   220  brushlessmotor.o(.text)
    BMotor_PWM                               0x0800358d   Thumb Code   202  brushlessmotor.o(.text)
    USART3_Configuration                     0x0800367d   Thumb Code   168  usart3.o(.text)
    USART3_SendChar                          0x08003725   Thumb Code    28  usart3.o(.text)
    USART3_IRQHandler                        0x08003741   Thumb Code   284  usart3.o(.text)
    resetIsReceive                           0x0800385d   Thumb Code     8  usart3.o(.text)
    getIsReceive                             0x08003865   Thumb Code     6  usart3.o(.text)
    setMotoParameter                         0x0800386b   Thumb Code   196  usart3.o(.text)
    getYunTaiAdjustYaw                       0x0800392f   Thumb Code     8  usart3.o(.text)
    getYunTaiAdjustPitch                     0x08003937   Thumb Code     8  usart3.o(.text)
    fputc                                    0x0800393f   Thumb Code    32  usart3.o(.text)
    RS232_VisualScope                        0x08003999   Thumb Code    70  usart3.o(.text)
    FLASH_SetLatency                         0x08003a19   Thumb Code     6  stm32f4xx_flash_1.o(.text)
    FLASH_PrefetchBufferCmd                  0x08003a1f   Thumb Code    30  stm32f4xx_flash_1.o(.text)
    FLASH_InstructionCacheCmd                0x08003a3d   Thumb Code    30  stm32f4xx_flash_1.o(.text)
    FLASH_DataCacheCmd                       0x08003a5b   Thumb Code    30  stm32f4xx_flash_1.o(.text)
    FLASH_InstructionCacheReset              0x08003a79   Thumb Code    14  stm32f4xx_flash_1.o(.text)
    FLASH_DataCacheReset                     0x08003a87   Thumb Code    14  stm32f4xx_flash_1.o(.text)
    FLASH_Unlock                             0x08003a95   Thumb Code    26  stm32f4xx_flash_1.o(.text)
    FLASH_Lock                               0x08003aaf   Thumb Code    18  stm32f4xx_flash_1.o(.text)
    FLASH_GetStatus                          0x08003ac1   Thumb Code    90  stm32f4xx_flash_1.o(.text)
    FLASH_WaitForLastOperation               0x08003b1b   Thumb Code    34  stm32f4xx_flash_1.o(.text)
    FLASH_EraseSector                        0x08003b3d   Thumb Code   140  stm32f4xx_flash_1.o(.text)
    FLASH_EraseAllSectors                    0x08003bc9   Thumb Code   118  stm32f4xx_flash_1.o(.text)
    FLASH_EraseAllBank1Sectors               0x08003c3f   Thumb Code   112  stm32f4xx_flash_1.o(.text)
    FLASH_EraseAllBank2Sectors               0x08003caf   Thumb Code   112  stm32f4xx_flash_1.o(.text)
    FLASH_ProgramDoubleWord                  0x08003d1f   Thumb Code    86  stm32f4xx_flash_1.o(.text)
    FLASH_ProgramWord                        0x08003d75   Thumb Code    82  stm32f4xx_flash_1.o(.text)
    FLASH_ProgramHalfWord                    0x08003dc7   Thumb Code    96  stm32f4xx_flash_1.o(.text)
    FLASH_ProgramByte                        0x08003e27   Thumb Code    70  stm32f4xx_flash_1.o(.text)
    FLASH_OB_Unlock                          0x08003e6d   Thumb Code    26  stm32f4xx_flash_1.o(.text)
    FLASH_OB_Lock                            0x08003e87   Thumb Code    18  stm32f4xx_flash_1.o(.text)
    FLASH_OB_WRPConfig                       0x08003e99   Thumb Code    54  stm32f4xx_flash_1.o(.text)
    FLASH_OB_WRP1Config                      0x08003ecf   Thumb Code    54  stm32f4xx_flash_1.o(.text)
    FLASH_OB_PCROPSelectionConfig            0x08003f05   Thumb Code    24  stm32f4xx_flash_1.o(.text)
    FLASH_OB_PCROPConfig                     0x08003f1d   Thumb Code    54  stm32f4xx_flash_1.o(.text)
    FLASH_OB_PCROP1Config                    0x08003f53   Thumb Code    54  stm32f4xx_flash_1.o(.text)
    FLASH_OB_RDPConfig                       0x08003f89   Thumb Code    24  stm32f4xx_flash_1.o(.text)
    FLASH_OB_UserConfig                      0x08003fa1   Thumb Code    46  stm32f4xx_flash_1.o(.text)
    FLASH_OB_BootConfig                      0x08003fcf   Thumb Code    26  stm32f4xx_flash_1.o(.text)
    FLASH_OB_BORConfig                       0x08003fe9   Thumb Code    26  stm32f4xx_flash_1.o(.text)
    FLASH_OB_Launch                          0x08004003   Thumb Code    30  stm32f4xx_flash_1.o(.text)
    FLASH_OB_GetUser                         0x08004021   Thumb Code    12  stm32f4xx_flash_1.o(.text)
    FLASH_OB_GetWRP                          0x0800402d   Thumb Code     8  stm32f4xx_flash_1.o(.text)
    FLASH_OB_GetWRP1                         0x08004035   Thumb Code     8  stm32f4xx_flash_1.o(.text)
    FLASH_OB_GetPCROP                        0x0800403d   Thumb Code     8  stm32f4xx_flash_1.o(.text)
    FLASH_OB_GetPCROP1                       0x08004045   Thumb Code     8  stm32f4xx_flash_1.o(.text)
    FLASH_OB_GetRDP                          0x0800404d   Thumb Code    20  stm32f4xx_flash_1.o(.text)
    FLASH_OB_GetBOR                          0x08004061   Thumb Code    12  stm32f4xx_flash_1.o(.text)
    FLASH_ITConfig                           0x0800406d   Thumb Code    26  stm32f4xx_flash_1.o(.text)
    FLASH_GetFlagStatus                      0x08004087   Thumb Code    22  stm32f4xx_flash_1.o(.text)
    FLASH_ClearFlag                          0x0800409d   Thumb Code     8  stm32f4xx_flash_1.o(.text)
    NVIC_PriorityGroupConfig                 0x080040b1   Thumb Code    10  misc.o(.text)
    NVIC_Init                                0x080040bb   Thumb Code   106  misc.o(.text)
    NVIC_SetVectorTable                      0x08004125   Thumb Code    14  misc.o(.text)
    NVIC_SystemLPConfig                      0x08004133   Thumb Code    34  misc.o(.text)
    SysTick_CLKSourceConfig                  0x08004155   Thumb Code    40  misc.o(.text)
    CAN_DeInit                               0x08004191   Thumb Code    50  stm32f4xx_can.o(.text)
    CAN_Init                                 0x080041c3   Thumb Code   276  stm32f4xx_can.o(.text)
    CAN_FilterInit                           0x080042d7   Thumb Code   258  stm32f4xx_can.o(.text)
    CAN_StructInit                           0x080043d9   Thumb Code    32  stm32f4xx_can.o(.text)
    CAN_SlaveStartBank                       0x080043f9   Thumb Code    48  stm32f4xx_can.o(.text)
    CAN_DBGFreeze                            0x08004429   Thumb Code    22  stm32f4xx_can.o(.text)
    CAN_TTComModeCmd                         0x0800443f   Thumb Code   118  stm32f4xx_can.o(.text)
    CAN_Transmit                             0x080044b5   Thumb Code   304  stm32f4xx_can.o(.text)
    CAN_TransmitStatus                       0x080045e5   Thumb Code   138  stm32f4xx_can.o(.text)
    CAN_CancelTransmit                       0x0800466f   Thumb Code    48  stm32f4xx_can.o(.text)
    CAN_Receive                              0x0800469f   Thumb Code   240  stm32f4xx_can.o(.text)
    CAN_FIFORelease                          0x0800478f   Thumb Code    22  stm32f4xx_can.o(.text)
    CAN_MessagePending                       0x080047a5   Thumb Code    30  stm32f4xx_can.o(.text)
    CAN_OperatingModeRequest                 0x080047c3   Thumb Code   162  stm32f4xx_can.o(.text)
    CAN_Sleep                                0x08004865   Thumb Code    30  stm32f4xx_can.o(.text)
    CAN_WakeUp                               0x08004883   Thumb Code    48  stm32f4xx_can.o(.text)
    CAN_GetLastErrorCode                     0x080048b3   Thumb Code    12  stm32f4xx_can.o(.text)
    CAN_GetReceiveErrorCounter               0x080048bf   Thumb Code    10  stm32f4xx_can.o(.text)
    CAN_GetLSBTransmitErrorCounter           0x080048c9   Thumb Code    12  stm32f4xx_can.o(.text)
    CAN_ITConfig                             0x080048d5   Thumb Code    18  stm32f4xx_can.o(.text)
    CAN_GetFlagStatus                        0x080048e7   Thumb Code   120  stm32f4xx_can.o(.text)
    CAN_ClearFlag                            0x0800495f   Thumb Code    52  stm32f4xx_can.o(.text)
    CAN_GetITStatus                          0x080049a5   Thumb Code   310  stm32f4xx_can.o(.text)
    CAN_ClearITPendingBit                    0x08004adb   Thumb Code   162  stm32f4xx_can.o(.text)
    DMA_DeInit                               0x08004b81   Thumb Code   324  stm32f4xx_dma.o(.text)
    DMA_Init                                 0x08004cc5   Thumb Code    82  stm32f4xx_dma.o(.text)
    DMA_StructInit                           0x08004d17   Thumb Code    34  stm32f4xx_dma.o(.text)
    DMA_Cmd                                  0x08004d39   Thumb Code    22  stm32f4xx_dma.o(.text)
    DMA_PeriphIncOffsetSizeConfig            0x08004d4f   Thumb Code    22  stm32f4xx_dma.o(.text)
    DMA_FlowControllerConfig                 0x08004d65   Thumb Code    22  stm32f4xx_dma.o(.text)
    DMA_SetCurrDataCounter                   0x08004d7b   Thumb Code     4  stm32f4xx_dma.o(.text)
    DMA_GetCurrDataCounter                   0x08004d7f   Thumb Code     8  stm32f4xx_dma.o(.text)
    DMA_DoubleBufferModeConfig               0x08004d87   Thumb Code    24  stm32f4xx_dma.o(.text)
    DMA_DoubleBufferModeCmd                  0x08004d9f   Thumb Code    22  stm32f4xx_dma.o(.text)
    DMA_MemoryTargetConfig                   0x08004db5   Thumb Code    10  stm32f4xx_dma.o(.text)
    DMA_GetCurrentMemoryTarget               0x08004dbf   Thumb Code    20  stm32f4xx_dma.o(.text)
    DMA_GetCmdStatus                         0x08004dd3   Thumb Code    20  stm32f4xx_dma.o(.text)
    DMA_GetFIFOStatus                        0x08004de7   Thumb Code    12  stm32f4xx_dma.o(.text)
    DMA_GetFlagStatus                        0x08004df3   Thumb Code    56  stm32f4xx_dma.o(.text)
    DMA_ClearFlag                            0x08004e2b   Thumb Code    40  stm32f4xx_dma.o(.text)
    DMA_ITConfig                             0x08004e53   Thumb Code    58  stm32f4xx_dma.o(.text)
    DMA_GetITStatus                          0x08004e8d   Thumb Code    84  stm32f4xx_dma.o(.text)
    DMA_ClearITPendingBit                    0x08004ee1   Thumb Code    40  stm32f4xx_dma.o(.text)
    EXTI_DeInit                              0x08004f29   Thumb Code    28  stm32f4xx_exti.o(.text)
    EXTI_Init                                0x08004f45   Thumb Code   142  stm32f4xx_exti.o(.text)
    EXTI_StructInit                          0x08004fd3   Thumb Code    16  stm32f4xx_exti.o(.text)
    EXTI_GenerateSWInterrupt                 0x08004fe3   Thumb Code    16  stm32f4xx_exti.o(.text)
    EXTI_GetFlagStatus                       0x08004ff3   Thumb Code    22  stm32f4xx_exti.o(.text)
    EXTI_ClearFlag                           0x08005009   Thumb Code     8  stm32f4xx_exti.o(.text)
    EXTI_GetITStatus                         0x08005011   Thumb Code    22  stm32f4xx_exti.o(.text)
    EXTI_ClearITPendingBit                   0x08005027   Thumb Code     8  stm32f4xx_exti.o(.text)
    GPIO_DeInit                              0x08005039   Thumb Code   268  stm32f4xx_gpio.o(.text)
    GPIO_Init                                0x08005145   Thumb Code   144  stm32f4xx_gpio.o(.text)
    GPIO_StructInit                          0x080051d5   Thumb Code    18  stm32f4xx_gpio.o(.text)
    GPIO_PinLockConfig                       0x080051e7   Thumb Code    34  stm32f4xx_gpio.o(.text)
    GPIO_ReadInputDataBit                    0x08005209   Thumb Code    18  stm32f4xx_gpio.o(.text)
    GPIO_ReadInputData                       0x0800521b   Thumb Code     8  stm32f4xx_gpio.o(.text)
    GPIO_ReadOutputDataBit                   0x08005223   Thumb Code    18  stm32f4xx_gpio.o(.text)
    GPIO_ReadOutputData                      0x08005235   Thumb Code     8  stm32f4xx_gpio.o(.text)
    GPIO_SetBits                             0x0800523d   Thumb Code     4  stm32f4xx_gpio.o(.text)
    GPIO_ResetBits                           0x08005241   Thumb Code     4  stm32f4xx_gpio.o(.text)
    GPIO_WriteBit                            0x08005245   Thumb Code    10  stm32f4xx_gpio.o(.text)
    GPIO_Write                               0x0800524f   Thumb Code     4  stm32f4xx_gpio.o(.text)
    GPIO_ToggleBits                          0x08005253   Thumb Code     8  stm32f4xx_gpio.o(.text)
    GPIO_PinAFConfig                         0x0800525b   Thumb Code    70  stm32f4xx_gpio.o(.text)
    RCC_DeInit                               0x080052cd   Thumb Code    82  stm32f4xx_rcc.o(.text)
    RCC_HSEConfig                            0x0800531f   Thumb Code    14  stm32f4xx_rcc.o(.text)
    RCC_GetFlagStatus                        0x0800532d   Thumb Code    60  stm32f4xx_rcc.o(.text)
    RCC_WaitForHSEStartUp                    0x08005369   Thumb Code    56  stm32f4xx_rcc.o(.text)
    RCC_AdjustHSICalibrationValue            0x080053a1   Thumb Code    20  stm32f4xx_rcc.o(.text)
    RCC_HSICmd                               0x080053b5   Thumb Code     6  stm32f4xx_rcc.o(.text)
    RCC_LSEConfig                            0x080053bb   Thumb Code    46  stm32f4xx_rcc.o(.text)
    RCC_LSICmd                               0x080053e9   Thumb Code     6  stm32f4xx_rcc.o(.text)
    RCC_PLLConfig                            0x080053ef   Thumb Code    32  stm32f4xx_rcc.o(.text)
    RCC_PLLCmd                               0x0800540f   Thumb Code     6  stm32f4xx_rcc.o(.text)
    RCC_PLLI2SConfig                         0x08005415   Thumb Code    20  stm32f4xx_rcc.o(.text)
    RCC_PLLI2SCmd                            0x08005429   Thumb Code     6  stm32f4xx_rcc.o(.text)
    RCC_PLLSAIConfig                         0x0800542f   Thumb Code    20  stm32f4xx_rcc.o(.text)
    RCC_PLLSAICmd                            0x08005443   Thumb Code     6  stm32f4xx_rcc.o(.text)
    RCC_ClockSecuritySystemCmd               0x08005449   Thumb Code     6  stm32f4xx_rcc.o(.text)
    RCC_MCO1Config                           0x0800544f   Thumb Code    28  stm32f4xx_rcc.o(.text)
    RCC_MCO2Config                           0x0800546b   Thumb Code    28  stm32f4xx_rcc.o(.text)
    RCC_SYSCLKConfig                         0x08005487   Thumb Code    20  stm32f4xx_rcc.o(.text)
    RCC_GetSYSCLKSource                      0x0800549b   Thumb Code    12  stm32f4xx_rcc.o(.text)
    RCC_HCLKConfig                           0x080054a7   Thumb Code    20  stm32f4xx_rcc.o(.text)
    RCC_PCLK1Config                          0x080054bb   Thumb Code    20  stm32f4xx_rcc.o(.text)
    RCC_PCLK2Config                          0x080054cf   Thumb Code    22  stm32f4xx_rcc.o(.text)
    RCC_GetClocksFreq                        0x080054e5   Thumb Code   222  stm32f4xx_rcc.o(.text)
    RCC_RTCCLKConfig                         0x080055c3   Thumb Code    54  stm32f4xx_rcc.o(.text)
    RCC_RTCCLKCmd                            0x080055f9   Thumb Code     8  stm32f4xx_rcc.o(.text)
    RCC_BackupResetCmd                       0x08005601   Thumb Code     8  stm32f4xx_rcc.o(.text)
    RCC_I2SCLKConfig                         0x08005609   Thumb Code     6  stm32f4xx_rcc.o(.text)
    RCC_SAIPLLI2SClkDivConfig                0x0800560f   Thumb Code    26  stm32f4xx_rcc.o(.text)
    RCC_SAIPLLSAIClkDivConfig                0x08005629   Thumb Code    28  stm32f4xx_rcc.o(.text)
    RCC_SAIBlockACLKConfig                   0x08005645   Thumb Code    20  stm32f4xx_rcc.o(.text)
    RCC_SAIBlockBCLKConfig                   0x08005659   Thumb Code    20  stm32f4xx_rcc.o(.text)
    RCC_LTDCCLKDivConfig                     0x0800566d   Thumb Code    20  stm32f4xx_rcc.o(.text)
    RCC_TIMCLKPresConfig                     0x08005681   Thumb Code     6  stm32f4xx_rcc.o(.text)
    RCC_AHB1PeriphClockCmd                   0x08005687   Thumb Code    82  stm32f4xx_rcc.o(.text)
    RCC_AHB2PeriphClockCmd                   0x080056d9   Thumb Code    26  stm32f4xx_rcc.o(.text)
    RCC_AHB3PeriphClockCmd                   0x080056f3   Thumb Code    34  stm32f4xx_rcc.o(.text)
    RCC_APB1PeriphClockCmd                   0x08005715   Thumb Code    34  stm32f4xx_rcc.o(.text)
    RCC_APB2PeriphClockCmd                   0x08005737   Thumb Code    34  stm32f4xx_rcc.o(.text)
    RCC_AHB1PeriphResetCmd                   0x08005759   Thumb Code    34  stm32f4xx_rcc.o(.text)
    RCC_AHB2PeriphResetCmd                   0x0800577b   Thumb Code    34  stm32f4xx_rcc.o(.text)
    RCC_AHB3PeriphResetCmd                   0x0800579d   Thumb Code    34  stm32f4xx_rcc.o(.text)
    RCC_APB1PeriphResetCmd                   0x080057bf   Thumb Code    34  stm32f4xx_rcc.o(.text)
    RCC_APB2PeriphResetCmd                   0x080057e1   Thumb Code    34  stm32f4xx_rcc.o(.text)
    RCC_AHB1PeriphClockLPModeCmd             0x08005803   Thumb Code    34  stm32f4xx_rcc.o(.text)
    RCC_AHB2PeriphClockLPModeCmd             0x08005825   Thumb Code    34  stm32f4xx_rcc.o(.text)
    RCC_AHB3PeriphClockLPModeCmd             0x08005847   Thumb Code    34  stm32f4xx_rcc.o(.text)
    RCC_APB1PeriphClockLPModeCmd             0x08005869   Thumb Code    34  stm32f4xx_rcc.o(.text)
    RCC_APB2PeriphClockLPModeCmd             0x0800588b   Thumb Code    34  stm32f4xx_rcc.o(.text)
    RCC_ITConfig                             0x080058ad   Thumb Code    34  stm32f4xx_rcc.o(.text)
    RCC_ClearFlag                            0x080058cf   Thumb Code    18  stm32f4xx_rcc.o(.text)
    RCC_GetITStatus                          0x080058e1   Thumb Code    22  stm32f4xx_rcc.o(.text)
    RCC_ClearITPendingBit                    0x080058f7   Thumb Code     8  stm32f4xx_rcc.o(.text)
    SYSCFG_DeInit                            0x08005905   Thumb Code    22  stm32f4xx_syscfg.o(.text)
    SYSCFG_MemoryRemapConfig                 0x0800591b   Thumb Code     6  stm32f4xx_syscfg.o(.text)
    SYSCFG_MemorySwappingBank                0x08005921   Thumb Code     6  stm32f4xx_syscfg.o(.text)
    SYSCFG_EXTILineConfig                    0x08005927   Thumb Code    66  stm32f4xx_syscfg.o(.text)
    SYSCFG_ETH_MediaInterfaceConfig          0x08005969   Thumb Code     8  stm32f4xx_syscfg.o(.text)
    SYSCFG_CompensationCellCmd               0x08005971   Thumb Code     6  stm32f4xx_syscfg.o(.text)
    SYSCFG_GetCompensationCellStatus         0x08005977   Thumb Code    22  stm32f4xx_syscfg.o(.text)
    TIM_DeInit                               0x08005999   Thumb Code   346  stm32f4xx_tim.o(.text)
    TIM_TimeBaseInit                         0x08005af3   Thumb Code   104  stm32f4xx_tim.o(.text)
    TIM_TimeBaseStructInit                   0x08005b5b   Thumb Code    18  stm32f4xx_tim.o(.text)
    TIM_PrescalerConfig                      0x08005b6d   Thumb Code     6  stm32f4xx_tim.o(.text)
    TIM_CounterModeConfig                    0x08005b73   Thumb Code    18  stm32f4xx_tim.o(.text)
    TIM_SetCounter                           0x08005b85   Thumb Code     4  stm32f4xx_tim.o(.text)
    TIM_SetAutoreload                        0x08005b89   Thumb Code     4  stm32f4xx_tim.o(.text)
    TIM_GetCounter                           0x08005b8d   Thumb Code     6  stm32f4xx_tim.o(.text)
    TIM_GetPrescaler                         0x08005b93   Thumb Code     6  stm32f4xx_tim.o(.text)
    TIM_UpdateDisableConfig                  0x08005b99   Thumb Code    24  stm32f4xx_tim.o(.text)
    TIM_UpdateRequestConfig                  0x08005bb1   Thumb Code    24  stm32f4xx_tim.o(.text)
    TIM_ARRPreloadConfig                     0x08005bc9   Thumb Code    24  stm32f4xx_tim.o(.text)
    TIM_SelectOnePulseMode                   0x08005be1   Thumb Code    18  stm32f4xx_tim.o(.text)
    TIM_SetClockDivision                     0x08005bf3   Thumb Code    18  stm32f4xx_tim.o(.text)
    TIM_Cmd                                  0x08005c05   Thumb Code    24  stm32f4xx_tim.o(.text)
    TIM_OC1Init                              0x08005c1d   Thumb Code   114  stm32f4xx_tim.o(.text)
    TIM_OC2Init                              0x08005c8f   Thumb Code   154  stm32f4xx_tim.o(.text)
    TIM_OC3Init                              0x08005d29   Thumb Code   204  stm32f4xx_tim.o(.text)
    TIM_OC4Init                              0x08005df5   Thumb Code   112  stm32f4xx_tim.o(.text)
    TIM_OCStructInit                         0x08005e65   Thumb Code    20  stm32f4xx_tim.o(.text)
    TIM_SelectOCxM                           0x08005e79   Thumb Code    86  stm32f4xx_tim.o(.text)
    TIM_SetCompare1                          0x08005ecf   Thumb Code     4  stm32f4xx_tim.o(.text)
    TIM_SetCompare2                          0x08005ed3   Thumb Code     4  stm32f4xx_tim.o(.text)
    TIM_SetCompare3                          0x08005ed7   Thumb Code     4  stm32f4xx_tim.o(.text)
    TIM_SetCompare4                          0x08005edb   Thumb Code     4  stm32f4xx_tim.o(.text)
    TIM_ForcedOC1Config                      0x08005edf   Thumb Code    18  stm32f4xx_tim.o(.text)
    TIM_ForcedOC2Config                      0x08005ef1   Thumb Code    26  stm32f4xx_tim.o(.text)
    TIM_ForcedOC3Config                      0x08005f0b   Thumb Code    18  stm32f4xx_tim.o(.text)
    TIM_ForcedOC4Config                      0x08005f1d   Thumb Code    26  stm32f4xx_tim.o(.text)
    TIM_OC1PreloadConfig                     0x08005f37   Thumb Code    18  stm32f4xx_tim.o(.text)
    TIM_OC2PreloadConfig                     0x08005f49   Thumb Code    26  stm32f4xx_tim.o(.text)
    TIM_OC3PreloadConfig                     0x08005f63   Thumb Code    18  stm32f4xx_tim.o(.text)
    TIM_OC4PreloadConfig                     0x08005f75   Thumb Code    26  stm32f4xx_tim.o(.text)
    TIM_OC1FastConfig                        0x08005f8f   Thumb Code    18  stm32f4xx_tim.o(.text)
    TIM_OC2FastConfig                        0x08005fa1   Thumb Code    26  stm32f4xx_tim.o(.text)
    TIM_OC3FastConfig                        0x08005fbb   Thumb Code    18  stm32f4xx_tim.o(.text)
    TIM_OC4FastConfig                        0x08005fcd   Thumb Code    26  stm32f4xx_tim.o(.text)
    TIM_ClearOC1Ref                          0x08005fe7   Thumb Code    18  stm32f4xx_tim.o(.text)
    TIM_ClearOC2Ref                          0x08005ff9   Thumb Code    24  stm32f4xx_tim.o(.text)
    TIM_ClearOC3Ref                          0x08006011   Thumb Code    18  stm32f4xx_tim.o(.text)
    TIM_ClearOC4Ref                          0x08006023   Thumb Code    24  stm32f4xx_tim.o(.text)
    TIM_OC1PolarityConfig                    0x0800603b   Thumb Code    18  stm32f4xx_tim.o(.text)
    TIM_OC1NPolarityConfig                   0x0800604d   Thumb Code    18  stm32f4xx_tim.o(.text)
    TIM_OC2PolarityConfig                    0x0800605f   Thumb Code    26  stm32f4xx_tim.o(.text)
    TIM_OC2NPolarityConfig                   0x08006079   Thumb Code    26  stm32f4xx_tim.o(.text)
    TIM_OC3PolarityConfig                    0x08006093   Thumb Code    26  stm32f4xx_tim.o(.text)
    TIM_OC3NPolarityConfig                   0x080060ad   Thumb Code    26  stm32f4xx_tim.o(.text)
    TIM_OC4PolarityConfig                    0x080060c7   Thumb Code    26  stm32f4xx_tim.o(.text)
    TIM_CCxCmd                               0x080060e1   Thumb Code    30  stm32f4xx_tim.o(.text)
    TIM_CCxNCmd                              0x080060ff   Thumb Code    30  stm32f4xx_tim.o(.text)
    TIM_SetIC4Prescaler                      0x0800611d   Thumb Code    26  stm32f4xx_tim.o(.text)
    TIM_SetIC3Prescaler                      0x08006187   Thumb Code    18  stm32f4xx_tim.o(.text)
    TIM_SetIC2Prescaler                      0x080061e1   Thumb Code    26  stm32f4xx_tim.o(.text)
    TIM_SetIC1Prescaler                      0x08006255   Thumb Code    18  stm32f4xx_tim.o(.text)
    TIM_ICInit                               0x080062a1   Thumb Code   110  stm32f4xx_tim.o(.text)
    TIM_ICStructInit                         0x0800630f   Thumb Code    18  stm32f4xx_tim.o(.text)
    TIM_PWMIConfig                           0x08006321   Thumb Code   124  stm32f4xx_tim.o(.text)
    TIM_GetCapture1                          0x0800639d   Thumb Code     6  stm32f4xx_tim.o(.text)
    TIM_GetCapture2                          0x080063a3   Thumb Code     6  stm32f4xx_tim.o(.text)
    TIM_GetCapture3                          0x080063a9   Thumb Code     6  stm32f4xx_tim.o(.text)
    TIM_GetCapture4                          0x080063af   Thumb Code     6  stm32f4xx_tim.o(.text)
    TIM_BDTRConfig                           0x080063b5   Thumb Code    32  stm32f4xx_tim.o(.text)
    TIM_BDTRStructInit                       0x080063d5   Thumb Code    18  stm32f4xx_tim.o(.text)
    TIM_CtrlPWMOutputs                       0x080063e7   Thumb Code    30  stm32f4xx_tim.o(.text)
    TIM_SelectCOM                            0x08006405   Thumb Code    24  stm32f4xx_tim.o(.text)
    TIM_CCPreloadControl                     0x0800641d   Thumb Code    24  stm32f4xx_tim.o(.text)
    TIM_ITConfig                             0x08006435   Thumb Code    18  stm32f4xx_tim.o(.text)
    TIM_GenerateEvent                        0x08006447   Thumb Code     4  stm32f4xx_tim.o(.text)
    TIM_GetFlagStatus                        0x0800644b   Thumb Code    18  stm32f4xx_tim.o(.text)
    TIM_ClearFlag                            0x0800645d   Thumb Code     6  stm32f4xx_tim.o(.text)
    TIM_GetITStatus                          0x08006463   Thumb Code    34  stm32f4xx_tim.o(.text)
    TIM_ClearITPendingBit                    0x08006485   Thumb Code     6  stm32f4xx_tim.o(.text)
    TIM_DMAConfig                            0x0800648b   Thumb Code    10  stm32f4xx_tim.o(.text)
    TIM_DMACmd                               0x08006495   Thumb Code    18  stm32f4xx_tim.o(.text)
    TIM_SelectCCDMA                          0x080064a7   Thumb Code    24  stm32f4xx_tim.o(.text)
    TIM_InternalClockConfig                  0x080064bf   Thumb Code    12  stm32f4xx_tim.o(.text)
    TIM_SelectInputTrigger                   0x080064cb   Thumb Code    18  stm32f4xx_tim.o(.text)
    TIM_ITRxExternalClockConfig              0x080064dd   Thumb Code    24  stm32f4xx_tim.o(.text)
    TIM_TIxExternalClockConfig               0x080064f5   Thumb Code    62  stm32f4xx_tim.o(.text)
    TIM_ETRConfig                            0x08006533   Thumb Code    28  stm32f4xx_tim.o(.text)
    TIM_ETRClockMode1Config                  0x0800654f   Thumb Code    54  stm32f4xx_tim.o(.text)
    TIM_ETRClockMode2Config                  0x08006585   Thumb Code    32  stm32f4xx_tim.o(.text)
    TIM_SelectOutputTrigger                  0x080065a5   Thumb Code    18  stm32f4xx_tim.o(.text)
    TIM_SelectSlaveMode                      0x080065b7   Thumb Code    18  stm32f4xx_tim.o(.text)
    TIM_SelectMasterSlaveMode                0x080065c9   Thumb Code    18  stm32f4xx_tim.o(.text)
    TIM_EncoderInterfaceConfig               0x080065db   Thumb Code    66  stm32f4xx_tim.o(.text)
    TIM_SelectHallSensor                     0x0800661d   Thumb Code    24  stm32f4xx_tim.o(.text)
    TIM_RemapConfig                          0x08006635   Thumb Code     6  stm32f4xx_tim.o(.text)
    USART_DeInit                             0x0800663d   Thumb Code   206  stm32f4xx_usart.o(.text)
    USART_Init                               0x0800670b   Thumb Code   204  stm32f4xx_usart.o(.text)
    USART_StructInit                         0x080067d7   Thumb Code    24  stm32f4xx_usart.o(.text)
    USART_ClockInit                          0x080067ef   Thumb Code    32  stm32f4xx_usart.o(.text)
    USART_ClockStructInit                    0x0800680f   Thumb Code    12  stm32f4xx_usart.o(.text)
    USART_Cmd                                0x0800681b   Thumb Code    24  stm32f4xx_usart.o(.text)
    USART_SetPrescaler                       0x08006833   Thumb Code    16  stm32f4xx_usart.o(.text)
    USART_OverSampling8Cmd                   0x08006843   Thumb Code    22  stm32f4xx_usart.o(.text)
    USART_OneBitMethodCmd                    0x08006859   Thumb Code    24  stm32f4xx_usart.o(.text)
    USART_SendData                           0x08006871   Thumb Code     8  stm32f4xx_usart.o(.text)
    USART_ReceiveData                        0x08006879   Thumb Code    10  stm32f4xx_usart.o(.text)
    USART_SetAddress                         0x08006883   Thumb Code    18  stm32f4xx_usart.o(.text)
    USART_ReceiverWakeUpCmd                  0x08006895   Thumb Code    24  stm32f4xx_usart.o(.text)
    USART_WakeUpConfig                       0x080068ad   Thumb Code    18  stm32f4xx_usart.o(.text)
    USART_LINBreakDetectLengthConfig         0x080068bf   Thumb Code    18  stm32f4xx_usart.o(.text)
    USART_LINCmd                             0x080068d1   Thumb Code    24  stm32f4xx_usart.o(.text)
    USART_SendBreak                          0x080068e9   Thumb Code    10  stm32f4xx_usart.o(.text)
    USART_HalfDuplexCmd                      0x080068f3   Thumb Code    24  stm32f4xx_usart.o(.text)
    USART_SetGuardTime                       0x0800690b   Thumb Code    16  stm32f4xx_usart.o(.text)
    USART_SmartCardCmd                       0x0800691b   Thumb Code    24  stm32f4xx_usart.o(.text)
    USART_SmartCardNACKCmd                   0x08006933   Thumb Code    24  stm32f4xx_usart.o(.text)
    USART_IrDAConfig                         0x0800694b   Thumb Code    18  stm32f4xx_usart.o(.text)
    USART_IrDACmd                            0x0800695d   Thumb Code    24  stm32f4xx_usart.o(.text)
    USART_DMACmd                             0x08006975   Thumb Code    18  stm32f4xx_usart.o(.text)
    USART_ITConfig                           0x08006987   Thumb Code    74  stm32f4xx_usart.o(.text)
    USART_GetFlagStatus                      0x080069d1   Thumb Code    26  stm32f4xx_usart.o(.text)
    USART_ClearFlag                          0x080069eb   Thumb Code    18  stm32f4xx_usart.o(.text)
    USART_GetITStatus                        0x080069fd   Thumb Code   118  stm32f4xx_usart.o(.text)
    USART_ClearITPendingBit                  0x08006a73   Thumb Code    30  stm32f4xx_usart.o(.text)
    SystemInit                               0x08006b6d   Thumb Code    88  system_stm32f4xx.o(.text)
    SystemCoreClockUpdate                    0x08006bc5   Thumb Code   174  system_stm32f4xx.o(.text)
    main                                     0x08006ca1   Thumb Code   308  main.o(.text)
    NMI_Handler                              0x08006e11   Thumb Code     2  stm32f4xx_it.o(.text)
    HardFault_Handler                        0x08006e13   Thumb Code     4  stm32f4xx_it.o(.text)
    MemManage_Handler                        0x08006e17   Thumb Code     4  stm32f4xx_it.o(.text)
    BusFault_Handler                         0x08006e1b   Thumb Code     4  stm32f4xx_it.o(.text)
    UsageFault_Handler                       0x08006e1f   Thumb Code     4  stm32f4xx_it.o(.text)
    SVC_Handler                              0x08006e23   Thumb Code     2  stm32f4xx_it.o(.text)
    DebugMon_Handler                         0x08006e25   Thumb Code     2  stm32f4xx_it.o(.text)
    PendSV_Handler                           0x08006e27   Thumb Code     2  stm32f4xx_it.o(.text)
    SysTick_Handler                          0x08006e29   Thumb Code   734  stm32f4xx_it.o(.text)
    DMA1_Stream5_IRQHandler                  0x08007107   Thumb Code    22  stm32f4xx_it.o(.text)
    TIM3_IRQHandler                          0x0800711d   Thumb Code     2  stm32f4xx_it.o(.text)
    delay_ms                                 0x08007175   Thumb Code    28  rmvariables.o(.text)
    RM_Init                                  0x08007191   Thumb Code    46  rmvariables.o(.text)
    RM_InterruptInit                         0x080071bf   Thumb Code    98  rmvariables.o(.text)
    Reset_Handler                            0x08007231   Thumb Code     8  startup_stm32f429_439xx.o(.text)
    ADC_IRQHandler                           0x0800724b   Thumb Code     0  startup_stm32f429_439xx.o(.text)
    CAN1_RX1_IRQHandler                      0x0800724b   Thumb Code     0  startup_stm32f429_439xx.o(.text)
    CAN1_SCE_IRQHandler                      0x0800724b   Thumb Code     0  startup_stm32f429_439xx.o(.text)
    CAN1_TX_IRQHandler                       0x0800724b   Thumb Code     0  startup_stm32f429_439xx.o(.text)
    CAN2_RX0_IRQHandler                      0x0800724b   Thumb Code     0  startup_stm32f429_439xx.o(.text)
    CAN2_RX1_IRQHandler                      0x0800724b   Thumb Code     0  startup_stm32f429_439xx.o(.text)
    CAN2_SCE_IRQHandler                      0x0800724b   Thumb Code     0  startup_stm32f429_439xx.o(.text)
    CAN2_TX_IRQHandler                       0x0800724b   Thumb Code     0  startup_stm32f429_439xx.o(.text)
    CRYP_IRQHandler                          0x0800724b   Thumb Code     0  startup_stm32f429_439xx.o(.text)
    DCMI_IRQHandler                          0x0800724b   Thumb Code     0  startup_stm32f429_439xx.o(.text)
    DMA1_Stream0_IRQHandler                  0x0800724b   Thumb Code     0  startup_stm32f429_439xx.o(.text)
    DMA1_Stream1_IRQHandler                  0x0800724b   Thumb Code     0  startup_stm32f429_439xx.o(.text)
    DMA1_Stream2_IRQHandler                  0x0800724b   Thumb Code     0  startup_stm32f429_439xx.o(.text)
    DMA1_Stream3_IRQHandler                  0x0800724b   Thumb Code     0  startup_stm32f429_439xx.o(.text)
    DMA1_Stream4_IRQHandler                  0x0800724b   Thumb Code     0  startup_stm32f429_439xx.o(.text)
    DMA1_Stream6_IRQHandler                  0x0800724b   Thumb Code     0  startup_stm32f429_439xx.o(.text)
    DMA1_Stream7_IRQHandler                  0x0800724b   Thumb Code     0  startup_stm32f429_439xx.o(.text)
    DMA2D_IRQHandler                         0x0800724b   Thumb Code     0  startup_stm32f429_439xx.o(.text)
    DMA2_Stream0_IRQHandler                  0x0800724b   Thumb Code     0  startup_stm32f429_439xx.o(.text)
    DMA2_Stream1_IRQHandler                  0x0800724b   Thumb Code     0  startup_stm32f429_439xx.o(.text)
    DMA2_Stream2_IRQHandler                  0x0800724b   Thumb Code     0  startup_stm32f429_439xx.o(.text)
    DMA2_Stream3_IRQHandler                  0x0800724b   Thumb Code     0  startup_stm32f429_439xx.o(.text)
    DMA2_Stream4_IRQHandler                  0x0800724b   Thumb Code     0  startup_stm32f429_439xx.o(.text)
    DMA2_Stream5_IRQHandler                  0x0800724b   Thumb Code     0  startup_stm32f429_439xx.o(.text)
    DMA2_Stream6_IRQHandler                  0x0800724b   Thumb Code     0  startup_stm32f429_439xx.o(.text)
    DMA2_Stream7_IRQHandler                  0x0800724b   Thumb Code     0  startup_stm32f429_439xx.o(.text)
    ETH_IRQHandler                           0x0800724b   Thumb Code     0  startup_stm32f429_439xx.o(.text)
    ETH_WKUP_IRQHandler                      0x0800724b   Thumb Code     0  startup_stm32f429_439xx.o(.text)
    EXTI0_IRQHandler                         0x0800724b   Thumb Code     0  startup_stm32f429_439xx.o(.text)
    EXTI15_10_IRQHandler                     0x0800724b   Thumb Code     0  startup_stm32f429_439xx.o(.text)
    EXTI1_IRQHandler                         0x0800724b   Thumb Code     0  startup_stm32f429_439xx.o(.text)
    EXTI2_IRQHandler                         0x0800724b   Thumb Code     0  startup_stm32f429_439xx.o(.text)
    EXTI3_IRQHandler                         0x0800724b   Thumb Code     0  startup_stm32f429_439xx.o(.text)
    EXTI4_IRQHandler                         0x0800724b   Thumb Code     0  startup_stm32f429_439xx.o(.text)
    FLASH_IRQHandler                         0x0800724b   Thumb Code     0  startup_stm32f429_439xx.o(.text)
    FMC_IRQHandler                           0x0800724b   Thumb Code     0  startup_stm32f429_439xx.o(.text)
    FPU_IRQHandler                           0x0800724b   Thumb Code     0  startup_stm32f429_439xx.o(.text)
    HASH_RNG_IRQHandler                      0x0800724b   Thumb Code     0  startup_stm32f429_439xx.o(.text)
    I2C1_ER_IRQHandler                       0x0800724b   Thumb Code     0  startup_stm32f429_439xx.o(.text)
    I2C1_EV_IRQHandler                       0x0800724b   Thumb Code     0  startup_stm32f429_439xx.o(.text)
    I2C2_ER_IRQHandler                       0x0800724b   Thumb Code     0  startup_stm32f429_439xx.o(.text)
    I2C2_EV_IRQHandler                       0x0800724b   Thumb Code     0  startup_stm32f429_439xx.o(.text)
    I2C3_ER_IRQHandler                       0x0800724b   Thumb Code     0  startup_stm32f429_439xx.o(.text)
    I2C3_EV_IRQHandler                       0x0800724b   Thumb Code     0  startup_stm32f429_439xx.o(.text)
    LTDC_ER_IRQHandler                       0x0800724b   Thumb Code     0  startup_stm32f429_439xx.o(.text)
    LTDC_IRQHandler                          0x0800724b   Thumb Code     0  startup_stm32f429_439xx.o(.text)
    OTG_FS_IRQHandler                        0x0800724b   Thumb Code     0  startup_stm32f429_439xx.o(.text)
    OTG_FS_WKUP_IRQHandler                   0x0800724b   Thumb Code     0  startup_stm32f429_439xx.o(.text)
    OTG_HS_EP1_IN_IRQHandler                 0x0800724b   Thumb Code     0  startup_stm32f429_439xx.o(.text)
    OTG_HS_EP1_OUT_IRQHandler                0x0800724b   Thumb Code     0  startup_stm32f429_439xx.o(.text)
    OTG_HS_IRQHandler                        0x0800724b   Thumb Code     0  startup_stm32f429_439xx.o(.text)
    OTG_HS_WKUP_IRQHandler                   0x0800724b   Thumb Code     0  startup_stm32f429_439xx.o(.text)
    PVD_IRQHandler                           0x0800724b   Thumb Code     0  startup_stm32f429_439xx.o(.text)
    RCC_IRQHandler                           0x0800724b   Thumb Code     0  startup_stm32f429_439xx.o(.text)
    RTC_Alarm_IRQHandler                     0x0800724b   Thumb Code     0  startup_stm32f429_439xx.o(.text)
    RTC_WKUP_IRQHandler                      0x0800724b   Thumb Code     0  startup_stm32f429_439xx.o(.text)
    SAI1_IRQHandler                          0x0800724b   Thumb Code     0  startup_stm32f429_439xx.o(.text)
    SDIO_IRQHandler                          0x0800724b   Thumb Code     0  startup_stm32f429_439xx.o(.text)
    SPI1_IRQHandler                          0x0800724b   Thumb Code     0  startup_stm32f429_439xx.o(.text)
    SPI2_IRQHandler                          0x0800724b   Thumb Code     0  startup_stm32f429_439xx.o(.text)
    SPI3_IRQHandler                          0x0800724b   Thumb Code     0  startup_stm32f429_439xx.o(.text)
    SPI4_IRQHandler                          0x0800724b   Thumb Code     0  startup_stm32f429_439xx.o(.text)
    SPI5_IRQHandler                          0x0800724b   Thumb Code     0  startup_stm32f429_439xx.o(.text)
    SPI6_IRQHandler                          0x0800724b   Thumb Code     0  startup_stm32f429_439xx.o(.text)
    TAMP_STAMP_IRQHandler                    0x0800724b   Thumb Code     0  startup_stm32f429_439xx.o(.text)
    TIM1_BRK_TIM9_IRQHandler                 0x0800724b   Thumb Code     0  startup_stm32f429_439xx.o(.text)
    TIM1_CC_IRQHandler                       0x0800724b   Thumb Code     0  startup_stm32f429_439xx.o(.text)
    TIM1_TRG_COM_TIM11_IRQHandler            0x0800724b   Thumb Code     0  startup_stm32f429_439xx.o(.text)
    TIM1_UP_TIM10_IRQHandler                 0x0800724b   Thumb Code     0  startup_stm32f429_439xx.o(.text)
    TIM2_IRQHandler                          0x0800724b   Thumb Code     0  startup_stm32f429_439xx.o(.text)
    TIM4_IRQHandler                          0x0800724b   Thumb Code     0  startup_stm32f429_439xx.o(.text)
    TIM5_IRQHandler                          0x0800724b   Thumb Code     0  startup_stm32f429_439xx.o(.text)
    TIM6_DAC_IRQHandler                      0x0800724b   Thumb Code     0  startup_stm32f429_439xx.o(.text)
    TIM7_IRQHandler                          0x0800724b   Thumb Code     0  startup_stm32f429_439xx.o(.text)
    TIM8_BRK_TIM12_IRQHandler                0x0800724b   Thumb Code     0  startup_stm32f429_439xx.o(.text)
    TIM8_CC_IRQHandler                       0x0800724b   Thumb Code     0  startup_stm32f429_439xx.o(.text)
    TIM8_TRG_COM_TIM14_IRQHandler            0x0800724b   Thumb Code     0  startup_stm32f429_439xx.o(.text)
    TIM8_UP_TIM13_IRQHandler                 0x0800724b   Thumb Code     0  startup_stm32f429_439xx.o(.text)
    UART4_IRQHandler                         0x0800724b   Thumb Code     0  startup_stm32f429_439xx.o(.text)
    UART5_IRQHandler                         0x0800724b   Thumb Code     0  startup_stm32f429_439xx.o(.text)
    UART7_IRQHandler                         0x0800724b   Thumb Code     0  startup_stm32f429_439xx.o(.text)
    UART8_IRQHandler                         0x0800724b   Thumb Code     0  startup_stm32f429_439xx.o(.text)
    USART1_IRQHandler                        0x0800724b   Thumb Code     0  startup_stm32f429_439xx.o(.text)
    USART2_IRQHandler                        0x0800724b   Thumb Code     0  startup_stm32f429_439xx.o(.text)
    USART6_IRQHandler                        0x0800724b   Thumb Code     0  startup_stm32f429_439xx.o(.text)
    WWDG_IRQHandler                          0x0800724b   Thumb Code     0  startup_stm32f429_439xx.o(.text)
    storeYunTaiParameters                    0x08007255   Thumb Code    18  rmflash.o(.text)
    storeUserKeys                            0x08007267   Thumb Code    16  rmflash.o(.text)
    readYunTaiParameters                     0x08007277   Thumb Code    10  rmflash.o(.text)
    readKeyValueSettings                     0x08007281   Thumb Code     6  rmflash.o(.text)
    MPU6050_Initialization                   0x08007289   Thumb Code   228  mpu6050_driver.o(.text)
    MPU6050Second_Initialization             0x0800736d   Thumb Code   220  mpu6050_driver.o(.text)
    MPU6050_ReadData                         0x08007449   Thumb Code   756  mpu6050_driver.o(.text)
    MPU6050_Gyro_calibration                 0x0800773d   Thumb Code   282  mpu6050_driver.o(.text)
    IIC_Delay                                0x08007885   Thumb Code    26  mpu6050_i2c.o(.text)
    HEAT_Configuration                       0x0800789f   Thumb Code    50  mpu6050_i2c.o(.text)
    IIC_GPIO_Init                            0x080078d1   Thumb Code    42  mpu6050_i2c.o(.text)
    IIC_SDA_Out                              0x080078fb   Thumb Code    32  mpu6050_i2c.o(.text)
    IIC_SDA_In                               0x0800791b   Thumb Code    36  mpu6050_i2c.o(.text)
    IIC_Start                                0x0800793f   Thumb Code    52  mpu6050_i2c.o(.text)
    IIC_Stop                                 0x08007973   Thumb Code    52  mpu6050_i2c.o(.text)
    IIC_Ack                                  0x080079a7   Thumb Code    58  mpu6050_i2c.o(.text)
    IIC_WaitAck                              0x080079e1   Thumb Code    86  mpu6050_i2c.o(.text)
    IIC_WriteBit                             0x08007a37   Thumb Code    86  mpu6050_i2c.o(.text)
    IIC_ReadBit                              0x08007a8d   Thumb Code    78  mpu6050_i2c.o(.text)
    IIC_WriteData                            0x08007adb   Thumb Code    92  mpu6050_i2c.o(.text)
    IIC_ReadData                             0x08007b37   Thumb Code   146  mpu6050_i2c.o(.text)
    MPU6050_Interrupt_Configuration          0x08007c21   Thumb Code   184  mpu6050_interrupt.o(.text)
    EXTI9_5_IRQHandler                       0x08007cd9   Thumb Code    30  mpu6050_interrupt.o(.text)
    __aeabi_dadd                             0x08007d09   Thumb Code   322  dadd.o(.text)
    __aeabi_dsub                             0x08007e4b   Thumb Code     6  dadd.o(.text)
    __aeabi_drsub                            0x08007e51   Thumb Code     6  dadd.o(.text)
    __aeabi_dmul                             0x08007e57   Thumb Code   228  dmul.o(.text)
    __aeabi_ddiv                             0x08007f3b   Thumb Code   222  ddiv.o(.text)
    __aeabi_i2d                              0x08008019   Thumb Code    34  dflti.o(.text)
    __aeabi_ui2d                             0x0800803b   Thumb Code    26  dfltui.o(.text)
    __aeabi_d2iz                             0x08008055   Thumb Code    62  dfixi.o(.text)
    __aeabi_d2uiz                            0x08008093   Thumb Code    50  dfixui.o(.text)
    __aeabi_f2d                              0x080080c5   Thumb Code    38  f2d.o(.text)
    __aeabi_cdcmpeq                          0x080080ed   Thumb Code     0  cdcmple.o(.text)
    __aeabi_cdcmple                          0x080080ed   Thumb Code    48  cdcmple.o(.text)
    __aeabi_cdrcmple                         0x0800811d   Thumb Code    48  cdrcmple.o(.text)
    __aeabi_d2f                              0x0800814d   Thumb Code    56  d2f.o(.text)
    __aeabi_uidiv                            0x08008185   Thumb Code     0  uidiv.o(.text)
    __aeabi_uidivmod                         0x08008185   Thumb Code    44  uidiv.o(.text)
    __aeabi_uldivmod                         0x080081b1   Thumb Code    98  uldiv.o(.text)
    __aeabi_llsl                             0x08008213   Thumb Code    30  llshl.o(.text)
    _ll_shift_l                              0x08008213   Thumb Code     0  llshl.o(.text)
    __aeabi_llsr                             0x08008231   Thumb Code    32  llushr.o(.text)
    _ll_ushift_r                             0x08008231   Thumb Code     0  llushr.o(.text)
    __aeabi_lasr                             0x08008251   Thumb Code    36  llsshr.o(.text)
    _ll_sshift_r                             0x08008251   Thumb Code     0  llsshr.o(.text)
    __I$use$fp                               0x08008275   Thumb Code     0  iusefp.o(.text)
    _float_round                             0x08008275   Thumb Code    18  fepilogue.o(.text)
    _float_epilogue                          0x08008287   Thumb Code    92  fepilogue.o(.text)
    _double_round                            0x080082e3   Thumb Code    30  depilogue.o(.text)
    _double_epilogue                         0x08008301   Thumb Code   156  depilogue.o(.text)
    __aeabi_d2ulz                            0x0800839d   Thumb Code    48  dfixul.o(.text)
    __scatterload                            0x080083cd   Thumb Code    28  init.o(.text)
    __scatterload_rt2                        0x080083cd   Thumb Code     0  init.o(.text)
    __decompress                             0x080083f1   Thumb Code     0  __dczerorl2.o(.text)
    __decompress1                            0x080083f1   Thumb Code    86  __dczerorl2.o(.text)
    __0printf                                0x08008449   Thumb Code    22  printfa.o(i.__0printf)
    __1printf                                0x08008449   Thumb Code     0  printfa.o(i.__0printf)
    __2printf                                0x08008449   Thumb Code     0  printfa.o(i.__0printf)
    __c89printf                              0x08008449   Thumb Code     0  printfa.o(i.__0printf)
    printf                                   0x08008449   Thumb Code     0  printfa.o(i.__0printf)
    __ARM_fpclassify                         0x08008469   Thumb Code    48  fpclassify.o(i.__ARM_fpclassify)
    __hardfp_sqrtf                           0x08008499   Thumb Code    58  sqrtf.o(i.__hardfp_sqrtf)
    __hardfp_tan                             0x080084d9   Thumb Code   108  tan.o(i.__hardfp_tan)
    __ieee754_rem_pio2                       0x08008559   Thumb Code   938  rred.o(i.__ieee754_rem_pio2)
    __kernel_poly                            0x08008991   Thumb Code   248  poly.o(i.__kernel_poly)
    __kernel_tan                             0x08008a89   Thumb Code   764  tan_i.o(i.__kernel_tan)
    __mathlib_dbl_infnan                     0x08008dd9   Thumb Code    20  dunder.o(i.__mathlib_dbl_infnan)
    __mathlib_dbl_invalid                    0x08008df1   Thumb Code    24  dunder.o(i.__mathlib_dbl_invalid)
    __mathlib_dbl_underflow                  0x08008e11   Thumb Code    24  dunder.o(i.__mathlib_dbl_underflow)
    __scatterload_copy                       0x08008e31   Thumb Code    14  handlers.o(i.__scatterload_copy)
    __scatterload_null                       0x08008e3f   Thumb Code     2  handlers.o(i.__scatterload_null)
    __scatterload_zeroinit                   0x08008e41   Thumb Code    14  handlers.o(i.__scatterload_zeroinit)
    __set_errno                              0x08008e51   Thumb Code     6  errno.o(i.__set_errno)
    fabs                                     0x080096ef   Thumb Code    24  fabs.o(i.fabs)
    Region$$Table$$Base                      0x08009830   Number         0  anon$$obj.o(Region$$Table)
    Region$$Table$$Limit                     0x08009850   Number         0  anon$$obj.o(Region$$Table)
    current_203                              0x2000010c   Data           2  can.o(.data)
    current_position_201                     0x2000010e   Data           2  can.o(.data)
    can_irq_count                            0x20000118   Data           4  can.o(.data)
    StepperArray                             0x2000011c   Data           8  stepper.o(.data)
    RxCnt                                    0x20000124   Data           1  usart3.o(.data)
    SystemCoreClock                          0x20000148   Data           4  system_stm32f4xx.o(.data)
    AHBPrescTable                            0x2000014c   Data          16  system_stm32f4xx.o(.data)
    encoder_cnt                              0x20000160   Data           8  rmvariables.o(.data)
    fbSpeedRatio                             0x20000168   Data           8  rmvariables.o(.data)
    lrSpeedRatio                             0x20000170   Data           8  rmvariables.o(.data)
    setXSpeed                                0x20000178   Data           8  rmvariables.o(.data)
    realXSpeed                               0x20000180   Data           8  rmvariables.o(.data)
    setYSpeed                                0x20000188   Data           8  rmvariables.o(.data)
    realYSpeed                               0x20000190   Data           8  rmvariables.o(.data)
    gyroADC_X_offset                         0x20000198   Data           4  mpu6050_driver.o(.data)
    gyroADC_Y_offset                         0x2000019c   Data           4  mpu6050_driver.o(.data)
    gyroADC_Z_offset                         0x200001a0   Data           4  mpu6050_driver.o(.data)
    __stdout                                 0x200001a4   Data           4  stdout.o(.data)
    RxBuf                                    0x20000304   Data          10  usart3.o(.bss)
    me                                       0x20000318   Data         304  rmvariables.o(.bss)
    RC_Ctl                                   0x20000448   Data          96  rmvariables.o(.bss)
    MPU6050_Raw_Data                         0x200004a8   Data          14  rmvariables.o(.bss)
    MPU6050_Real_Data                        0x200004b8   Data          28  rmvariables.o(.bss)
    pWord                                    0x200004d4   Data          10  rmvariables.o(.bss)
    __initial_sp                             0x200008e0   Data           0  startup_stm32f429_439xx.o(STACK)



==============================================================================

Memory Map of the image

  Image Entry point : 0x080001ad

  Load Region LR_IROM1 (Base: 0x08000000, Size: 0x000099fc, Max: 0x00200000, ABSOLUTE, COMPRESSED[0x0000988c])

    Execution Region ER_IROM1 (Base: 0x08000000, Size: 0x00009850, Max: 0x00200000, ABSOLUTE)

    Base Addr    Size         Type   Attr      Idx    E Section Name        Object

    0x08000000   0x000001ac   Data   RO          872    RESET               startup_stm32f429_439xx.o
    0x080001ac   0x00000000   Code   RO         1066  * .ARM.Collect$$$$00000000  mc_w.l(entry.o)
    0x080001ac   0x00000004   Code   RO         1404    .ARM.Collect$$$$00000001  mc_w.l(entry2.o)
    0x080001b0   0x00000004   Code   RO         1407    .ARM.Collect$$$$00000004  mc_w.l(entry5.o)
    0x080001b4   0x00000000   Code   RO         1409    .ARM.Collect$$$$00000008  mc_w.l(entry7b.o)
    0x080001b4   0x00000000   Code   RO         1411    .ARM.Collect$$$$0000000A  mc_w.l(entry8b.o)
    0x080001b4   0x00000008   Code   RO         1412    .ARM.Collect$$$$0000000B  mc_w.l(entry9a.o)
    0x080001bc   0x00000000   Code   RO         1414    .ARM.Collect$$$$0000000D  mc_w.l(entry10a.o)
    0x080001bc   0x00000000   Code   RO         1416    .ARM.Collect$$$$0000000F  mc_w.l(entry11a.o)
    0x080001bc   0x00000004   Code   RO         1405    .ARM.Collect$$$$00002712  mc_w.l(entry2.o)
    0x080001c0   0x00000400   Code   RO            3    .text               batholithtimer.o
    0x080005c0   0x00000f58   Code   RO          182    .text               motorengine.o
    0x08001518   0x000009e0   Code   RO          215    .text               remotecontroller.o
    0x08001ef8   0x000002e4   Code   RO          245    .text               encoder.o
    0x080021dc   0x00000b98   Code   RO          268    .text               app.o
    0x08002d74   0x000006e8   Code   RO          294    .text               can.o
    0x0800345c   0x00000054   Code   RO          321    .text               stepper.o
    0x080034b0   0x000001cc   Code   RO          347    .text               brushlessmotor.o
    0x0800367c   0x0000039c   Code   RO          370    .text               usart3.o
    0x08003a18   0x00000698   Code   RO          397    .text               stm32f4xx_flash_1.o
    0x080040b0   0x000000e0   Code   RO          417    .text               misc.o
    0x08004190   0x000009f0   Code   RO          457    .text               stm32f4xx_can.o
    0x08004b80   0x000003a8   Code   RO          497    .text               stm32f4xx_dma.o
    0x08004f28   0x00000110   Code   RO          537    .text               stm32f4xx_exti.o
    0x08005038   0x00000294   Code   RO          557    .text               stm32f4xx_gpio.o
    0x080052cc   0x00000638   Code   RO          617    .text               stm32f4xx_rcc.o
    0x08005904   0x00000094   Code   RO          659    .text               stm32f4xx_syscfg.o
    0x08005998   0x00000ca2   Code   RO          679    .text               stm32f4xx_tim.o
    0x0800663a   0x00000002   PAD
    0x0800663c   0x00000454   Code   RO          699    .text               stm32f4xx_usart.o
    0x08006a90   0x00000210   Code   RO          762    .text               system_stm32f4xx.o
    0x08006ca0   0x00000170   Code   RO          788    .text               main.o
    0x08006e10   0x00000364   Code   RO          815    .text               stm32f4xx_it.o
    0x08007174   0x000000bc   Code   RO          840    .text               rmvariables.o
    0x08007230   0x00000024   Code   RO          873    .text               startup_stm32f429_439xx.o
    0x08007254   0x00000032   Code   RO          879    .text               rmflash.o
    0x08007286   0x00000002   PAD
    0x08007288   0x000005fc   Code   RO          902    .text               mpu6050_driver.o
    0x08007884   0x0000039c   Code   RO          932    .text               mpu6050_i2c.o
    0x08007c20   0x000000e8   Code   RO          955    .text               mpu6050_interrupt.o
    0x08007d08   0x0000014e   Code   RO         1330    .text               mf_w.l(dadd.o)
    0x08007e56   0x000000e4   Code   RO         1332    .text               mf_w.l(dmul.o)
    0x08007f3a   0x000000de   Code   RO         1334    .text               mf_w.l(ddiv.o)
    0x08008018   0x00000022   Code   RO         1338    .text               mf_w.l(dflti.o)
    0x0800803a   0x0000001a   Code   RO         1340    .text               mf_w.l(dfltui.o)
    0x08008054   0x0000003e   Code   RO         1342    .text               mf_w.l(dfixi.o)
    0x08008092   0x00000032   Code   RO         1344    .text               mf_w.l(dfixui.o)
    0x080080c4   0x00000026   Code   RO         1346    .text               mf_w.l(f2d.o)
    0x080080ea   0x00000002   PAD
    0x080080ec   0x00000030   Code   RO         1348    .text               mf_w.l(cdcmple.o)
    0x0800811c   0x00000030   Code   RO         1350    .text               mf_w.l(cdrcmple.o)
    0x0800814c   0x00000038   Code   RO         1352    .text               mf_w.l(d2f.o)
    0x08008184   0x0000002c   Code   RO         1419    .text               mc_w.l(uidiv.o)
    0x080081b0   0x00000062   Code   RO         1421    .text               mc_w.l(uldiv.o)
    0x08008212   0x0000001e   Code   RO         1423    .text               mc_w.l(llshl.o)
    0x08008230   0x00000020   Code   RO         1425    .text               mc_w.l(llushr.o)
    0x08008250   0x00000024   Code   RO         1427    .text               mc_w.l(llsshr.o)
    0x08008274   0x00000000   Code   RO         1436    .text               mc_w.l(iusefp.o)
    0x08008274   0x0000006e   Code   RO         1437    .text               mf_w.l(fepilogue.o)
    0x080082e2   0x000000ba   Code   RO         1439    .text               mf_w.l(depilogue.o)
    0x0800839c   0x00000030   Code   RO         1443    .text               mf_w.l(dfixul.o)
    0x080083cc   0x00000024   Code   RO         1445    .text               mc_w.l(init.o)
    0x080083f0   0x00000056   Code   RO         1455    .text               mc_w.l(__dczerorl2.o)
    0x08008446   0x00000002   PAD
    0x08008448   0x00000020   Code   RO         1302    i.__0printf         mc_w.l(printfa.o)
    0x08008468   0x00000030   Code   RO         1388    i.__ARM_fpclassify  m_wm.l(fpclassify.o)
    0x08008498   0x0000003a   Code   RO         1042    i.__hardfp_sqrtf    m_wm.l(sqrtf.o)
    0x080084d2   0x00000006   PAD
    0x080084d8   0x00000080   Code   RO         1054    i.__hardfp_tan      m_wm.l(tan.o)
    0x08008558   0x00000438   Code   RO         1393    i.__ieee754_rem_pio2  m_wm.l(rred.o)
    0x08008990   0x000000f8   Code   RO         1390    i.__kernel_poly     m_wm.l(poly.o)
    0x08008a88   0x00000350   Code   RO         1398    i.__kernel_tan      m_wm.l(tan_i.o)
    0x08008dd8   0x00000014   Code   RO         1369    i.__mathlib_dbl_infnan  m_wm.l(dunder.o)
    0x08008dec   0x00000004   PAD
    0x08008df0   0x00000020   Code   RO         1371    i.__mathlib_dbl_invalid  m_wm.l(dunder.o)
    0x08008e10   0x00000020   Code   RO         1374    i.__mathlib_dbl_underflow  m_wm.l(dunder.o)
    0x08008e30   0x0000000e   Code   RO         1449    i.__scatterload_copy  mc_w.l(handlers.o)
    0x08008e3e   0x00000002   Code   RO         1450    i.__scatterload_null  mc_w.l(handlers.o)
    0x08008e40   0x0000000e   Code   RO         1451    i.__scatterload_zeroinit  mc_w.l(handlers.o)
    0x08008e4e   0x00000002   PAD
    0x08008e50   0x0000000c   Code   RO         1431    i.__set_errno       mc_w.l(errno.o)
    0x08008e5c   0x00000164   Code   RO         1309    i._fp_digits        mc_w.l(printfa.o)
    0x08008fc0   0x000006dc   Code   RO         1310    i._printf_core      mc_w.l(printfa.o)
    0x0800969c   0x00000024   Code   RO         1311    i._printf_post_padding  mc_w.l(printfa.o)
    0x080096c0   0x0000002e   Code   RO         1312    i._printf_pre_padding  mc_w.l(printfa.o)
    0x080096ee   0x00000018   Code   RO         1384    i.fabs              m_wm.l(fabs.o)
    0x08009706   0x00000002   PAD
    0x08009708   0x000000c8   Data   RO         1395    .constdata          m_wm.l(rred.o)
    0x080097d0   0x00000060   Data   RO         1399    .constdata          m_wm.l(tan_i.o)
    0x08009830   0x00000020   Data   RO         1447    Region$$Table       anon$$obj.o


    Execution Region RW_IRAM1 (Base: 0x20000000, Size: 0x000008e0, Max: 0x00020000, ABSOLUTE, COMPRESSED[0x0000003c])

    Base Addr    Size         Type   Attr      Idx    E Section Name        Object

    0x20000000   0x00000014   Data   RW            4    .data               batholithtimer.o
    0x20000014   0x00000004   PAD
    0x20000018   0x00000018   Data   RW          184    .data               motorengine.o
    0x20000030   0x00000018   Data   RW          217    .data               remotecontroller.o
    0x20000048   0x00000088   Data   RW          270    .data               app.o
    0x200000d0   0x0000004c   Data   RW          296    .data               can.o
    0x2000011c   0x00000008   Data   RW          322    .data               stepper.o
    0x20000124   0x00000014   Data   RW          372    .data               usart3.o
    0x20000138   0x00000010   Data   RW          618    .data               stm32f4xx_rcc.o
    0x20000148   0x00000014   Data   RW          763    .data               system_stm32f4xx.o
    0x2000015c   0x00000003   Data   RW          816    .data               stm32f4xx_it.o
    0x2000015f   0x00000001   PAD
    0x20000160   0x00000038   Data   RW          842    .data               rmvariables.o
    0x20000198   0x0000000c   Data   RW          903    .data               mpu6050_driver.o
    0x200001a4   0x00000004   Data   RW         1418    .data               mc_w.l(stdout.o)
    0x200001a8   0x00000004   Data   RW         1432    .data               mc_w.l(errno.o)
    0x200001ac   0x00000004   PAD
    0x200001b0   0x000000a0   Zero   RW          183    .bss                motorengine.o
    0x20000250   0x00000028   Zero   RW          216    .bss                remotecontroller.o
    0x20000278   0x00000078   Zero   RW          269    .bss                app.o
    0x200002f0   0x00000014   Zero   RW          295    .bss                can.o
    0x20000304   0x00000014   Zero   RW          371    .bss                usart3.o
    0x20000318   0x000001c6   Zero   RW          841    .bss                rmvariables.o
    0x200004de   0x00000002   PAD
    0x200004e0   0x00000400   Zero   RW          870    STACK               startup_stm32f429_439xx.o


==============================================================================

Image component sizes


      Code (inc. data)   RO Data    RW Data    ZI Data      Debug   Object Name

      2968        246          0        136        120       5145   app.o
      1024         52          0         20          0     326893   batholithtimer.o
       460         38          0          0          0       1001   brushlessmotor.o
      1768        172          0         76         20       3866   can.o
       740         38          0          0          0       2627   encoder.o
       368         60          0          0          0        651   main.o
       224         20          0          0          0       1901   misc.o
      3928        252          0         24        160       2876   motorengine.o
      1532        218          0         12          0       2209   mpu6050_driver.o
       924         88          0          0          0       3831   mpu6050_i2c.o
       232         18          0          0          0        873   mpu6050_interrupt.o
      2528        228          0         24         40       4490   remotecontroller.o
        50          0          0          0          0       1724   rmflash.o
       188         16          0         56        454      28464   rmvariables.o
        36          8        428          0       1024        868   startup_stm32f429_439xx.o
        84          8          0          8          0       1401   stepper.o
      2544         38          0          0          0       8048   stm32f4xx_can.o
       936         32          0          0          0       6369   stm32f4xx_dma.o
       272         10          0          0          0       2347   stm32f4xx_exti.o
      1688         24          0          0          0       9226   stm32f4xx_flash_1.o
       660         44          0          0          0       4173   stm32f4xx_gpio.o
       868         86          0          3          0       2042   stm32f4xx_it.o
      1592         54          0         16          0      12874   stm32f4xx_rcc.o
       148         12          0          0          0       1873   stm32f4xx_syscfg.o
      3234         60          0          0          0      22376   stm32f4xx_tim.o
      1108         34          0          0          0       7872   stm32f4xx_usart.o
       528         46          0         20          0       1907   system_stm32f4xx.o
       924         58          0         20         20       3832   usart3.o

    ----------------------------------------------------------------------
     31560       1960        460        420       1840     471759   Object Totals
         0          0         32          0          0          0   (incl. Generated)
         4          0          0          5          2          0   (incl. Padding)

    ----------------------------------------------------------------------

      Code (inc. data)   RO Data    RW Data    ZI Data      Debug   Library Member Name

        84         16          0          0          0        372   dunder.o
        24          0          0          0          0        124   fabs.o
        48          0          0          0          0        124   fpclassify.o
       248          0          0          0          0        152   poly.o
      1080        142        200          0          0        188   rred.o
        58          0          0          0          0        136   sqrtf.o
       128         20          0          0          0        144   tan.o
       848         84         96          0          0        196   tan_i.o
        86          0          0          0          0          0   __dczerorl2.o
         0          0          0          0          0          0   entry.o
         0          0          0          0          0          0   entry10a.o
         0          0          0          0          0          0   entry11a.o
         8          4          0          0          0          0   entry2.o
         4          0          0          0          0          0   entry5.o
         0          0          0          0          0          0   entry7b.o
         0          0          0          0          0          0   entry8b.o
         8          4          0          0          0          0   entry9a.o
        12          6          0          4          0         68   errno.o
        30          0          0          0          0          0   handlers.o
        36          8          0          0          0         68   init.o
         0          0          0          0          0          0   iusefp.o
        30          0          0          0          0         68   llshl.o
        36          0          0          0          0         68   llsshr.o
        32          0          0          0          0         68   llushr.o
      2226         90          0          0          0        444   printfa.o
         0          0          0          4          0          0   stdout.o
        44          0          0          0          0         80   uidiv.o
        98          0          0          0          0         92   uldiv.o
        48          0          0          0          0         68   cdcmple.o
        48          0          0          0          0         68   cdrcmple.o
        56          0          0          0          0         88   d2f.o
       334          0          0          0          0        148   dadd.o
       222          0          0          0          0        100   ddiv.o
       186          0          0          0          0        176   depilogue.o
        62          0          0          0          0         80   dfixi.o
        50          0          0          0          0         76   dfixui.o
        48          0          0          0          0         68   dfixul.o
        34          0          0          0          0         76   dflti.o
        26          0          0          0          0         76   dfltui.o
       228          0          0          0          0         96   dmul.o
        38          0          0          0          0         68   f2d.o
       110          0          0          0          0        168   fepilogue.o

    ----------------------------------------------------------------------
      6676        374        296          8          4       3748   Library Totals
        18          0          0          0          4          0   (incl. Padding)

    ----------------------------------------------------------------------

      Code (inc. data)   RO Data    RW Data    ZI Data      Debug   Library Name

      2518        262        296          0          0       1436   m_wm.l
      2650        112          0          8          0        956   mc_w.l
      1490          0          0          0          0       1356   mf_w.l

    ----------------------------------------------------------------------
      6676        374        296          8          4       3748   Library Totals

    ----------------------------------------------------------------------

==============================================================================


      Code (inc. data)   RO Data    RW Data    ZI Data      Debug   

     38236       2334        756        428       1844     467695   Grand Totals
     38236       2334        756         60       1844     467695   ELF Image Totals (compressed)
     38236       2334        756         60          0          0   ROM Totals

==============================================================================

    Total RO  Size (Code + RO Data)                38992 (  38.08kB)
    Total RW  Size (RW Data + ZI Data)              2272 (   2.22kB)
    Total ROM Size (Code + RO Data + RW Data)      39052 (  38.14kB)

==============================================================================

