Component: ARM Compiler 5.05 update 1 (build 106) Tool: armlink [4d0efa]

==============================================================================

Section Cross References

    batholithtimer.o(.text) refers to stm32f4xx_rcc.o(.text) for RCC_APB2PeriphClockCmd
    batholithtimer.o(.text) refers to stm32f4xx_gpio.o(.text) for GPIO_Init
    batholithtimer.o(.text) refers to stm32f4xx_tim.o(.text) for TIM_DeInit
    batholithtimer.o(.text) refers to batholithtimer.o(.data) for deadTime
    batholithtimer.o(.text) refers to system_stm32f4xx.o(.data) for SystemCoreClock
    batholithtimer.o(.text) refers to rmvariables.o(.bss) for me
    motorengine.o(.text) refers to tan.o(i.__hardfp_tan) for __hardfp_tan
    motorengine.o(.text) refers to dmul.o(.text) for __aeabi_dmul
    motorengine.o(.text) refers to dadd.o(.text) for __aeabi_dadd
    motorengine.o(.text) refers to ddiv.o(.text) for __aeabi_ddiv
    motorengine.o(.text) refers to remotecontroller.o(.text) for getWvelocity
    motorengine.o(.text) refers to rmvariables.o(.bss) for me
    motorengine.o(.text) refers to motorengine.o(.data) for xRatio
    motorengine.o(.text) refers to motorengine.o(.bss) for preR1
    motorengine.o(.text) refers to cdcmple.o(.text) for __aeabi_cdcmple
    motorengine.o(.text) refers to dfixui.o(.text) for __aeabi_d2uiz
    motorengine.o(.text) refers to cdrcmple.o(.text) for __aeabi_cdrcmple
    motorengine.o(.text) refers to batholithtimer.o(.text) for batholithResetPwm
    remotecontroller.o(.text) refers to stm32f4xx_rcc.o(.text) for RCC_AHB1PeriphClockCmd
    remotecontroller.o(.text) refers to stm32f4xx_gpio.o(.text) for GPIO_Init
    remotecontroller.o(.text) refers to stm32f4xx_usart.o(.text) for USART_DeInit
    remotecontroller.o(.text) refers to stm32f4xx_dma.o(.text) for DMA_DeInit
    remotecontroller.o(.text) refers to dflti.o(.text) for __aeabi_i2d
    remotecontroller.o(.text) refers to dmul.o(.text) for __aeabi_dmul
    remotecontroller.o(.text) refers to dadd.o(.text) for __aeabi_dadd
    remotecontroller.o(.text) refers to remotecontroller.o(.bss) for sbus_rx_buffer
    remotecontroller.o(.text) refers to remotecontroller.o(.data) for preKey
    remotecontroller.o(.text) refers to ddiv.o(.text) for __aeabi_ddiv
    remotecontroller.o(.text) refers to sqrtf.o(i.__hardfp_sqrtf) for __hardfp_sqrtf
    remotecontroller.o(.text) refers to f2d.o(.text) for __aeabi_f2d
    remotecontroller.o(.text) refers to dfltui.o(.text) for __aeabi_ui2d
    remotecontroller.o(.text) refers to cdcmple.o(.text) for __aeabi_cdcmple
    remotecontroller.o(.text) refers to cdrcmple.o(.text) for __aeabi_cdrcmple
    remotecontroller.o(.text) refers to rmvariables.o(.bss) for me
    remotecontroller.o(.text) refers to can.o(.text) for setIsAutoTargetMode
    remotecontroller.o(.text) refers to printfa.o(i.__0printf) for __2printf
    remotecontroller.o(.text) refers to stm32f4xx_flash_1.o(.text) for FLASH_Unlock
    remotecontroller.o(.text) refers to rmflash.o(.text) for storeUserKeys
    encoder.o(.text) refers to stm32f4xx_rcc.o(.text) for RCC_AHB1PeriphClockCmd
    encoder.o(.text) refers to stm32f4xx_gpio.o(.text) for GPIO_Init
    encoder.o(.text) refers to stm32f4xx_tim.o(.text) for TIM_EncoderInterfaceConfig
    encoder.o(.text) refers to rmvariables.o(.data) for encoder_cnt
    app.o(.text) refers to stm32f4xx_flash_1.o(.text) for FLASH_Unlock
    app.o(.text) refers to rmflash.o(.text) for storeYunTaiParameters
    app.o(.text) refers to usart3.o(.text) for USART3_SendChar
    app.o(.text) refers to stm32f4xx_can.o(.text) for CAN_Transmit
    app.o(.text) refers to cdrcmple.o(.text) for __aeabi_cdrcmple
    app.o(.text) refers to cdcmple.o(.text) for __aeabi_cdcmple
    app.o(.text) refers to dadd.o(.text) for __aeabi_drsub
    app.o(.text) refers to dmul.o(.text) for __aeabi_dmul
    app.o(.text) refers to app.o(.data) for lp_p
    app.o(.text) refers to app.o(.bss) for error_v
    app.o(.text) refers to ddiv.o(.text) for __aeabi_ddiv
    can.o(.text) refers to dfltui.o(.text) for __aeabi_ui2d
    can.o(.text) refers to stm32f4xx_rcc.o(.text) for RCC_AHB1PeriphClockCmd
    can.o(.text) refers to stm32f4xx_gpio.o(.text) for GPIO_Init
    can.o(.text) refers to stm32f4xx_can.o(.text) for CAN_DeInit
    can.o(.text) refers to misc.o(.text) for NVIC_Init
    can.o(.text) refers to dmul.o(.text) for __aeabi_dmul
    can.o(.text) refers to dadd.o(.text) for __aeabi_dadd
    can.o(.text) refers to cdrcmple.o(.text) for __aeabi_cdrcmple
    can.o(.text) refers to cdcmple.o(.text) for __aeabi_cdcmple
    can.o(.text) refers to dflti.o(.text) for __aeabi_i2d
    can.o(.text) refers to app.o(.text) for Position_Control_203
    can.o(.text) refers to dfixi.o(.text) for __aeabi_d2iz
    can.o(.text) refers to can.o(.data) for wanted_p
    can.o(.text) refers to can.o(.bss) for rx_message
    stepper.o(.text) refers to stm32f4xx_rcc.o(.text) for RCC_AHB1PeriphClockCmd
[...]
    .text                                    0x08006e04   Section        0  main.o(.text)
    .text                                    0x08006ec8   Section        0  stm32f4xx_it.o(.text)
    .text                                    0x08006fd4   Section        0  rmvariables.o(.text)
    .text                                    0x08007090   Section       36  startup_stm32f429_439xx.o(.text)
    $v0                                      0x08007090   Number         0  startup_stm32f429_439xx.o(.text)
    .text                                    0x080070b4   Section        0  rmflash.o(.text)
    .text                                    0x080070e8   Section        0  mpu6050_driver.o(.text)
    .text                                    0x080076e4   Section        0  mpu6050_i2c.o(.text)
    .text                                    0x08007a80   Section        0  mpu6050_interrupt.o(.text)
    .text                                    0x08007b68   Section        0  dadd.o(.text)
    .text                                    0x08007cb6   Section        0  dmul.o(.text)
    .text                                    0x08007d9a   Section        0  ddiv.o(.text)
    .text                                    0x08007e78   Section        0  dflti.o(.text)
    .text                                    0x08007e9a   Section        0  dfltui.o(.text)
    .text                                    0x08007eb4   Section        0  dfixi.o(.text)
    .text                                    0x08007ef2   Section        0  dfixui.o(.text)
    .text                                    0x08007f24   Section        0  f2d.o(.text)
    .text                                    0x08007f4c   Section       48  cdcmple.o(.text)
    .text                                    0x08007f7c   Section       48  cdrcmple.o(.text)
    .text                                    0x08007fac   Section        0  d2f.o(.text)
    .text                                    0x08007fe4   Section        0  uidiv.o(.text)
    .text                                    0x08008010   Section        0  uldiv.o(.text)
    .text                                    0x08008072   Section        0  llshl.o(.text)
    .text                                    0x08008090   Section        0  llushr.o(.text)
    .text                                    0x080080b0   Section        0  llsshr.o(.text)
    .text                                    0x080080d4   Section        0  iusefp.o(.text)
    .text                                    0x080080d4   Section        0  fepilogue.o(.text)
    .text                                    0x08008142   Section        0  depilogue.o(.text)
    .text                                    0x080081fc   Section        0  dfixul.o(.text)
    .text                                    0x0800822c   Section       36  init.o(.text)
    .text                                    0x08008250   Section        0  __dczerorl2.o(.text)
    i.__0printf                              0x080082a8   Section        0  printfa.o(i.__0printf)
    i.__ARM_fpclassify                       0x080082c8   Section        0  fpclassify.o(i.__ARM_fpclassify)
    i.__hardfp_sqrtf                         0x080082f8   Section        0  sqrtf.o(i.__hardfp_sqrtf)
    i.__hardfp_tan                           0x08008338   Section        0  tan.o(i.__hardfp_tan)
    i.__ieee754_rem_pio2                     0x080083b8   Section        0  rred.o(i.__ieee754_rem_pio2)
    i.__kernel_poly                          0x080087f0   Section        0  poly.o(i.__kernel_poly)
    i.__kernel_tan                           0x080088e8   Section        0  tan_i.o(i.__kernel_tan)
    i.__mathlib_dbl_infnan                   0x08008c38   Section        0  dunder.o(i.__mathlib_dbl_infnan)
    i.__mathlib_dbl_invalid                  0x08008c50   Section        0  dunder.o(i.__mathlib_dbl_invalid)
    i.__mathlib_dbl_underflow                0x08008c70   Section        0  dunder.o(i.__mathlib_dbl_underflow)
    i.__scatterload_copy                     0x08008c90   Section       14  handlers.o(i.__scatterload_copy)
    i.__scatterload_null                     0x08008c9e   Section        2  handlers.o(i.__scatterload_null)
    i.__scatterload_zeroinit                 0x08008ca0   Section       14  handlers.o(i.__scatterload_zeroinit)
    i.__set_errno                            0x08008cb0   Section        0  errno.o(i.__set_errno)
    i._fp_digits                             0x08008cbc   Section        0  printfa.o(i._fp_digits)
    _fp_digits                               0x08008cbd   Thumb Code   334  printfa.o(i._fp_digits)
    i._printf_core                           0x08008e20   Section        0  printfa.o(i._printf_core)
    _printf_core                             0x08008e21   Thumb Code  1744  printfa.o(i._printf_core)
    i._printf_post_padding                   0x080094fc   Section        0  printfa.o(i._printf_post_padding)
    _printf_post_padding                     0x080094fd   Thumb Code    36  printfa.o(i._printf_post_padding)
    i._printf_pre_padding                    0x08009520   Section        0  printfa.o(i._printf_pre_padding)
    _printf_pre_padding                      0x08009521   Thumb Code    46  printfa.o(i._printf_pre_padding)
    i.fabs                                   0x0800954e   Section        0  fabs.o(i.fabs)
    .constdata                               0x08009568   Section      200  rred.o(.constdata)
    pio2s                                    0x08009568   Data          48  rred.o(.constdata)
    twooverpi                                0x08009598   Data         152  rred.o(.constdata)
    .constdata                               0x08009630   Section       96  tan_i.o(.constdata)
    Todd                                     0x08009630   Data          48  tan_i.o(.constdata)
    Teven                                    0x08009660   Data          48  tan_i.o(.constdata)
    .data                                    0x20000000   Section        8  batholithtimer.o(.data)
    deadTime                                 0x20000000   Data           1  batholithtimer.o(.data)
    piancha                                  0x20000004   Data           4  batholithtimer.o(.data)
    .data                                    0x20000008   Section       24  motorengine.o(.data)
    xRatio                                   0x20000008   Data           8  motorengine.o(.data)
    yRatio                                   0x20000010   Data           8  motorengine.o(.data)
    wRatio                                   0x20000018   Data           8  motorengine.o(.data)
    .data                                    0x20000020   Section       48  remotecontroller.o(.data)
    preXvelocity                             0x20000020   Data           8  remotecontroller.o(.data)
    preYvelocity                             0x20000028   Data           8  remotecontroller.o(.data)
    preWvelocity                             0x20000030   Data           8  remotecontroller.o(.data)
    preKey                                   0x20000038   Data           2  remotecontroller.o(.data)
    isfbSpeedUp                              0x2000003a   Data           1  remotecontroller.o(.data)
    islrSpeedUp                              0x2000003b   Data           1  remotecontroller.o(.data)
    fbSpeedRatio                             0x20000040   Data           8  remotecontroller.o(.data)
    lrSpeedRatio                             0x20000048   Data           8  remotecontroller.o(.data)
    .data                                    0x20000050   Section      104  app.o(.data)
    lp_p                                     0x20000050   Data           8  app.o(.data)
    lp_i                                     0x20000058   Data           8  app.o(.data)
    lp_d                                     0x20000060   Data           8  app.o(.data)
    ly_p                                     0x20000068   Data           8  app.o(.data)
    ly_i                                     0x20000070   Data           8  app.o(.data)
    ly_d                                     0x20000078   Data           8  app.o(.data)
    outputCount                              0x20000080   Data           4  app.o(.data)
    output                                   0x20000088   Data           8  app.o(.data)
    output                                   0x20000090   Data           8  app.o(.data)
    inte                                     0x20000098   Data           8  app.o(.data)
    output                                   0x200000a0   Data           8  app.o(.data)
    output                                   0x200000a8   Data           8  app.o(.data)
    output                                   0x200000b0   Data           8  app.o(.data)
    .data                                    0x200000b8   Section       76  can.o(.data)
    wanted_p                                 0x200000b8   Data           8  can.o(.data)
    prewanted_p                              0x200000c0   Data           8  can.o(.data)
    wanted_y                                 0x200000c8   Data           8  can.o(.data)
    prewanted_y                              0x200000d0   Data           8  can.o(.data)
    canItTimes                               0x200000d8   Data           2  can.o(.data)
    target_p                                 0x200000e0   Data           8  can.o(.data)
    target_y                                 0x200000e8   Data           8  can.o(.data)
    isAutoTargetMode                         0x200000f0   Data           1  can.o(.data)
    isYawTargeted                            0x200000f1   Data           1  can.o(.data)
    isPitchTargeted                          0x200000f2   Data           1  can.o(.data)
    pre_position_203                         0x200000f8   Data           4  can.o(.data)
    .data                                    0x20000104   Section        8  stepper.o(.data)
    .data                                    0x2000010c   Section       20  usart3.o(.data)
    Yaw_adjust                               0x2000010e   Data           2  usart3.o(.data)
    Pitch_adjust                             0x20000110   Data           2  usart3.o(.data)
    adjust_flag                              0x20000112   Data           1  usart3.o(.data)
    DebugCnt                                 0x20000113   Data           1  usart3.o(.data)
    kp                                       0x20000114   Data           2  usart3.o(.data)
    ki                                       0x20000116   Data           2  usart3.o(.data)
    kd                                       0x20000118   Data           2  usart3.o(.data)
    moto_num                                 0x2000011a   Data           1  usart3.o(.data)
    isReceived                               0x2000011b   Data           1  usart3.o(.data)
    head                                     0x2000011c   Data           1  usart3.o(.data)
    special1                                 0x2000011d   Data           1  usart3.o(.data)
    special2                                 0x2000011e   Data           1  usart3.o(.data)
    change                                   0x2000011f   Data           1  usart3.o(.data)
    .data                                    0x20000120   Section       16  stm32f4xx_rcc.o(.data)
    APBAHBPrescTable                         0x20000120   Data          16  stm32f4xx_rcc.o(.data)
    .data                                    0x20000130   Section       20  system_stm32f4xx.o(.data)
    .data                                    0x20000144   Section        3  stm32f4xx_it.o(.data)
    itTimes                                  0x20000144   Data           1  stm32f4xx_it.o(.data)
    shootCount                               0x20000145   Data           1  stm32f4xx_it.o(.data)
    brushStart                               0x20000146   Data           1  stm32f4xx_it.o(.data)
    .data                                    0x20000148   Section       32  rmvariables.o(.data)
    .data                                    0x20000168   Section       12  mpu6050_driver.o(.data)
    .data                                    0x20000174   Section        4  stdout.o(.data)
    .data                                    0x20000178   Section        4  errno.o(.data)
    _errno                                   0x20000178   Data           4  errno.o(.data)
    .bss                                     0x20000180   Section      160  motorengine.o(.bss)
    preR1                                    0x20000180   Data          40  motorengine.o(.bss)
    preR2                                    0x200001a8   Data          40  motorengine.o(.bss)
    preR3                                    0x200001d0   Data          40  motorengine.o(.bss)
    preR4                                    0x200001f8   Data          40  motorengine.o(.bss)
    .bss                                     0x20000220   Section      136  remotecontroller.o(.bss)
    sbus_rx_buffer                           0x20000220   Data          18  remotecontroller.o(.bss)
    RC_Ctl                                   0x20000238   Data          96  remotecontroller.o(.bss)
    preMouseY                                0x20000298   Data          16  remotecontroller.o(.bss)
    .bss                                     0x200002a8   Section       96  app.o(.bss)
    error_v                                  0x200002a8   Data          16  app.o(.bss)
    error_l                                  0x200002b8   Data          16  app.o(.bss)
    error_v                                  0x200002c8   Data          16  app.o(.bss)
    error_l                                  0x200002d8   Data          24  app.o(.bss)
    error_c                                  0x200002f0   Data          24  app.o(.bss)
    .bss                                     0x20000308   Section       20  can.o(.bss)
    rx_message                               0x20000308   Data          20  can.o(.bss)
    .bss                                     0x2000031c   Section       20  usart3.o(.bss)
    DebugBuf                                 0x20000326   Data          10  usart3.o(.bss)
    .bss                                     0x20000330   Section      332  rmvariables.o(.bss)
    STACK                                    0x20000480   Section     1024  startup_stm32f429_439xx.o(STACK)

    Global Symbols

    Symbol Name                              Value     Ov Type        Size  Object(Section)

    BuildAttributes$$THM_ISAv4$E$P$D$K$B$S$7EM$VFPi3$EXTD16$VFPS$VFMA$PE$A:L22UL41UL21$X:L11$S22US41US21$IEEE1$IW$USESV6$~STKCKD$USESV7$~SHL$OTIME$ROPI$IEEEX$EBA8$MICROLIB$REQ8$PRES8$EABIv2 0x00000000   Number         0  anon$$obj.o ABSOLUTE
    __ARM_use_no_argv                        0x00000000   Number         0  main.o ABSOLUTE
    _printf_a                                0x00000000   Number         0  stubs.o ABSOLUTE
    _printf_c                                0x00000000   Number         0  stubs.o ABSOLUTE
    _printf_charcount                        0x00000000   Number         0  stubs.o ABSOLUTE
    _printf_d                                0x00000000   Number         0  stubs.o ABSOLUTE
    _printf_e                                0x00000000   Number         0  stubs.o ABSOLUTE
    _printf_f                                0x00000000   Number         0  stubs.o ABSOLUTE
    _printf_flags                            0x00000000   Number         0  stubs.o ABSOLUTE
    _printf_fp_dec                           0x00000000   Number         0  stubs.o ABSOLUTE
    _printf_fp_hex                           0x00000000   Number         0  stubs.o ABSOLUTE
    _printf_g                                0x00000000   Number         0  stubs.o ABSOLUTE
    _printf_i                                0x00000000   Number         0  stubs.o ABSOLUTE
    _printf_int_dec                          0x00000000   Number         0  stubs.o ABSOLUTE
    _printf_l                                0x00000000   Number         0  stubs.o ABSOLUTE
    _printf_lc                               0x00000000   Number         0  stubs.o ABSOLUTE
    _printf_ll                               0x00000000   Number         0  stubs.o ABSOLUTE
    _printf_lld                              0x00000000   Number         0  stubs.o ABSOLUTE
    _printf_lli                              0x00000000   Number         0  stubs.o ABSOLUTE
    _printf_llo                              0x00000000   Number         0  stubs.o ABSOLUTE
    _printf_llu                              0x00000000   Number         0  stubs.o ABSOLUTE
    _printf_llx                              0x00000000   Number         0  stubs.o ABSOLUTE
    _printf_longlong_dec                     0x00000000   Number         0  stubs.o ABSOLUTE
    _printf_longlong_hex                     0x00000000   Number         0  stubs.o ABSOLUTE
    _printf_longlong_oct                     0x00000000   Number         0  stubs.o ABSOLUTE
    _printf_ls                               0x00000000   Number         0  stubs.o ABSOLUTE
    _printf_mbtowc                           0x00000000   Number         0  stubs.o ABSOLUTE
    _printf_n                                0x00000000   Number         0  stubs.o ABSOLUTE
    _printf_o                                0x00000000   Number         0  stubs.o ABSOLUTE
    _printf_p                                0x00000000   Number         0  stubs.o ABSOLUTE
    _printf_percent                          0x00000000   Number         0  stubs.o ABSOLUTE
    _printf_pre_padding                      0x00000000   Number         0  stubs.o ABSOLUTE
    _printf_return_value                     0x00000000   Number         0  stubs.o ABSOLUTE
    _printf_s                                0x00000000   Number         0  stubs.o ABSOLUTE
    _printf_sizespec                         0x00000000   Number         0  stubs.o ABSOLUTE
    _printf_str                              0x00000000   Number         0  stubs.o ABSOLUTE
    _printf_truncate_signed                  0x00000000   Number         0  stubs.o ABSOLUTE
    _printf_truncate_unsigned                0x00000000   Number         0  stubs.o ABSOLUTE
    _printf_u                                0x00000000   Number         0  stubs.o ABSOLUTE
    _printf_wc                               0x00000000   Number         0  stubs.o ABSOLUTE
    _printf_wctomb                           0x00000000   Number         0  stubs.o ABSOLUTE
    _printf_widthprec                        0x00000000   Number         0  stubs.o ABSOLUTE
    _printf_x                                0x00000000   Number         0  stubs.o ABSOLUTE
    __cpp_initialize__aeabi_                  - Undefined Weak Reference
    __cxa_finalize                            - Undefined Weak Reference
    _clock_init                               - Undefined Weak Reference
    _microlib_exit                            - Undefined Weak Reference
    __Vectors_Size                           0x000001ac   Number         0  startup_stm32f429_439xx.o ABSOLUTE
    __Vectors                                0x08000000   Data           4  startup_stm32f429_439xx.o(RESET)
    __Vectors_End                            0x080001ac   Data           0  startup_stm32f429_439xx.o(RESET)
    __main                                   0x080001ad   Thumb Code     0  entry.o(.ARM.Collect$$$$00000000)
    _main_stk                                0x080001ad   Thumb Code     0  entry2.o(.ARM.Collect$$$$00000001)
    _main_scatterload                        0x080001b1   Thumb Code     0  entry5.o(.ARM.Collect$$$$00000004)
    __main_after_scatterload                 0x080001b5   Thumb Code     0  entry5.o(.ARM.Collect$$$$00000004)
    _main_clock                              0x080001b5   Thumb Code     0  entry7b.o(.ARM.Collect$$$$00000008)
    _main_cpp_init                           0x080001b5   Thumb Code     0  entry8b.o(.ARM.Collect$$$$0000000A)
    _main_init                               0x080001b5   Thumb Code     0  entry9a.o(.ARM.Collect$$$$0000000B)
    __rt_final_cpp                           0x080001bd   Thumb Code     0  entry10a.o(.ARM.Collect$$$$0000000D)
    __rt_final_exit                          0x080001bd   Thumb Code     0  entry11a.o(.ARM.Collect$$$$0000000F)
    getDeadTime                              0x080001c1   Thumb Code     6  batholithtimer.o(.text)
    setDeadTime                              0x080001c7   Thumb Code     6  batholithtimer.o(.text)
    RmBatholicTIM8_Config                    0x080001cd   Thumb Code   336  batholithtimer.o(.text)
    RmBatholicTIM1_Config                    0x0800031d   Thumb Code   292  batholithtimer.o(.text)
    RmBatholicTIM_PWM_Config                 0x08000441   Thumb Code    12  batholithtimer.o(.text)
    batholithSetPwm                          0x0800044d   Thumb Code   106  batholithtimer.o(.text)
    batholithResetPwm                        0x080004b7   Thumb Code    44  batholithtimer.o(.text)
    MotorEngine_Config                       0x0800050d   Thumb Code   348  motorengine.o(.text)
    CalcRotations                            0x08000669   Thumb Code  1790  motorengine.o(.text)
    PIDAlgorithm4                            0x08000d67   Thumb Code   270  motorengine.o(.text)
    PIDAlgorithm3                            0x08000e75   Thumb Code   216  motorengine.o(.text)
    PIDAlgorithm2                            0x08000f4d   Thumb Code   216  motorengine.o(.text)
    PIDAlgorithm1                            0x08001025   Thumb Code   216  motorengine.o(.text)
    PIDAlgorithm                             0x080010fd   Thumb Code   842  motorengine.o(.text)
    RC_Init                                  0x0800145d   Thumb Code   274  remotecontroller.o(.text)
    RC_Receive                               0x0800156f   Thumb Code   534  remotecontroller.o(.text)
    getYunTaiDeltaPositionYaw                0x08001785   Thumb Code    32  remotecontroller.o(.text)
    getYunTaiDeltaPositionPitch              0x080017a5   Thumb Code   308  remotecontroller.o(.text)
    RC_Convert                               0x080018d9   Thumb Code  1816  remotecontroller.o(.text)
    getYvelocity                             0x08001ff1   Thumb Code     8  remotecontroller.o(.text)
    getXvelocity                             0x08001ff9   Thumb Code     8  remotecontroller.o(.text)
    getWvelocity                             0x08002001   Thumb Code     8  remotecontroller.o(.text)
    getBMPWM                                 0x08002009   Thumb Code     6  remotecontroller.o(.text)
    isStepperMoving                          0x0800200f   Thumb Code     8  remotecontroller.o(.text)
    getMouse                                 0x08002017   Thumb Code    20  remotecontroller.o(.text)
    isYunTaiYawMoving                        0x0800202b   Thumb Code    30  remotecontroller.o(.text)
    isAutoTarget                             0x08002049   Thumb Code    14  remotecontroller.o(.text)
    storeCurrentKeySettings                  0x08002057   Thumb Code   250  remotecontroller.o(.text)
    loadKeySettings                          0x08002151   Thumb Code    72  remotecontroller.o(.text)
    Encoder_TIM5_Init                        0x080021a1   Thumb Code   106  encoder.o(.text)
    Encoder_TIM4_Init                        0x0800220b   Thumb Code   108  encoder.o(.text)
    Encoder_TIM3_Init                        0x08002277   Thumb Code   106  encoder.o(.text)
    Encoder_TIM2_Init                        0x080022e1   Thumb Code   120  encoder.o(.text)
    Encoder_Init                             0x08002359   Thumb Code    20  encoder.o(.text)
    Encoder_Reset                            0x0800236d   Thumb Code     8  encoder.o(.text)
    Encoder_Count                            0x08002375   Thumb Code    12  encoder.o(.text)
    Encoder_Get                              0x08002381   Thumb Code    80  encoder.o(.text)
    Encoder_TIM1_Init                        0x080023d1   Thumb Code   108  encoder.o(.text)
    Encoder_Start                            0x0800243d   Thumb Code     4  encoder.o(.text)
    setPitchPositionParameters               0x08002465   Thumb Code    20  app.o(.text)
    setYawPositionParameters                 0x08002479   Thumb Code    20  app.o(.text)
    storeCurrentYuntaiParameters             0x0800248d   Thumb Code   166  app.o(.text)
    loadYuntaiParameters                     0x08002533   Thumb Code    62  app.o(.text)
    outputData                               0x08002571   Thumb Code   146  app.o(.text)
    Cmd_ESC                                  0x08002603   Thumb Code    84  app.o(.text)
    Velocity_Control_201                     0x08002657   Thumb Code   332  app.o(.text)
    Position_Control_201                     0x080027a3   Thumb Code   408  app.o(.text)
    Velocity_Control_203                     0x0800293b   Thumb Code   332  app.o(.text)
    Position_Control_203                     0x08002a87   Thumb Code   706  app.o(.text)
    Current_Control_203                      0x08002d49   Thumb Code   402  app.o(.text)
    setWanted_pWanted_y                      0x08002f19   Thumb Code    28  can.o(.text)
    CAN1_Mode_Init                           0x08002f35   Thumb Code   278  can.o(.text)
    CAN1_RX0_IRQHandler                      0x0800304b   Thumb Code  1160  can.o(.text)
    CAN1_Receive_Msg                         0x080034d3   Thumb Code    60  can.o(.text)
    setIsAutoTargetMode                      0x0800350f   Thumb Code     6  can.o(.text)
    setYunTaiPosition                        0x08003515   Thumb Code    72  can.o(.text)
    setIsYawTargeted                         0x0800355d   Thumb Code     6  can.o(.text)
    setIsPitchTargeted                       0x08003563   Thumb Code     6  can.o(.text)
    Stepper_Init                             0x0800359d   Thumb Code    42  stepper.o(.text)
    Stepper_Write                            0x080035c7   Thumb Code    18  stepper.o(.text)
    Stepper_Ctrl                             0x080035d9   Thumb Code    16  stepper.o(.text)
    BMotor_Init                              0x080035f1   Thumb Code   200  brushlessmotor.o(.text)
    BMotor_PWM                               0x080036b9   Thumb Code   156  brushlessmotor.o(.text)
    USART3_Configuration                     0x08003775   Thumb Code   168  usart3.o(.text)
    USART3_SendChar                          0x0800381d   Thumb Code    28  usart3.o(.text)
    USART3_IRQHandler                        0x08003839   Thumb Code   284  usart3.o(.text)
    resetIsReceive                           0x08003955   Thumb Code     8  usart3.o(.text)
    getIsReceive                             0x0800395d   Thumb Code     6  usart3.o(.text)
    setMotoParameter                         0x08003963   Thumb Code   406  usart3.o(.text)
    getYunTaiAdjustYaw                       0x08003af9   Thumb Code     8  usart3.o(.text)
    getYunTaiAdjustPitch                     0x08003b01   Thumb Code     8  usart3.o(.text)
    fputc                                    0x08003b09   Thumb Code    32  usart3.o(.text)
    FLASH_SetLatency                         0x08003b7d   Thumb Code     6  stm32f4xx_flash_1.o(.text)
    FLASH_PrefetchBufferCmd                  0x08003b83   Thumb Code    30  stm32f4xx_flash_1.o(.text)
    FLASH_InstructionCacheCmd                0x08003ba1   Thumb Code    30  stm32f4xx_flash_1.o(.text)
    FLASH_DataCacheCmd                       0x08003bbf   Thumb Code    30  stm32f4xx_flash_1.o(.text)
    FLASH_InstructionCacheReset              0x08003bdd   Thumb Code    14  stm32f4xx_flash_1.o(.text)
    FLASH_DataCacheReset                     0x08003beb   Thumb Code    14  stm32f4xx_flash_1.o(.text)
    FLASH_Unlock                             0x08003bf9   Thumb Code    26  stm32f4xx_flash_1.o(.text)
    FLASH_Lock                               0x08003c13   Thumb Code    18  stm32f4xx_flash_1.o(.text)
    FLASH_GetStatus                          0x08003c25   Thumb Code    90  stm32f4xx_flash_1.o(.text)
    FLASH_WaitForLastOperation               0x08003c7f   Thumb Code    34  stm32f4xx_flash_1.o(.text)
    FLASH_EraseSector                        0x08003ca1   Thumb Code   140  stm32f4xx_flash_1.o(.text)
    FLASH_EraseAllSectors                    0x08003d2d   Thumb Code   118  stm32f4xx_flash_1.o(.text)
    FLASH_EraseAllBank1Sectors               0x08003da3   Thumb Code   112  stm32f4xx_flash_1.o(.text)
    FLASH_EraseAllBank2Sectors               0x08003e13   Thumb Code   112  stm32f4xx_flash_1.o(.text)
    FLASH_ProgramDoubleWord                  0x08003e83   Thumb Code    86  stm32f4xx_flash_1.o(.text)
    FLASH_ProgramWord                        0x08003ed9   Thumb Code    82  stm32f4xx_flash_1.o(.text)
    FLASH_ProgramHalfWord                    0x08003f2b   Thumb Code    96  stm32f4xx_flash_1.o(.text)
    FLASH_ProgramByte                        0x08003f8b   Thumb Code    70  stm32f4xx_flash_1.o(.text)
    FLASH_OB_Unlock                          0x08003fd1   Thumb Code    26  stm32f4xx_flash_1.o(.text)
    FLASH_OB_Lock                            0x08003feb   Thumb Code    18  stm32f4xx_flash_1.o(.text)
    FLASH_OB_WRPConfig                       0x08003ffd   Thumb Code    54  stm32f4xx_flash_1.o(.text)
    FLASH_OB_WRP1Config                      0x08004033   Thumb Code    54  stm32f4xx_flash_1.o(.text)
    FLASH_OB_PCROPSelectionConfig            0x08004069   Thumb Code    24  stm32f4xx_flash_1.o(.text)
    FLASH_OB_PCROPConfig                     0x08004081   Thumb Code    54  stm32f4xx_flash_1.o(.text)
    FLASH_OB_PCROP1Config                    0x080040b7   Thumb Code    54  stm32f4xx_flash_1.o(.text)
    FLASH_OB_RDPConfig                       0x080040ed   Thumb Code    24  stm32f4xx_flash_1.o(.text)
    FLASH_OB_UserConfig                      0x08004105   Thumb Code    46  stm32f4xx_flash_1.o(.text)
    FLASH_OB_BootConfig                      0x08004133   Thumb Code    26  stm32f4xx_flash_1.o(.text)
    FLASH_OB_BORConfig                       0x0800414d   Thumb Code    26  stm32f4xx_flash_1.o(.text)
    FLASH_OB_Launch                          0x08004167   Thumb Code    30  stm32f4xx_flash_1.o(.text)
    FLASH_OB_GetUser                         0x08004185   Thumb Code    12  stm32f4xx_flash_1.o(.text)
    FLASH_OB_GetWRP                          0x08004191   Thumb Code     8  stm32f4xx_flash_1.o(.text)
    FLASH_OB_GetWRP1                         0x08004199   Thumb Code     8  stm32f4xx_flash_1.o(.text)
    FLASH_OB_GetPCROP                        0x080041a1   Thumb Code     8  stm32f4xx_flash_1.o(.text)
    FLASH_OB_GetPCROP1                       0x080041a9   Thumb Code     8  stm32f4xx_flash_1.o(.text)
    FLASH_OB_GetRDP                          0x080041b1   Thumb Code    20  stm32f4xx_flash_1.o(.text)
    FLASH_OB_GetBOR                          0x080041c5   Thumb Code    12  stm32f4xx_flash_1.o(.text)
    FLASH_ITConfig                           0x080041d1   Thumb Code    26  stm32f4xx_flash_1.o(.text)
    FLASH_GetFlagStatus                      0x080041eb   Thumb Code    22  stm32f4xx_flash_1.o(.text)
    FLASH_ClearFlag                          0x08004201   Thumb Code     8  stm32f4xx_flash_1.o(.text)
    NVIC_PriorityGroupConfig                 0x08004215   Thumb Code    10  misc.o(.text)
    NVIC_Init                                0x0800421f   Thumb Code   106  misc.o(.text)
    NVIC_SetVectorTable                      0x08004289   Thumb Code    14  misc.o(.text)
    NVIC_SystemLPConfig                      0x08004297   Thumb Code    34  misc.o(.text)
    SysTick_CLKSourceConfig                  0x080042b9   Thumb Code    40  misc.o(.text)
    CAN_DeInit                               0x080042f5   Thumb Code    50  stm32f4xx_can.o(.text)
    CAN_Init                                 0x08004327   Thumb Code   276  stm32f4xx_can.o(.text)
    CAN_FilterInit                           0x0800443b   Thumb Code   258  stm32f4xx_can.o(.text)
    CAN_StructInit                           0x0800453d   Thumb Code    32  stm32f4xx_can.o(.text)
    CAN_SlaveStartBank                       0x0800455d   Thumb Code    48  stm32f4xx_can.o(.text)
    CAN_DBGFreeze                            0x0800458d   Thumb Code    22  stm32f4xx_can.o(.text)
    CAN_TTComModeCmd                         0x080045a3   Thumb Code   118  stm32f4xx_can.o(.text)
    CAN_Transmit                             0x08004619   Thumb Code   304  stm32f4xx_can.o(.text)
    CAN_TransmitStatus                       0x08004749   Thumb Code   138  stm32f4xx_can.o(.text)
    CAN_CancelTransmit                       0x080047d3   Thumb Code    48  stm32f4xx_can.o(.text)
    CAN_Receive                              0x08004803   Thumb Code   240  stm32f4xx_can.o(.text)
    CAN_FIFORelease                          0x080048f3   Thumb Code    22  stm32f4xx_can.o(.text)
    CAN_MessagePending                       0x08004909   Thumb Code    30  stm32f4xx_can.o(.text)
    CAN_OperatingModeRequest                 0x08004927   Thumb Code   162  stm32f4xx_can.o(.text)
    CAN_Sleep                                0x080049c9   Thumb Code    30  stm32f4xx_can.o(.text)
    CAN_WakeUp                               0x080049e7   Thumb Code    48  stm32f4xx_can.o(.text)
    CAN_GetLastErrorCode                     0x08004a17   Thumb Code    12  stm32f4xx_can.o(.text)
    CAN_GetReceiveErrorCounter               0x08004a23   Thumb Code    10  stm32f4xx_can.o(.text)
    CAN_GetLSBTransmitErrorCounter           0x08004a2d   Thumb Code    12  stm32f4xx_can.o(.text)
    CAN_ITConfig                             0x08004a39   Thumb Code    18  stm32f4xx_can.o(.text)
    CAN_GetFlagStatus                        0x08004a4b   Thumb Code   120  stm32f4xx_can.o(.text)
    CAN_ClearFlag                            0x08004ac3   Thumb Code    52  stm32f4xx_can.o(.text)
    CAN_GetITStatus                          0x08004b09   Thumb Code   310  stm32f4xx_can.o(.text)
    CAN_ClearITPendingBit                    0x08004c3f   Thumb Code   162  stm32f4xx_can.o(.text)
    DMA_DeInit                               0x08004ce5   Thumb Code   324  stm32f4xx_dma.o(.text)
    DMA_Init                                 0x08004e29   Thumb Code    82  stm32f4xx_dma.o(.text)
    DMA_StructInit                           0x08004e7b   Thumb Code    34  stm32f4xx_dma.o(.text)
    DMA_Cmd                                  0x08004e9d   Thumb Code    22  stm32f4xx_dma.o(.text)
    DMA_PeriphIncOffsetSizeConfig            0x08004eb3   Thumb Code    22  stm32f4xx_dma.o(.text)
    DMA_FlowControllerConfig                 0x08004ec9   Thumb Code    22  stm32f4xx_dma.o(.text)
    DMA_SetCurrDataCounter                   0x08004edf   Thumb Code     4  stm32f4xx_dma.o(.text)
    DMA_GetCurrDataCounter                   0x08004ee3   Thumb Code     8  stm32f4xx_dma.o(.text)
    DMA_DoubleBufferModeConfig               0x08004eeb   Thumb Code    24  stm32f4xx_dma.o(.text)
    DMA_DoubleBufferModeCmd                  0x08004f03   Thumb Code    22  stm32f4xx_dma.o(.text)
    DMA_MemoryTargetConfig                   0x08004f19   Thumb Code    10  stm32f4xx_dma.o(.text)
    DMA_GetCurrentMemoryTarget               0x08004f23   Thumb Code    20  stm32f4xx_dma.o(.text)
    DMA_GetCmdStatus                         0x08004f37   Thumb Code    20  stm32f4xx_dma.o(.text)
    DMA_GetFIFOStatus                        0x08004f4b   Thumb Code    12  stm32f4xx_dma.o(.text)
    DMA_GetFlagStatus                        0x08004f57   Thumb Code    56  stm32f4xx_dma.o(.text)
    DMA_ClearFlag                            0x08004f8f   Thumb Code    40  stm32f4xx_dma.o(.text)
    DMA_ITConfig                             0x08004fb7   Thumb Code    58  stm32f4xx_dma.o(.text)
    DMA_GetITStatus                          0x08004ff1   Thumb Code    84  stm32f4xx_dma.o(.text)
    DMA_ClearITPendingBit                    0x08005045   Thumb Code    40  stm32f4xx_dma.o(.text)
    EXTI_DeInit                              0x0800508d   Thumb Code    28  stm32f4xx_exti.o(.text)
    EXTI_Init                                0x080050a9   Thumb Code   142  stm32f4xx_exti.o(.text)
    EXTI_StructInit                          0x08005137   Thumb Code    16  stm32f4xx_exti.o(.text)
    EXTI_GenerateSWInterrupt                 0x08005147   Thumb Code    16  stm32f4xx_exti.o(.text)
    EXTI_GetFlagStatus                       0x08005157   Thumb Code    22  stm32f4xx_exti.o(.text)
    EXTI_ClearFlag                           0x0800516d   Thumb Code     8  stm32f4xx_exti.o(.text)
    EXTI_GetITStatus                         0x08005175   Thumb Code    22  stm32f4xx_exti.o(.text)
    EXTI_ClearITPendingBit                   0x0800518b   Thumb Code     8  stm32f4xx_exti.o(.text)
    GPIO_DeInit                              0x0800519d   Thumb Code   268  stm32f4xx_gpio.o(.text)
    GPIO_Init                                0x080052a9   Thumb Code   144  stm32f4xx_gpio.o(.text)
    GPIO_StructInit                          0x08005339   Thumb Code    18  stm32f4xx_gpio.o(.text)
    GPIO_PinLockConfig                       0x0800534b   Thumb Code    34  stm32f4xx_gpio.o(.text)
    GPIO_ReadInputDataBit                    0x0800536d   Thumb Code    18  stm32f4xx_gpio.o(.text)
    GPIO_ReadInputData                       0x0800537f   Thumb Code     8  stm32f4xx_gpio.o(.text)
    GPIO_ReadOutputDataBit                   0x08005387   Thumb Code    18  stm32f4xx_gpio.o(.text)
    GPIO_ReadOutputData                      0x08005399   Thumb Code     8  stm32f4xx_gpio.o(.text)
    GPIO_SetBits                             0x080053a1   Thumb Code     4  stm32f4xx_gpio.o(.text)
    GPIO_ResetBits                           0x080053a5   Thumb Code     4  stm32f4xx_gpio.o(.text)
    GPIO_WriteBit                            0x080053a9   Thumb Code    10  stm32f4xx_gpio.o(.text)
    GPIO_Write                               0x080053b3   Thumb Code     4  stm32f4xx_gpio.o(.text)
    GPIO_ToggleBits                          0x080053b7   Thumb Code     8  stm32f4xx_gpio.o(.text)
    GPIO_PinAFConfig                         0x080053bf   Thumb Code    70  stm32f4xx_gpio.o(.text)
    RCC_DeInit                               0x08005431   Thumb Code    82  stm32f4xx_rcc.o(.text)
    RCC_HSEConfig                            0x08005483   Thumb Code    14  stm32f4xx_rcc.o(.text)
    RCC_GetFlagStatus                        0x08005491   Thumb Code    60  stm32f4xx_rcc.o(.text)
    RCC_WaitForHSEStartUp                    0x080054cd   Thumb Code    56  stm32f4xx_rcc.o(.text)
    RCC_AdjustHSICalibrationValue            0x08005505   Thumb Code    20  stm32f4xx_rcc.o(.text)
    RCC_HSICmd                               0x08005519   Thumb Code     6  stm32f4xx_rcc.o(.text)
    RCC_LSEConfig                            0x0800551f   Thumb Code    46  stm32f4xx_rcc.o(.text)
    RCC_LSICmd                               0x0800554d   Thumb Code     6  stm32f4xx_rcc.o(.text)
    RCC_PLLConfig                            0x08005553   Thumb Code    32  stm32f4xx_rcc.o(.text)
    RCC_PLLCmd                               0x08005573   Thumb Code     6  stm32f4xx_rcc.o(.text)
    RCC_PLLI2SConfig                         0x08005579   Thumb Code    20  stm32f4xx_rcc.o(.text)
    RCC_PLLI2SCmd                            0x0800558d   Thumb Code     6  stm32f4xx_rcc.o(.text)
    RCC_PLLSAIConfig                         0x08005593   Thumb Code    20  stm32f4xx_rcc.o(.text)
    RCC_PLLSAICmd                            0x080055a7   Thumb Code     6  stm32f4xx_rcc.o(.text)
    RCC_ClockSecuritySystemCmd               0x080055ad   Thumb Code     6  stm32f4xx_rcc.o(.text)
    RCC_MCO1Config                           0x080055b3   Thumb Code    28  stm32f4xx_rcc.o(.text)
    RCC_MCO2Config                           0x080055cf   Thumb Code    28  stm32f4xx_rcc.o(.text)
    RCC_SYSCLKConfig                         0x080055eb   Thumb Code    20  stm32f4xx_rcc.o(.text)
    RCC_GetSYSCLKSource                      0x080055ff   Thumb Code    12  stm32f4xx_rcc.o(.text)
    RCC_HCLKConfig                           0x0800560b   Thumb Code    20  stm32f4xx_rcc.o(.text)
    RCC_PCLK1Config                          0x0800561f   Thumb Code    20  stm32f4xx_rcc.o(.text)
    RCC_PCLK2Config                          0x08005633   Thumb Code    22  stm32f4xx_rcc.o(.text)
    RCC_GetClocksFreq                        0x08005649   Thumb Code   222  stm32f4xx_rcc.o(.text)
    RCC_RTCCLKConfig                         0x08005727   Thumb Code    54  stm32f4xx_rcc.o(.text)
    RCC_RTCCLKCmd                            0x0800575d   Thumb Code     8  stm32f4xx_rcc.o(.text)
    RCC_BackupResetCmd                       0x08005765   Thumb Code     8  stm32f4xx_rcc.o(.text)
    RCC_I2SCLKConfig                         0x0800576d   Thumb Code     6  stm32f4xx_rcc.o(.text)
    RCC_SAIPLLI2SClkDivConfig                0x08005773   Thumb Code    26  stm32f4xx_rcc.o(.text)
    RCC_SAIPLLSAIClkDivConfig                0x0800578d   Thumb Code    28  stm32f4xx_rcc.o(.text)
    RCC_SAIBlockACLKConfig                   0x080057a9   Thumb Code    20  stm32f4xx_rcc.o(.text)
    RCC_SAIBlockBCLKConfig                   0x080057bd   Thumb Code    20  stm32f4xx_rcc.o(.text)
    RCC_LTDCCLKDivConfig                     0x080057d1   Thumb Code    20  stm32f4xx_rcc.o(.text)
    RCC_TIMCLKPresConfig                     0x080057e5   Thumb Code     6  stm32f4xx_rcc.o(.text)
    RCC_AHB1PeriphClockCmd                   0x080057eb   Thumb Code    82  stm32f4xx_rcc.o(.text)
    RCC_AHB2PeriphClockCmd                   0x0800583d   Thumb Code    26  stm32f4xx_rcc.o(.text)
    RCC_AHB3PeriphClockCmd                   0x08005857   Thumb Code    34  stm32f4xx_rcc.o(.text)
    RCC_APB1PeriphClockCmd                   0x08005879   Thumb Code    34  stm32f4xx_rcc.o(.text)
    RCC_APB2PeriphClockCmd                   0x0800589b   Thumb Code    34  stm32f4xx_rcc.o(.text)
    RCC_AHB1PeriphResetCmd                   0x080058bd   Thumb Code    34  stm32f4xx_rcc.o(.text)
    RCC_AHB2PeriphResetCmd                   0x080058df   Thumb Code    34  stm32f4xx_rcc.o(.text)
    RCC_AHB3PeriphResetCmd                   0x08005901   Thumb Code    34  stm32f4xx_rcc.o(.text)
    RCC_APB1PeriphResetCmd                   0x08005923   Thumb Code    34  stm32f4xx_rcc.o(.text)
    RCC_APB2PeriphResetCmd                   0x08005945   Thumb Code    34  stm32f4xx_rcc.o(.text)
    RCC_AHB1PeriphClockLPModeCmd             0x08005967   Thumb Code    34  stm32f4xx_rcc.o(.text)
    RCC_AHB2PeriphClockLPModeCmd             0x08005989   Thumb Code    34  stm32f4xx_rcc.o(.text)
    RCC_AHB3PeriphClockLPModeCmd             0x080059ab   Thumb Code    34  stm32f4xx_rcc.o(.text)
    RCC_APB1PeriphClockLPModeCmd             0x080059cd   Thumb Code    34  stm32f4xx_rcc.o(.text)
    RCC_APB2PeriphClockLPModeCmd             0x080059ef   Thumb Code    34  stm32f4xx_rcc.o(.text)
    RCC_ITConfig                             0x08005a11   Thumb Code    34  stm32f4xx_rcc.o(.text)
    RCC_ClearFlag                            0x08005a33   Thumb Code    18  stm32f4xx_rcc.o(.text)
    RCC_GetITStatus                          0x08005a45   Thumb Code    22  stm32f4xx_rcc.o(.text)
    RCC_ClearITPendingBit                    0x08005a5b   Thumb Code     8  stm32f4xx_rcc.o(.text)
    SYSCFG_DeInit                            0x08005a69   Thumb Code    22  stm32f4xx_syscfg.o(.text)
    SYSCFG_MemoryRemapConfig                 0x08005a7f   Thumb Code     6  stm32f4xx_syscfg.o(.text)
    SYSCFG_MemorySwappingBank                0x08005a85   Thumb Code     6  stm32f4xx_syscfg.o(.text)
    SYSCFG_EXTILineConfig                    0x08005a8b   Thumb Code    66  stm32f4xx_syscfg.o(.text)
    SYSCFG_ETH_MediaInterfaceConfig          0x08005acd   Thumb Code     8  stm32f4xx_syscfg.o(.text)
    SYSCFG_CompensationCellCmd               0x08005ad5   Thumb Code     6  stm32f4xx_syscfg.o(.text)
    SYSCFG_GetCompensationCellStatus         0x08005adb   Thumb Code    22  stm32f4xx_syscfg.o(.text)
    TIM_DeInit                               0x08005afd   Thumb Code   346  stm32f4xx_tim.o(.text)
    TIM_TimeBaseInit                         0x08005c57   Thumb Code   104  stm32f4xx_tim.o(.text)
    TIM_TimeBaseStructInit                   0x08005cbf   Thumb Code    18  stm32f4xx_tim.o(.text)
    TIM_PrescalerConfig                      0x08005cd1   Thumb Code     6  stm32f4xx_tim.o(.text)
    TIM_CounterModeConfig                    0x08005cd7   Thumb Code    18  stm32f4xx_tim.o(.text)
    TIM_SetCounter                           0x08005ce9   Thumb Code     4  stm32f4xx_tim.o(.text)
    TIM_SetAutoreload                        0x08005ced   Thumb Code     4  stm32f4xx_tim.o(.text)
    TIM_GetCounter                           0x08005cf1   Thumb Code     6  stm32f4xx_tim.o(.text)
    TIM_GetPrescaler                         0x08005cf7   Thumb Code     6  stm32f4xx_tim.o(.text)
    TIM_UpdateDisableConfig                  0x08005cfd   Thumb Code    24  stm32f4xx_tim.o(.text)
    TIM_UpdateRequestConfig                  0x08005d15   Thumb Code    24  stm32f4xx_tim.o(.text)
    TIM_ARRPreloadConfig                     0x08005d2d   Thumb Code    24  stm32f4xx_tim.o(.text)
    TIM_SelectOnePulseMode                   0x08005d45   Thumb Code    18  stm32f4xx_tim.o(.text)
    TIM_SetClockDivision                     0x08005d57   Thumb Code    18  stm32f4xx_tim.o(.text)
    TIM_Cmd                                  0x08005d69   Thumb Code    24  stm32f4xx_tim.o(.text)
    TIM_OC1Init                              0x08005d81   Thumb Code   114  stm32f4xx_tim.o(.text)
    TIM_OC2Init                              0x08005df3   Thumb Code   154  stm32f4xx_tim.o(.text)
    TIM_OC3Init                              0x08005e8d   Thumb Code   204  stm32f4xx_tim.o(.text)
    TIM_OC4Init                              0x08005f59   Thumb Code   112  stm32f4xx_tim.o(.text)
    TIM_OCStructInit                         0x08005fc9   Thumb Code    20  stm32f4xx_tim.o(.text)
    TIM_SelectOCxM                           0x08005fdd   Thumb Code    86  stm32f4xx_tim.o(.text)
    TIM_SetCompare1                          0x08006033   Thumb Code     4  stm32f4xx_tim.o(.text)
    TIM_SetCompare2                          0x08006037   Thumb Code     4  stm32f4xx_tim.o(.text)
    TIM_SetCompare3                          0x0800603b   Thumb Code     4  stm32f4xx_tim.o(.text)
    TIM_SetCompare4                          0x0800603f   Thumb Code     4  stm32f4xx_tim.o(.text)
    TIM_ForcedOC1Config                      0x08006043   Thumb Code    18  stm32f4xx_tim.o(.text)
    TIM_ForcedOC2Config                      0x08006055   Thumb Code    26  stm32f4xx_tim.o(.text)
    TIM_ForcedOC3Config                      0x0800606f   Thumb Code    18  stm32f4xx_tim.o(.text)
    TIM_ForcedOC4Config                      0x08006081   Thumb Code    26  stm32f4xx_tim.o(.text)
    TIM_OC1PreloadConfig                     0x0800609b   Thumb Code    18  stm32f4xx_tim.o(.text)
    TIM_OC2PreloadConfig                     0x080060ad   Thumb Code    26  stm32f4xx_tim.o(.text)
    TIM_OC3PreloadConfig                     0x080060c7   Thumb Code    18  stm32f4xx_tim.o(.text)
    TIM_OC4PreloadConfig                     0x080060d9   Thumb Code    26  stm32f4xx_tim.o(.text)
    TIM_OC1FastConfig                        0x080060f3   Thumb Code    18  stm32f4xx_tim.o(.text)
    TIM_OC2FastConfig                        0x08006105   Thumb Code    26  stm32f4xx_tim.o(.text)
    TIM_OC3FastConfig                        0x0800611f   Thumb Code    18  stm32f4xx_tim.o(.text)
    TIM_OC4FastConfig                        0x08006131   Thumb Code    26  stm32f4xx_tim.o(.text)
    TIM_ClearOC1Ref                          0x0800614b   Thumb Code    18  stm32f4xx_tim.o(.text)
    TIM_ClearOC2Ref                          0x0800615d   Thumb Code    24  stm32f4xx_tim.o(.text)
    TIM_ClearOC3Ref                          0x08006175   Thumb Code    18  stm32f4xx_tim.o(.text)
    TIM_ClearOC4Ref                          0x08006187   Thumb Code    24  stm32f4xx_tim.o(.text)
    TIM_OC1PolarityConfig                    0x0800619f   Thumb Code    18  stm32f4xx_tim.o(.text)
    TIM_OC1NPolarityConfig                   0x080061b1   Thumb Code    18  stm32f4xx_tim.o(.text)
    TIM_OC2PolarityConfig                    0x080061c3   Thumb Code    26  stm32f4xx_tim.o(.text)
    TIM_OC2NPolarityConfig                   0x080061dd   Thumb Code    26  stm32f4xx_tim.o(.text)
    TIM_OC3PolarityConfig                    0x080061f7   Thumb Code    26  stm32f4xx_tim.o(.text)
    TIM_OC3NPolarityConfig                   0x08006211   Thumb Code    26  stm32f4xx_tim.o(.text)
    TIM_OC4PolarityConfig                    0x0800622b   Thumb Code    26  stm32f4xx_tim.o(.text)
    TIM_CCxCmd                               0x08006245   Thumb Code    30  stm32f4xx_tim.o(.text)
    TIM_CCxNCmd                              0x08006263   Thumb Code    30  stm32f4xx_tim.o(.text)
    TIM_SetIC4Prescaler                      0x08006281   Thumb Code    26  stm32f4xx_tim.o(.text)
    TIM_SetIC3Prescaler                      0x080062eb   Thumb Code    18  stm32f4xx_tim.o(.text)
    TIM_SetIC2Prescaler                      0x08006345   Thumb Code    26  stm32f4xx_tim.o(.text)
    TIM_SetIC1Prescaler                      0x080063b9   Thumb Code    18  stm32f4xx_tim.o(.text)
    TIM_ICInit                               0x08006405   Thumb Code   110  stm32f4xx_tim.o(.text)
    TIM_ICStructInit                         0x08006473   Thumb Code    18  stm32f4xx_tim.o(.text)
    TIM_PWMIConfig                           0x08006485   Thumb Code   124  stm32f4xx_tim.o(.text)
    TIM_GetCapture1                          0x08006501   Thumb Code     6  stm32f4xx_tim.o(.text)
    TIM_GetCapture2                          0x08006507   Thumb Code     6  stm32f4xx_tim.o(.text)
    TIM_GetCapture3                          0x0800650d   Thumb Code     6  stm32f4xx_tim.o(.text)
    TIM_GetCapture4                          0x08006513   Thumb Code     6  stm32f4xx_tim.o(.text)
    TIM_BDTRConfig                           0x08006519   Thumb Code    32  stm32f4xx_tim.o(.text)
    TIM_BDTRStructInit                       0x08006539   Thumb Code    18  stm32f4xx_tim.o(.text)
    TIM_CtrlPWMOutputs                       0x0800654b   Thumb Code    30  stm32f4xx_tim.o(.text)
    TIM_SelectCOM                            0x08006569   Thumb Code    24  stm32f4xx_tim.o(.text)
    TIM_CCPreloadControl                     0x08006581   Thumb Code    24  stm32f4xx_tim.o(.text)
    TIM_ITConfig                             0x08006599   Thumb Code    18  stm32f4xx_tim.o(.text)
    TIM_GenerateEvent                        0x080065ab   Thumb Code     4  stm32f4xx_tim.o(.text)
    TIM_GetFlagStatus                        0x080065af   Thumb Code    18  stm32f4xx_tim.o(.text)
    TIM_ClearFlag                            0x080065c1   Thumb Code     6  stm32f4xx_tim.o(.text)
    TIM_GetITStatus                          0x080065c7   Thumb Code    34  stm32f4xx_tim.o(.text)
    TIM_ClearITPendingBit                    0x080065e9   Thumb Code     6  stm32f4xx_tim.o(.text)
    TIM_DMAConfig                            0x080065ef   Thumb Code    10  stm32f4xx_tim.o(.text)
    TIM_DMACmd                               0x080065f9   Thumb Code    18  stm32f4xx_tim.o(.text)
    TIM_SelectCCDMA                          0x0800660b   Thumb Code    24  stm32f4xx_tim.o(.text)
    TIM_InternalClockConfig                  0x08006623   Thumb Code    12  stm32f4xx_tim.o(.text)
    TIM_SelectInputTrigger                   0x0800662f   Thumb Code    18  stm32f4xx_tim.o(.text)
    TIM_ITRxExternalClockConfig              0x08006641   Thumb Code    24  stm32f4xx_tim.o(.text)
    TIM_TIxExternalClockConfig               0x08006659   Thumb Code    62  stm32f4xx_tim.o(.text)
    TIM_ETRConfig                            0x08006697   Thumb Code    28  stm32f4xx_tim.o(.text)
    TIM_ETRClockMode1Config                  0x080066b3   Thumb Code    54  stm32f4xx_tim.o(.text)
    TIM_ETRClockMode2Config                  0x080066e9   Thumb Code    32  stm32f4xx_tim.o(.text)
    TIM_SelectOutputTrigger                  0x08006709   Thumb Code    18  stm32f4xx_tim.o(.text)
    TIM_SelectSlaveMode                      0x0800671b   Thumb Code    18  stm32f4xx_tim.o(.text)
    TIM_SelectMasterSlaveMode                0x0800672d   Thumb Code    18  stm32f4xx_tim.o(.text)
    TIM_EncoderInterfaceConfig               0x0800673f   Thumb Code    66  stm32f4xx_tim.o(.text)
    TIM_SelectHallSensor                     0x08006781   Thumb Code    24  stm32f4xx_tim.o(.text)
    TIM_RemapConfig                          0x08006799   Thumb Code     6  stm32f4xx_tim.o(.text)
    USART_DeInit                             0x080067a1   Thumb Code   206  stm32f4xx_usart.o(.text)
    USART_Init                               0x0800686f   Thumb Code   204  stm32f4xx_usart.o(.text)
    USART_StructInit                         0x0800693b   Thumb Code    24  stm32f4xx_usart.o(.text)
    USART_ClockInit                          0x08006953   Thumb Code    32  stm32f4xx_usart.o(.text)
    USART_ClockStructInit                    0x08006973   Thumb Code    12  stm32f4xx_usart.o(.text)
    USART_Cmd                                0x0800697f   Thumb Code    24  stm32f4xx_usart.o(.text)
    USART_SetPrescaler                       0x08006997   Thumb Code    16  stm32f4xx_usart.o(.text)
    USART_OverSampling8Cmd                   0x080069a7   Thumb Code    22  stm32f4xx_usart.o(.text)
    USART_OneBitMethodCmd                    0x080069bd   Thumb Code    24  stm32f4xx_usart.o(.text)
    USART_SendData                           0x080069d5   Thumb Code     8  stm32f4xx_usart.o(.text)
    USART_ReceiveData                        0x080069dd   Thumb Code    10  stm32f4xx_usart.o(.text)
    USART_SetAddress                         0x080069e7   Thumb Code    18  stm32f4xx_usart.o(.text)
    USART_ReceiverWakeUpCmd                  0x080069f9   Thumb Code    24  stm32f4xx_usart.o(.text)
    USART_WakeUpConfig                       0x08006a11   Thumb Code    18  stm32f4xx_usart.o(.text)
    USART_LINBreakDetectLengthConfig         0x08006a23   Thumb Code    18  stm32f4xx_usart.o(.text)
    USART_LINCmd                             0x08006a35   Thumb Code    24  stm32f4xx_usart.o(.text)
    USART_SendBreak                          0x08006a4d   Thumb Code    10  stm32f4xx_usart.o(.text)
    USART_HalfDuplexCmd                      0x08006a57   Thumb Code    24  stm32f4xx_usart.o(.text)
    USART_SetGuardTime                       0x08006a6f   Thumb Code    16  stm32f4xx_usart.o(.text)
    USART_SmartCardCmd                       0x08006a7f   Thumb Code    24  stm32f4xx_usart.o(.text)
    USART_SmartCardNACKCmd                   0x08006a97   Thumb Code    24  stm32f4xx_usart.o(.text)
    USART_IrDAConfig                         0x08006aaf   Thumb Code    18  stm32f4xx_usart.o(.text)
    USART_IrDACmd                            0x08006ac1   Thumb Code    24  stm32f4xx_usart.o(.text)
    USART_DMACmd                             0x08006ad9   Thumb Code    18  stm32f4xx_usart.o(.text)
    USART_ITConfig                           0x08006aeb   Thumb Code    74  stm32f4xx_usart.o(.text)
    USART_GetFlagStatus                      0x08006b35   Thumb Code    26  stm32f4xx_usart.o(.text)
    USART_ClearFlag                          0x08006b4f   Thumb Code    18  stm32f4xx_usart.o(.text)
    USART_GetITStatus                        0x08006b61   Thumb Code   118  stm32f4xx_usart.o(.text)
    USART_ClearITPendingBit                  0x08006bd7   Thumb Code    30  stm32f4xx_usart.o(.text)
    SystemInit                               0x08006cd1   Thumb Code    88  system_stm32f4xx.o(.text)
    SystemCoreClockUpdate                    0x08006d29   Thumb Code   174  system_stm32f4xx.o(.text)
    main                                     0x08006e05   Thumb Code   190  main.o(.text)
    NMI_Handler                              0x08006ec9   Thumb Code     2  stm32f4xx_it.o(.text)
    HardFault_Handler                        0x08006ecb   Thumb Code     4  stm32f4xx_it.o(.text)
    MemManage_Handler                        0x08006ecf   Thumb Code     4  stm32f4xx_it.o(.text)
    BusFault_Handler                         0x08006ed3   Thumb Code     4  stm32f4xx_it.o(.text)
    UsageFault_Handler                       0x08006ed7   Thumb Code     4  stm32f4xx_it.o(.text)
    SVC_Handler                              0x08006edb   Thumb Code     2  stm32f4xx_it.o(.text)
    DebugMon_Handler                         0x08006edd   Thumb Code     2  stm32f4xx_it.o(.text)
    PendSV_Handler                           0x08006edf   Thumb Code     2  stm32f4xx_it.o(.text)
    SysTick_Handler                          0x08006ee1   Thumb Code   192  stm32f4xx_it.o(.text)
    DMA1_Stream5_IRQHandler                  0x08006fa1   Thumb Code    22  stm32f4xx_it.o(.text)
    TIM3_IRQHandler                          0x08006fb7   Thumb Code     2  stm32f4xx_it.o(.text)
    delay_ms                                 0x08006fd5   Thumb Code    28  rmvariables.o(.text)
    RM_Init                                  0x08006ff1   Thumb Code    46  rmvariables.o(.text)
    RM_InterruptInit                         0x0800701f   Thumb Code    98  rmvariables.o(.text)
    Reset_Handler                            0x08007091   Thumb Code     8  startup_stm32f429_439xx.o(.text)
    ADC_IRQHandler                           0x080070ab   Thumb Code     0  startup_stm32f429_439xx.o(.text)
    CAN1_RX1_IRQHandler                      0x080070ab   Thumb Code     0  startup_stm32f429_439xx.o(.text)
    CAN1_SCE_IRQHandler                      0x080070ab   Thumb Code     0  startup_stm32f429_439xx.o(.text)
    CAN1_TX_IRQHandler                       0x080070ab   Thumb Code     0  startup_stm32f429_439xx.o(.text)
    CAN2_RX0_IRQHandler                      0x080070ab   Thumb Code     0  startup_stm32f429_439xx.o(.text)
    CAN2_RX1_IRQHandler                      0x080070ab   Thumb Code     0  startup_stm32f429_439xx.o(.text)
    CAN2_SCE_IRQHandler                      0x080070ab   Thumb Code     0  startup_stm32f429_439xx.o(.text)
    CAN2_TX_IRQHandler                       0x080070ab   Thumb Code     0  startup_stm32f429_439xx.o(.text)
    CRYP_IRQHandler                          0x080070ab   Thumb Code     0  startup_stm32f429_439xx.o(.text)
    DCMI_IRQHandler                          0x080070ab   Thumb Code     0  startup_stm32f429_439xx.o(.text)
    DMA1_Stream0_IRQHandler                  0x080070ab   Thumb Code     0  startup_stm32f429_439xx.o(.text)
    DMA1_Stream1_IRQHandler                  0x080070ab   Thumb Code     0  startup_stm32f429_439xx.o(.text)
    DMA1_Stream2_IRQHandler                  0x080070ab   Thumb Code     0  startup_stm32f429_439xx.o(.text)
    DMA1_Stream3_IRQHandler                  0x080070ab   Thumb Code     0  startup_stm32f429_439xx.o(.text)
    DMA1_Stream4_IRQHandler                  0x080070ab   Thumb Code     0  startup_stm32f429_439xx.o(.text)
    DMA1_Stream6_IRQHandler                  0x080070ab   Thumb Code     0  startup_stm32f429_439xx.o(.text)
    DMA1_Stream7_IRQHandler                  0x080070ab   Thumb Code     0  startup_stm32f429_439xx.o(.text)
    DMA2D_IRQHandler                         0x080070ab   Thumb Code     0  startup_stm32f429_439xx.o(.text)
    DMA2_Stream0_IRQHandler                  0x080070ab   Thumb Code     0  startup_stm32f429_439xx.o(.text)
    DMA2_Stream1_IRQHandler                  0x080070ab   Thumb Code     0  startup_stm32f429_439xx.o(.text)
    DMA2_Stream2_IRQHandler                  0x080070ab   Thumb Code     0  startup_stm32f429_439xx.o(.text)
    DMA2_Stream3_IRQHandler                  0x080070ab   Thumb Code     0  startup_stm32f429_439xx.o(.text)
    DMA2_Stream4_IRQHandler                  0x080070ab   Thumb Code     0  startup_stm32f429_439xx.o(.text)
    DMA2_Stream5_IRQHandler                  0x080070ab   Thumb Code     0  startup_stm32f429_439xx.o(.text)
    DMA2_Stream6_IRQHandler                  0x080070ab   Thumb Code     0  startup_stm32f429_439xx.o(.text)
    DMA2_Stream7_IRQHandler                  0x080070ab   Thumb Code     0  startup_stm32f429_439xx.o(.text)
    ETH_IRQHandler                           0x080070ab   Thumb Code     0  startup_stm32f429_439xx.o(.text)
    ETH_WKUP_IRQHandler                      0x080070ab   Thumb Code     0  startup_stm32f429_439xx.o(.text)
    EXTI0_IRQHandler                         0x080070ab   Thumb Code     0  startup_stm32f429_439xx.o(.text)
    EXTI15_10_IRQHandler                     0x080070ab   Thumb Code     0  startup_stm32f429_439xx.o(.text)
    EXTI1_IRQHandler                         0x080070ab   Thumb Code     0  startup_stm32f429_439xx.o(.text)
    EXTI2_IRQHandler                         0x080070ab   Thumb Code     0  startup_stm32f429_439xx.o(.text)
    EXTI3_IRQHandler                         0x080070ab   Thumb Code     0  startup_stm32f429_439xx.o(.text)
    EXTI4_IRQHandler                         0x080070ab   Thumb Code     0  startup_stm32f429_439xx.o(.text)
    FLASH_IRQHandler                         0x080070ab   Thumb Code     0  startup_stm32f429_439xx.o(.text)
    FMC_IRQHandler                           0x080070ab   Thumb Code     0  startup_stm32f429_439xx.o(.text)
    FPU_IRQHandler                           0x080070ab   Thumb Code     0  startup_stm32f429_439xx.o(.text)
    HASH_RNG_IRQHandler                      0x080070ab   Thumb Code     0  startup_stm32f429_439xx.o(.text)
    I2C1_ER_IRQHandler                       0x080070ab   Thumb Code     0  startup_stm32f429_439xx.o(.text)
    I2C1_EV_IRQHandler                       0x080070ab   Thumb Code     0  startup_stm32f429_439xx.o(.text)
    I2C2_ER_IRQHandler                       0x080070ab   Thumb Code     0  startup_stm32f429_439xx.o(.text)
    I2C2_EV_IRQHandler                       0x080070ab   Thumb Code     0  startup_stm32f429_439xx.o(.text)
    I2C3_ER_IRQHandler                       0x080070ab   Thumb Code     0  startup_stm32f429_439xx.o(.text)
    I2C3_EV_IRQHandler                       0x080070ab   Thumb Code     0  startup_stm32f429_439xx.o(.text)
    LTDC_ER_IRQHandler                       0x080070ab   Thumb Code     0  startup_stm32f429_439xx.o(.text)
    LTDC_IRQHandler                          0x080070ab   Thumb Code     0  startup_stm32f429_439xx.o(.text)
    OTG_FS_IRQHandler                        0x080070ab   Thumb Code     0  startup_stm32f429_439xx.o(.text)
    OTG_FS_WKUP_IRQHandler                   0x080070ab   Thumb Code     0  startup_stm32f429_439xx.o(.text)
    OTG_HS_EP1_IN_IRQHandler                 0x080070ab   Thumb Code     0  startup_stm32f429_439xx.o(.text)
    OTG_HS_EP1_OUT_IRQHandler                0x080070ab   Thumb Code     0  startup_stm32f429_439xx.o(.text)
    OTG_HS_IRQHandler                        0x080070ab   Thumb Code     0  startup_stm32f429_439xx.o(.text)
    OTG_HS_WKUP_IRQHandler                   0x080070ab   Thumb Code     0  startup_stm32f429_439xx.o(.text)
    PVD_IRQHandler                           0x080070ab   Thumb Code     0  startup_stm32f429_439xx.o(.text)
    RCC_IRQHandler                           0x080070ab   Thumb Code     0  startup_stm32f429_439xx.o(.text)
    RTC_Alarm_IRQHandler                     0x080070ab   Thumb Code     0  startup_stm32f429_439xx.o(.text)
    RTC_WKUP_IRQHandler                      0x080070ab   Thumb Code     0  startup_stm32f429_439xx.o(.text)
    SAI1_IRQHandler                          0x080070ab   Thumb Code     0  startup_stm32f429_439xx.o(.text)
    SDIO_IRQHandler                          0x080070ab   Thumb Code     0  startup_stm32f429_439xx.o(.text)
    SPI1_IRQHandler                          0x080070ab   Thumb Code     0  startup_stm32f429_439xx.o(.text)
    SPI2_IRQHandler                          0x080070ab   Thumb Code     0  startup_stm32f429_439xx.o(.text)
    SPI3_IRQHandler                          0x080070ab   Thumb Code     0  startup_stm32f429_439xx.o(.text)
    SPI4_IRQHandler                          0x080070ab   Thumb Code     0  startup_stm32f429_439xx.o(.text)
    SPI5_IRQHandler                          0x080070ab   Thumb Code     0  startup_stm32f429_439xx.o(.text)
    SPI6_IRQHandler                          0x080070ab   Thumb Code     0  startup_stm32f429_439xx.o(.text)
    TAMP_STAMP_IRQHandler                    0x080070ab   Thumb Code     0  startup_stm32f429_439xx.o(.text)
    TIM1_BRK_TIM9_IRQHandler                 0x080070ab   Thumb Code     0  startup_stm32f429_439xx.o(.text)
    TIM1_CC_IRQHandler                       0x080070ab   Thumb Code     0  startup_stm32f429_439xx.o(.text)
    TIM1_TRG_COM_TIM11_IRQHandler            0x080070ab   Thumb Code     0  startup_stm32f429_439xx.o(.text)
    TIM1_UP_TIM10_IRQHandler                 0x080070ab   Thumb Code     0  startup_stm32f429_439xx.o(.text)
    TIM2_IRQHandler                          0x080070ab   Thumb Code     0  startup_stm32f429_439xx.o(.text)
    TIM4_IRQHandler                          0x080070ab   Thumb Code     0  startup_stm32f429_439xx.o(.text)
    TIM5_IRQHandler                          0x080070ab   Thumb Code     0  startup_stm32f429_439xx.o(.text)
    TIM6_DAC_IRQHandler                      0x080070ab   Thumb Code     0  startup_stm32f429_439xx.o(.text)
    TIM7_IRQHandler                          0x080070ab   Thumb Code     0  startup_stm32f429_439xx.o(.text)
    TIM8_BRK_TIM12_IRQHandler                0x080070ab   Thumb Code     0  startup_stm32f429_439xx.o(.text)
    TIM8_CC_IRQHandler                       0x080070ab   Thumb Code     0  startup_stm32f429_439xx.o(.text)
    TIM8_TRG_COM_TIM14_IRQHandler            0x080070ab   Thumb Code     0  startup_stm32f429_439xx.o(.text)
    TIM8_UP_TIM13_IRQHandler                 0x080070ab   Thumb Code     0  startup_stm32f429_439xx.o(.text)
    UART4_IRQHandler                         0x080070ab   Thumb Code     0  startup_stm32f429_439xx.o(.text)
    UART5_IRQHandler                         0x080070ab   Thumb Code     0  startup_stm32f429_439xx.o(.text)
    UART7_IRQHandler                         0x080070ab   Thumb Code     0  startup_stm32f429_439xx.o(.text)
    UART8_IRQHandler                         0x080070ab   Thumb Code     0  startup_stm32f429_439xx.o(.text)
    USART1_IRQHandler                        0x080070ab   Thumb Code     0  startup_stm32f429_439xx.o(.text)
    USART2_IRQHandler                        0x080070ab   Thumb Code     0  startup_stm32f429_439xx.o(.text)
    USART6_IRQHandler                        0x080070ab   Thumb Code     0  startup_stm32f429_439xx.o(.text)
    WWDG_IRQHandler                          0x080070ab   Thumb Code     0  startup_stm32f429_439xx.o(.text)
    storeYunTaiParameters                    0x080070b5   Thumb Code    18  rmflash.o(.text)
    storeUserKeys                            0x080070c7   Thumb Code    16  rmflash.o(.text)
    readYunTaiParameters                     0x080070d7   Thumb Code    10  rmflash.o(.text)
    readKeyValueSettings                     0x080070e1   Thumb Code     6  rmflash.o(.text)
    MPU6050_Initialization                   0x080070e9   Thumb Code   228  mpu6050_driver.o(.text)
    MPU6050Second_Initialization             0x080071cd   Thumb Code   220  mpu6050_driver.o(.text)
    MPU6050_ReadData                         0x080072a9   Thumb Code   756  mpu6050_driver.o(.text)
    MPU6050_Gyro_calibration                 0x0800759d   Thumb Code   282  mpu6050_driver.o(.text)
    IIC_Delay                                0x080076e5   Thumb Code    26  mpu6050_i2c.o(.text)
    HEAT_Configuration                       0x080076ff   Thumb Code    50  mpu6050_i2c.o(.text)
    IIC_GPIO_Init                            0x08007731   Thumb Code    42  mpu6050_i2c.o(.text)
    IIC_SDA_Out                              0x0800775b   Thumb Code    32  mpu6050_i2c.o(.text)
    IIC_SDA_In                               0x0800777b   Thumb Code    36  mpu6050_i2c.o(.text)
    IIC_Start                                0x0800779f   Thumb Code    52  mpu6050_i2c.o(.text)
    IIC_Stop                                 0x080077d3   Thumb Code    52  mpu6050_i2c.o(.text)
    IIC_Ack                                  0x08007807   Thumb Code    58  mpu6050_i2c.o(.text)
    IIC_WaitAck                              0x08007841   Thumb Code    86  mpu6050_i2c.o(.text)
    IIC_WriteBit                             0x08007897   Thumb Code    86  mpu6050_i2c.o(.text)
    IIC_ReadBit                              0x080078ed   Thumb Code    78  mpu6050_i2c.o(.text)
    IIC_WriteData                            0x0800793b   Thumb Code    92  mpu6050_i2c.o(.text)
    IIC_ReadData                             0x08007997   Thumb Code   146  mpu6050_i2c.o(.text)
    MPU6050_Interrupt_Configuration          0x08007a81   Thumb Code   184  mpu6050_interrupt.o(.text)
    EXTI9_5_IRQHandler                       0x08007b39   Thumb Code    30  mpu6050_interrupt.o(.text)
    __aeabi_dadd                             0x08007b69   Thumb Code   322  dadd.o(.text)
    __aeabi_dsub                             0x08007cab   Thumb Code     6  dadd.o(.text)
    __aeabi_drsub                            0x08007cb1   Thumb Code     6  dadd.o(.text)
    __aeabi_dmul                             0x08007cb7   Thumb Code   228  dmul.o(.text)
    __aeabi_ddiv                             0x08007d9b   Thumb Code   222  ddiv.o(.text)
    __aeabi_i2d                              0x08007e79   Thumb Code    34  dflti.o(.text)
    __aeabi_ui2d                             0x08007e9b   Thumb Code    26  dfltui.o(.text)
    __aeabi_d2iz                             0x08007eb5   Thumb Code    62  dfixi.o(.text)
    __aeabi_d2uiz                            0x08007ef3   Thumb Code    50  dfixui.o(.text)
    __aeabi_f2d                              0x08007f25   Thumb Code    38  f2d.o(.text)
    __aeabi_cdcmpeq                          0x08007f4d   Thumb Code     0  cdcmple.o(.text)
    __aeabi_cdcmple                          0x08007f4d   Thumb Code    48  cdcmple.o(.text)
    __aeabi_cdrcmple                         0x08007f7d   Thumb Code    48  cdrcmple.o(.text)
    __aeabi_d2f                              0x08007fad   Thumb Code    56  d2f.o(.text)
    __aeabi_uidiv                            0x08007fe5   Thumb Code     0  uidiv.o(.text)
    __aeabi_uidivmod                         0x08007fe5   Thumb Code    44  uidiv.o(.text)
    __aeabi_uldivmod                         0x08008011   Thumb Code    98  uldiv.o(.text)
    __aeabi_llsl                             0x08008073   Thumb Code    30  llshl.o(.text)
    _ll_shift_l                              0x08008073   Thumb Code     0  llshl.o(.text)
    __aeabi_llsr                             0x08008091   Thumb Code    32  llushr.o(.text)
    _ll_ushift_r                             0x08008091   Thumb Code     0  llushr.o(.text)
    __aeabi_lasr                             0x080080b1   Thumb Code    36  llsshr.o(.text)
    _ll_sshift_r                             0x080080b1   Thumb Code     0  llsshr.o(.text)
    __I$use$fp                               0x080080d5   Thumb Code     0  iusefp.o(.text)
    _float_round                             0x080080d5   Thumb Code    18  fepilogue.o(.text)
    _float_epilogue                          0x080080e7   Thumb Code    92  fepilogue.o(.text)
    _double_round                            0x08008143   Thumb Code    30  depilogue.o(.text)
    _double_epilogue                         0x08008161   Thumb Code   156  depilogue.o(.text)
    __aeabi_d2ulz                            0x080081fd   Thumb Code    48  dfixul.o(.text)
    __scatterload                            0x0800822d   Thumb Code    28  init.o(.text)
    __scatterload_rt2                        0x0800822d   Thumb Code     0  init.o(.text)
    __decompress                             0x08008251   Thumb Code     0  __dczerorl2.o(.text)
    __decompress1                            0x08008251   Thumb Code    86  __dczerorl2.o(.text)
    __0printf                                0x080082a9   Thumb Code    22  printfa.o(i.__0printf)
    __1printf                                0x080082a9   Thumb Code     0  printfa.o(i.__0printf)
    __2printf                                0x080082a9   Thumb Code     0  printfa.o(i.__0printf)
    __c89printf                              0x080082a9   Thumb Code     0  printfa.o(i.__0printf)
    printf                                   0x080082a9   Thumb Code     0  printfa.o(i.__0printf)
    __ARM_fpclassify                         0x080082c9   Thumb Code    48  fpclassify.o(i.__ARM_fpclassify)
    __hardfp_sqrtf                           0x080082f9   Thumb Code    58  sqrtf.o(i.__hardfp_sqrtf)
    __hardfp_tan                             0x08008339   Thumb Code   108  tan.o(i.__hardfp_tan)
    __ieee754_rem_pio2                       0x080083b9   Thumb Code   938  rred.o(i.__ieee754_rem_pio2)
    __kernel_poly                            0x080087f1   Thumb Code   248  poly.o(i.__kernel_poly)
    __kernel_tan                             0x080088e9   Thumb Code   764  tan_i.o(i.__kernel_tan)
    __mathlib_dbl_infnan                     0x08008c39   Thumb Code    20  dunder.o(i.__mathlib_dbl_infnan)
    __mathlib_dbl_invalid                    0x08008c51   Thumb Code    24  dunder.o(i.__mathlib_dbl_invalid)
    __mathlib_dbl_underflow                  0x08008c71   Thumb Code    24  dunder.o(i.__mathlib_dbl_underflow)
    __scatterload_copy                       0x08008c91   Thumb Code    14  handlers.o(i.__scatterload_copy)
    __scatterload_null                       0x08008c9f   Thumb Code     2  handlers.o(i.__scatterload_null)
    __scatterload_zeroinit                   0x08008ca1   Thumb Code    14  handlers.o(i.__scatterload_zeroinit)
    __set_errno                              0x08008cb1   Thumb Code     6  errno.o(i.__set_errno)
    fabs                                     0x0800954f   Thumb Code    24  fabs.o(i.fabs)
    Region$$Table$$Base                      0x08009690   Number         0  anon$$obj.o(Region$$Table)
    Region$$Table$$Limit                     0x080096b0   Number         0  anon$$obj.o(Region$$Table)
    current_203                              0x200000f4   Data           2  can.o(.data)
    current_position_201                     0x200000f6   Data           2  can.o(.data)
    current_position_203                     0x200000fc   Data           4  can.o(.data)
    can_irq_count                            0x20000100   Data           4  can.o(.data)
    StepperArray                             0x20000104   Data           8  stepper.o(.data)
    RxCnt                                    0x2000010c   Data           1  usart3.o(.data)
    SystemCoreClock                          0x20000130   Data           4  system_stm32f4xx.o(.data)
    AHBPrescTable                            0x20000134   Data          16  system_stm32f4xx.o(.data)
    isSpeedUp                                0x20000148   Data           1  rmvariables.o(.data)
    isStopping                               0x20000149   Data           1  rmvariables.o(.data)
    isfbSpeedModify                          0x2000014a   Data           1  rmvariables.o(.data)
    islrSpeedModify                          0x2000014b   Data           1  rmvariables.o(.data)
    encoder_cnt                              0x2000014c   Data           8  rmvariables.o(.data)
    fbSpeedRatio                             0x20000158   Data           8  rmvariables.o(.data)
    lrSpeedRatio                             0x20000160   Data           8  rmvariables.o(.data)
    gyroADC_X_offset                         0x20000168   Data           4  mpu6050_driver.o(.data)
    gyroADC_Y_offset                         0x2000016c   Data           4  mpu6050_driver.o(.data)
    gyroADC_Z_offset                         0x20000170   Data           4  mpu6050_driver.o(.data)
    __stdout                                 0x20000174   Data           4  stdout.o(.data)
    RxBuf                                    0x2000031c   Data          10  usart3.o(.bss)
    me                                       0x20000330   Data         288  rmvariables.o(.bss)
    MPU6050_Raw_Data                         0x20000450   Data          14  rmvariables.o(.bss)
    MPU6050_Real_Data                        0x20000460   Data          28  rmvariables.o(.bss)
    __initial_sp                             0x20000880   Data           0  startup_stm32f429_439xx.o(STACK)



==============================================================================

Memory Map of the image

  Image Entry point : 0x080001ad

  Load Region LR_IROM1 (Base: 0x08000000, Size: 0x0000982c, Max: 0x00200000, ABSOLUTE, COMPRESSED[0x000096f0])

    Execution Region ER_IROM1 (Base: 0x08000000, Size: 0x000096b0, Max: 0x00200000, ABSOLUTE)

    Base Addr    Size         Type   Attr      Idx    E Section Name        Object

    0x08000000   0x000001ac   Data   RO          869    RESET               startup_stm32f429_439xx.o
    0x080001ac   0x00000000   Code   RO         1063  * .ARM.Collect$$$$00000000  mc_w.l(entry.o)
    0x080001ac   0x00000004   Code   RO         1401    .ARM.Collect$$$$00000001  mc_w.l(entry2.o)
    0x080001b0   0x00000004   Code   RO         1404    .ARM.Collect$$$$00000004  mc_w.l(entry5.o)
    0x080001b4   0x00000000   Code   RO         1406    .ARM.Collect$$$$00000008  mc_w.l(entry7b.o)
    0x080001b4   0x00000000   Code   RO         1408    .ARM.Collect$$$$0000000A  mc_w.l(entry8b.o)
    0x080001b4   0x00000008   Code   RO         1409    .ARM.Collect$$$$0000000B  mc_w.l(entry9a.o)
    0x080001bc   0x00000000   Code   RO         1411    .ARM.Collect$$$$0000000D  mc_w.l(entry10a.o)
    0x080001bc   0x00000000   Code   RO         1413    .ARM.Collect$$$$0000000F  mc_w.l(entry11a.o)
    0x080001bc   0x00000004   Code   RO         1402    .ARM.Collect$$$$00002712  mc_w.l(entry2.o)
    0x080001c0   0x0000034c   Code   RO            3    .text               batholithtimer.o
    0x0800050c   0x00000f50   Code   RO          183    .text               motorengine.o
    0x0800145c   0x00000d44   Code   RO          216    .text               remotecontroller.o
    0x080021a0   0x000002c4   Code   RO          242    .text               encoder.o
    0x08002464   0x00000ab4   Code   RO          265    .text               app.o
    0x08002f18   0x00000684   Code   RO          291    .text               can.o
    0x0800359c   0x00000054   Code   RO          319    .text               stepper.o
    0x080035f0   0x00000184   Code   RO          345    .text               brushlessmotor.o
    0x08003774   0x00000408   Code   RO          368    .text               usart3.o
    0x08003b7c   0x00000698   Code   RO          395    .text               stm32f4xx_flash_1.o
    0x08004214   0x000000e0   Code   RO          415    .text               misc.o
    0x080042f4   0x000009f0   Code   RO          455    .text               stm32f4xx_can.o
    0x08004ce4   0x000003a8   Code   RO          495    .text               stm32f4xx_dma.o
    0x0800508c   0x00000110   Code   RO          535    .text               stm32f4xx_exti.o
    0x0800519c   0x00000294   Code   RO          555    .text               stm32f4xx_gpio.o
    0x08005430   0x00000638   Code   RO          615    .text               stm32f4xx_rcc.o
    0x08005a68   0x00000094   Code   RO          657    .text               stm32f4xx_syscfg.o
    0x08005afc   0x00000ca2   Code   RO          677    .text               stm32f4xx_tim.o
    0x0800679e   0x00000002   PAD
    0x080067a0   0x00000454   Code   RO          697    .text               stm32f4xx_usart.o
    0x08006bf4   0x00000210   Code   RO          760    .text               system_stm32f4xx.o
    0x08006e04   0x000000c4   Code   RO          786    .text               main.o
    0x08006ec8   0x0000010c   Code   RO          813    .text               stm32f4xx_it.o
    0x08006fd4   0x000000bc   Code   RO          838    .text               rmvariables.o
    0x08007090   0x00000024   Code   RO          870    .text               startup_stm32f429_439xx.o
    0x080070b4   0x00000032   Code   RO          876    .text               rmflash.o
    0x080070e6   0x00000002   PAD
    0x080070e8   0x000005fc   Code   RO          899    .text               mpu6050_driver.o
    0x080076e4   0x0000039c   Code   RO          929    .text               mpu6050_i2c.o
    0x08007a80   0x000000e8   Code   RO          952    .text               mpu6050_interrupt.o
    0x08007b68   0x0000014e   Code   RO         1327    .text               mf_w.l(dadd.o)
    0x08007cb6   0x000000e4   Code   RO         1329    .text               mf_w.l(dmul.o)
    0x08007d9a   0x000000de   Code   RO         1331    .text               mf_w.l(ddiv.o)
    0x08007e78   0x00000022   Code   RO         1335    .text               mf_w.l(dflti.o)
    0x08007e9a   0x0000001a   Code   RO         1337    .text               mf_w.l(dfltui.o)
    0x08007eb4   0x0000003e   Code   RO         1339    .text               mf_w.l(dfixi.o)
    0x08007ef2   0x00000032   Code   RO         1341    .text               mf_w.l(dfixui.o)
    0x08007f24   0x00000026   Code   RO         1343    .text               mf_w.l(f2d.o)
    0x08007f4a   0x00000002   PAD
    0x08007f4c   0x00000030   Code   RO         1345    .text               mf_w.l(cdcmple.o)
    0x08007f7c   0x00000030   Code   RO         1347    .text               mf_w.l(cdrcmple.o)
    0x08007fac   0x00000038   Code   RO         1349    .text               mf_w.l(d2f.o)
    0x08007fe4   0x0000002c   Code   RO         1416    .text               mc_w.l(uidiv.o)
    0x08008010   0x00000062   Code   RO         1418    .text               mc_w.l(uldiv.o)
    0x08008072   0x0000001e   Code   RO         1420    .text               mc_w.l(llshl.o)
    0x08008090   0x00000020   Code   RO         1422    .text               mc_w.l(llushr.o)
    0x080080b0   0x00000024   Code   RO         1424    .text               mc_w.l(llsshr.o)
    0x080080d4   0x00000000   Code   RO         1433    .text               mc_w.l(iusefp.o)
    0x080080d4   0x0000006e   Code   RO         1434    .text               mf_w.l(fepilogue.o)
    0x08008142   0x000000ba   Code   RO         1436    .text               mf_w.l(depilogue.o)
    0x080081fc   0x00000030   Code   RO         1440    .text               mf_w.l(dfixul.o)
    0x0800822c   0x00000024   Code   RO         1442    .text               mc_w.l(init.o)
    0x08008250   0x00000056   Code   RO         1452    .text               mc_w.l(__dczerorl2.o)
    0x080082a6   0x00000002   PAD
    0x080082a8   0x00000020   Code   RO         1299    i.__0printf         mc_w.l(printfa.o)
    0x080082c8   0x00000030   Code   RO         1385    i.__ARM_fpclassify  m_wm.l(fpclassify.o)
    0x080082f8   0x0000003a   Code   RO         1039    i.__hardfp_sqrtf    m_wm.l(sqrtf.o)
    0x08008332   0x00000006   PAD
    0x08008338   0x00000080   Code   RO         1051    i.__hardfp_tan      m_wm.l(tan.o)
    0x080083b8   0x00000438   Code   RO         1390    i.__ieee754_rem_pio2  m_wm.l(rred.o)
    0x080087f0   0x000000f8   Code   RO         1387    i.__kernel_poly     m_wm.l(poly.o)
    0x080088e8   0x00000350   Code   RO         1395    i.__kernel_tan      m_wm.l(tan_i.o)
    0x08008c38   0x00000014   Code   RO         1366    i.__mathlib_dbl_infnan  m_wm.l(dunder.o)
    0x08008c4c   0x00000004   PAD
    0x08008c50   0x00000020   Code   RO         1368    i.__mathlib_dbl_invalid  m_wm.l(dunder.o)
    0x08008c70   0x00000020   Code   RO         1371    i.__mathlib_dbl_underflow  m_wm.l(dunder.o)
    0x08008c90   0x0000000e   Code   RO         1446    i.__scatterload_copy  mc_w.l(handlers.o)
    0x08008c9e   0x00000002   Code   RO         1447    i.__scatterload_null  mc_w.l(handlers.o)
    0x08008ca0   0x0000000e   Code   RO         1448    i.__scatterload_zeroinit  mc_w.l(handlers.o)
    0x08008cae   0x00000002   PAD
    0x08008cb0   0x0000000c   Code   RO         1428    i.__set_errno       mc_w.l(errno.o)
    0x08008cbc   0x00000164   Code   RO         1306    i._fp_digits        mc_w.l(printfa.o)
    0x08008e20   0x000006dc   Code   RO         1307    i._printf_core      mc_w.l(printfa.o)
    0x080094fc   0x00000024   Code   RO         1308    i._printf_post_padding  mc_w.l(printfa.o)
    0x08009520   0x0000002e   Code   RO         1309    i._printf_pre_padding  mc_w.l(printfa.o)
    0x0800954e   0x00000018   Code   RO         1381    i.fabs              m_wm.l(fabs.o)
    0x08009566   0x00000002   PAD
    0x08009568   0x000000c8   Data   RO         1392    .constdata          m_wm.l(rred.o)
    0x08009630   0x00000060   Data   RO         1396    .constdata          m_wm.l(tan_i.o)
    0x08009690   0x00000020   Data   RO         1444    Region$$Table       anon$$obj.o


    Execution Region RW_IRAM1 (Base: 0x20000000, Size: 0x00000880, Max: 0x00020000, ABSOLUTE, COMPRESSED[0x00000040])

    Base Addr    Size         Type   Attr      Idx    E Section Name        Object

    0x20000000   0x00000008   Data   RW            4    .data               batholithtimer.o
    0x20000008   0x00000018   Data   RW          185    .data               motorengine.o
    0x20000020   0x00000030   Data   RW          218    .data               remotecontroller.o
    0x20000050   0x00000068   Data   RW          267    .data               app.o
    0x200000b8   0x0000004c   Data   RW          293    .data               can.o
    0x20000104   0x00000008   Data   RW          320    .data               stepper.o
    0x2000010c   0x00000014   Data   RW          370    .data               usart3.o
    0x20000120   0x00000010   Data   RW          616    .data               stm32f4xx_rcc.o
    0x20000130   0x00000014   Data   RW          761    .data               system_stm32f4xx.o
    0x20000144   0x00000003   Data   RW          814    .data               stm32f4xx_it.o
    0x20000147   0x00000001   PAD
    0x20000148   0x00000020   Data   RW          840    .data               rmvariables.o
    0x20000168   0x0000000c   Data   RW          900    .data               mpu6050_driver.o
    0x20000174   0x00000004   Data   RW         1415    .data               mc_w.l(stdout.o)
    0x20000178   0x00000004   Data   RW         1429    .data               mc_w.l(errno.o)
    0x2000017c   0x00000004   PAD
    0x20000180   0x000000a0   Zero   RW          184    .bss                motorengine.o
    0x20000220   0x00000088   Zero   RW          217    .bss                remotecontroller.o
    0x200002a8   0x00000060   Zero   RW          266    .bss                app.o
    0x20000308   0x00000014   Zero   RW          292    .bss                can.o
    0x2000031c   0x00000014   Zero   RW          369    .bss                usart3.o
    0x20000330   0x0000014c   Zero   RW          839    .bss                rmvariables.o
    0x2000047c   0x00000004   PAD
    0x20000480   0x00000400   Zero   RW          867    STACK               startup_stm32f429_439xx.o


==============================================================================

Image component sizes


      Code (inc. data)   RO Data    RW Data    ZI Data      Debug   Object Name

      2740        252          0        104         96       4783   app.o
       844         42          0          8          0     324705   batholithtimer.o
       388         32          0          0          0        965   brushlessmotor.o
      1668        172          0         76         20       3714   can.o
       708         36          0          0          0       2543   encoder.o
       196          6          0          0          0        599   main.o
       224         20          0          0          0       1901   misc.o
      3920        232          0         24        160       2912   motorengine.o
      1532        218          0         12          0       2209   mpu6050_driver.o
       924         88          0          0          0       3831   mpu6050_i2c.o
       232         18          0          0          0        873   mpu6050_interrupt.o
      3396        248          0         48        136       6282   remotecontroller.o
        50          0          0          0          0       1724   rmflash.o
       188         16          0         32        332      28410   rmvariables.o
        36          8        428          0       1024        868   startup_stm32f429_439xx.o
        84          8          0          8          0       1401   stepper.o
      2544         38          0          0          0       8048   stm32f4xx_can.o
       936         32          0          0          0       6369   stm32f4xx_dma.o
       272         10          0          0          0       2347   stm32f4xx_exti.o
      1688         24          0          0          0       9226   stm32f4xx_flash_1.o
       660         44          0          0          0       4173   stm32f4xx_gpio.o
       268         28          0          3          0       1890   stm32f4xx_it.o
      1592         54          0         16          0      12874   stm32f4xx_rcc.o
       148         12          0          0          0       1873   stm32f4xx_syscfg.o
      3234         60          0          0          0      22376   stm32f4xx_tim.o
      1108         34          0          0          0       7872   stm32f4xx_usart.o
       528         46          0         20          0       1907   system_stm32f4xx.o
      1032         84          0         20         20       3154   usart3.o

    ----------------------------------------------------------------------
     31144       1862        460        372       1792     469829   Object Totals
         0          0         32          0          0          0   (incl. Generated)
         4          0          0          1          4          0   (incl. Padding)

    ----------------------------------------------------------------------

      Code (inc. data)   RO Data    RW Data    ZI Data      Debug   Library Member Name

        84         16          0          0          0        372   dunder.o
        24          0          0          0          0        124   fabs.o
        48          0          0          0          0        124   fpclassify.o
       248          0          0          0          0        152   poly.o
      1080        142        200          0          0        188   rred.o
        58          0          0          0          0        136   sqrtf.o
       128         20          0          0          0        144   tan.o
       848         84         96          0          0        196   tan_i.o
        86          0          0          0          0          0   __dczerorl2.o
         0          0          0          0          0          0   entry.o
         0          0          0          0          0          0   entry10a.o
         0          0          0          0          0          0   entry11a.o
         8          4          0          0          0          0   entry2.o
         4          0          0          0          0          0   entry5.o
         0          0          0          0          0          0   entry7b.o
         0          0          0          0          0          0   entry8b.o
         8          4          0          0          0          0   entry9a.o
        12          6          0          4          0         68   errno.o
        30          0          0          0          0          0   handlers.o
        36          8          0          0          0         68   init.o
         0          0          0          0          0          0   iusefp.o
        30          0          0          0          0         68   llshl.o
        36          0          0          0          0         68   llsshr.o
        32          0          0          0          0         68   llushr.o
      2226         90          0          0          0        444   printfa.o
         0          0          0          4          0          0   stdout.o
        44          0          0          0          0         80   uidiv.o
        98          0          0          0          0         92   uldiv.o
        48          0          0          0          0         68   cdcmple.o
        48          0          0          0          0         68   cdrcmple.o
        56          0          0          0          0         88   d2f.o
       334          0          0          0          0        148   dadd.o
       222          0          0          0          0        100   ddiv.o
       186          0          0          0          0        176   depilogue.o
        62          0          0          0          0         80   dfixi.o
        50          0          0          0          0         76   dfixui.o
        48          0          0          0          0         68   dfixul.o
        34          0          0          0          0         76   dflti.o
        26          0          0          0          0         76   dfltui.o
       228          0          0          0          0         96   dmul.o
        38          0          0          0          0         68   f2d.o
       110          0          0          0          0        168   fepilogue.o

    ----------------------------------------------------------------------
      6676        374        296          8          4       3748   Library Totals
        18          0          0          0          4          0   (incl. Padding)

    ----------------------------------------------------------------------

      Code (inc. data)   RO Data    RW Data    ZI Data      Debug   Library Name

      2518        262        296          0          0       1436   m_wm.l
      2650        112          0          8          0        956   mc_w.l
      1490          0          0          0          0       1356   mf_w.l

    ----------------------------------------------------------------------
      6676        374        296          8          4       3748   Library Totals

    ----------------------------------------------------------------------

==============================================================================


      Code (inc. data)   RO Data    RW Data    ZI Data      Debug   

     37820       2236        756        380       1796     465765   Grand Totals
     37820       2236        756         64       1796     465765   ELF Image Totals (compressed)
     37820       2236        756         64          0          0   ROM Totals

==============================================================================

    Total RO  Size (Code + RO Data)                38576 (  37.67kB)
    Total RW  Size (RW Data + ZI Data)              2176 (   2.13kB)
    Total ROM Size (Code + RO Data + RW Data)      38640 (  37.73kB)

==============================================================================

